2025-11-22 14:31:00.080 xcodebuild[10075:4505898] [MT] DVTSDK: Skipped SDK /Applications/Xcode.app/Contents/Developer/Platforms/MacOSX.platform/Developer/SDKs/MacOSX10.7.sdk; its version (10.7) is below required minimum (14.0) for the macosx platform.
Command line invocation:
    /Applications/Xcode.app/Contents/Developer/usr/bin/xcodebuild test -scheme Hermes -destination platform=macOS "-only-testing:HermesTests/AudioBufferManagerTests"

2025-11-22 14:31:00.698 xcodebuild[10075:4505938]  DVTDeviceOperation: Encountered a build number "" that is incompatible with DVTBuildVersion.
2025-11-22 14:31:00.819 xcodebuild[10075:4505898] [MT] DVTDeviceOperation: Encountered a build number "" that is incompatible with DVTBuildVersion.
--- xcodebuild: WARNING: Using the first of multiple matching destinations:
{ platform:macOS, arch:arm64, id:00008103-001E249E2130801E, name:My Mac }
{ platform:macOS, arch:x86_64, id:00008103-001E249E2130801E, name:My Mac }
ComputePackagePrebuildTargetDependencyGraph

Prepare packages

CreateBuildRequest

SendProjectDescription

CreateBuildOperation

ComputeTargetDependencyGraph
note: Building targets in dependency order
note: Target dependency graph (2 targets)
    Target 'HermesTests' in project 'Hermes'
        ➜ Explicit dependency on target 'Hermes' in project 'Hermes'
    Target 'Hermes' in project 'Hermes' (no dependencies)

GatherProvisioningInputs

CreateBuildDescription

ExecuteExternalTool /Applications/Xcode.app/Contents/Developer/Toolchains/XcodeDefault.xctoolchain/usr/bin/clang -v -E -dM -isysroot /Applications/Xcode.app/Contents/Developer/Platforms/MacOSX.platform/Developer/SDKs/MacOSX15.5.sdk -x c -c /dev/null

ExecuteExternalTool /Applications/Xcode.app/Contents/Developer/Toolchains/XcodeDefault.xctoolchain/usr/bin/clang -v -E -dM -arch arm64 -isysroot /Applications/Xcode.app/Contents/Developer/Platforms/MacOSX.platform/Developer/SDKs/MacOSX15.5.sdk -x c -c /dev/null

ExecuteExternalTool /Applications/Xcode.app/Contents/Developer/usr/bin/ibtool --version --output-format xml1

ExecuteExternalTool /Applications/Xcode.app/Contents/Developer/Toolchains/XcodeDefault.xctoolchain/usr/bin/clang -v -E -dM -arch arm64 -isysroot /Applications/Xcode.app/Contents/Developer/Platforms/MacOSX.platform/Developer/SDKs/MacOSX15.5.sdk -x objective-c -c /dev/null

ExecuteExternalTool /Applications/Xcode.app/Contents/Developer/Toolchains/XcodeDefault.xctoolchain/usr/bin/swiftc --version

ExecuteExternalTool /Applications/Xcode.app/Contents/Developer/Toolchains/XcodeDefault.xctoolchain/usr/bin/ld -version_details

Build description signature: 54fe351353b0a086dc0dc32eeb9ce755
Build description path: /Users/user2/Library/Developer/Xcode/DerivedData/Hermes-gayrmdhfnqltfgffycgkcqztcdfv/Build/Intermediates.noindex/XCBuildData/54fe351353b0a086dc0dc32eeb9ce755.xcbuilddata
ClangStatCache /Applications/Xcode.app/Contents/Developer/Toolchains/XcodeDefault.xctoolchain/usr/bin/clang-stat-cache /Applications/Xcode.app/Contents/Developer/Platforms/MacOSX.platform/Developer/SDKs/MacOSX15.5.sdk /Users/user2/Library/Developer/Xcode/DerivedData/SDKStatCaches.noindex/macosx15.5-24F74-8254517eb8b97d462ccbc072ba9094c9.sdkstatcache
    cd /Users/user2/Downloads/PersonalProgAppsWorking/Hermes-master/Hermes.xcodeproj
    /Applications/Xcode.app/Contents/Developer/Toolchains/XcodeDefault.xctoolchain/usr/bin/clang-stat-cache /Applications/Xcode.app/Contents/Developer/Platforms/MacOSX.platform/Developer/SDKs/MacOSX15.5.sdk -o /Users/user2/Library/Developer/Xcode/DerivedData/SDKStatCaches.noindex/macosx15.5-24F74-8254517eb8b97d462ccbc072ba9094c9.sdkstatcache

WriteAuxiliaryFile /Users/user2/Library/Developer/Xcode/DerivedData/Hermes-gayrmdhfnqltfgffycgkcqztcdfv/Build/Intermediates.noindex/Hermes.build/Debug/HermesTests.build/Objects-normal/arm64/HermesTests.LinkFileList (in target 'HermesTests' from project 'Hermes')
    cd /Users/user2/Downloads/PersonalProgAppsWorking/Hermes-master
    write-file /Users/user2/Library/Developer/Xcode/DerivedData/Hermes-gayrmdhfnqltfgffycgkcqztcdfv/Build/Intermediates.noindex/Hermes.build/Debug/HermesTests.build/Objects-normal/arm64/HermesTests.LinkFileList

ProcessProductPackaging /Users/user2/Downloads/PersonalProgAppsWorking/Hermes-master/Hermes.entitlements /Users/user2/Library/Developer/Xcode/DerivedData/Hermes-gayrmdhfnqltfgffycgkcqztcdfv/Build/Intermediates.noindex/Hermes.build/Debug/Hermes.build/Hermes.app.xcent (in target 'Hermes' from project 'Hermes')
    cd /Users/user2/Downloads/PersonalProgAppsWorking/Hermes-master
    
    Entitlements:
    
    {
    "com.apple.security.accessibility" = 1;
    "com.apple.security.cs.allow-unsigned-executable-memory" = 1;
    "com.apple.security.get-task-allow" = 1;
    "com.apple.security.network.client" = 1;
}
    
    builtin-productPackagingUtility /Users/user2/Downloads/PersonalProgAppsWorking/Hermes-master/Hermes.entitlements -entitlements -format xml -o /Users/user2/Library/Developer/Xcode/DerivedData/Hermes-gayrmdhfnqltfgffycgkcqztcdfv/Build/Intermediates.noindex/Hermes.build/Debug/Hermes.build/Hermes.app.xcent

ProcessProductPackagingDER /Users/user2/Library/Developer/Xcode/DerivedData/Hermes-gayrmdhfnqltfgffycgkcqztcdfv/Build/Intermediates.noindex/Hermes.build/Debug/Hermes.build/Hermes.app.xcent /Users/user2/Library/Developer/Xcode/DerivedData/Hermes-gayrmdhfnqltfgffycgkcqztcdfv/Build/Intermediates.noindex/Hermes.build/Debug/Hermes.build/Hermes.app.xcent.der (in target 'Hermes' from project 'Hermes')
    cd /Users/user2/Downloads/PersonalProgAppsWorking/Hermes-master
    /usr/bin/derq query -f xml -i /Users/user2/Library/Developer/Xcode/DerivedData/Hermes-gayrmdhfnqltfgffycgkcqztcdfv/Build/Intermediates.noindex/Hermes.build/Debug/Hermes.build/Hermes.app.xcent -o /Users/user2/Library/Developer/Xcode/DerivedData/Hermes-gayrmdhfnqltfgffycgkcqztcdfv/Build/Intermediates.noindex/Hermes.build/Debug/Hermes.build/Hermes.app.xcent.der --raw

ScanDependencies /Users/user2/Library/Developer/Xcode/DerivedData/Hermes-gayrmdhfnqltfgffycgkcqztcdfv/Build/Intermediates.noindex/Hermes.build/Debug/HermesTests.build/Objects-normal/arm64/HermesTests-4fe116b4e77b276a743ec544112b608c.o /Users/user2/Downloads/PersonalProgAppsWorking/Hermes-master/HermesTests/HermesTests.m normal arm64 objective-c com.apple.compilers.llvm.clang.1_0.compiler (in target 'HermesTests' from project 'Hermes')
    cd /Users/user2/Downloads/PersonalProgAppsWorking/Hermes-master
    
    Using response file: /Users/user2/Library/Developer/Xcode/DerivedData/Hermes-gayrmdhfnqltfgffycgkcqztcdfv/Build/Intermediates.noindex/Hermes.build/Debug/HermesTests.build/Objects-normal/arm64/e6072d4f65d7061329687fe24e3d63a7-common-args.resp
    
    builtin-ScanDependencies -o /Users/user2/Library/Developer/Xcode/DerivedData/Hermes-gayrmdhfnqltfgffycgkcqztcdfv/Build/Intermediates.noindex/Hermes.build/Debug/HermesTests.build/Objects-normal/arm64/HermesTests-4fe116b4e77b276a743ec544112b608c.o.scan -- /Applications/Xcode.app/Contents/Developer/Toolchains/XcodeDefault.xctoolchain/usr/bin/clang -x objective-c -ivfsstatcache /Users/user2/Library/Developer/Xcode/DerivedData/SDKStatCaches.noindex/macosx15.5-24F74-8254517eb8b97d462ccbc072ba9094c9.sdkstatcache -fmessage-length\=0 -fdiagnostics-show-note-include-stack -fmacro-backtrace-limit\=0 -fno-color-diagnostics -fmodules-prune-interval\=86400 -fmodules-prune-after\=345600 -fbuild-session-file\=/Users/user2/Library/Developer/Xcode/DerivedData/ModuleCache.noindex/Session.modulevalidation -fmodules-validate-once-per-build-session -Wnon-modular-include-in-framework-module -Werror\=non-modular-include-in-framework-module -Wno-trigraphs -Werror -Wno-missing-field-initializers -Wno-missing-prototypes -Werror\=return-type -Wdocumentation -Wunreachable-code -Wquoted-include-in-framework-header -Wno-implicit-atomic-properties -Werror\=deprecated-objc-isa-usage -Wno-objc-interface-ivars -Werror\=objc-root-class -Wno-arc-repeated-use-of-weak -Wimplicit-retain-self -Wduplicate-method-match -Wno-missing-braces -Wparentheses -Wswitch -Wunused-function -Wno-unused-label -Wno-unused-parameter -Wunused-variable -Wunused-value -Wempty-body -Wuninitialized -Wconditional-uninitialized -Wno-unknown-pragmas -Wno-shadow -Wno-four-char-constants -Wno-conversion -Wconstant-conversion -Wint-conversion -Wbool-conversion -Wenum-conversion -Wno-float-conversion -Wnon-literal-null-conversion -Wobjc-literal-conversion -Wshorten-64-to-32 -Wpointer-sign -Wno-newline-eof -Wno-selector -Wno-strict-selector-match -Wundeclared-selector -Wdeprecated-implementations -Wno-implicit-fallthrough -fstrict-aliasing -Wprotocol -Wdeprecated-declarations -Wno-sign-conversion -Winfinite-recursion -Wcomma -Wblock-capture-autoreleasing -Wstrict-prototypes -Wno-semicolon-before-method-body -Wunguarded-availability -index-store-path /Users/user2/Library/Developer/Xcode/DerivedData/Hermes-gayrmdhfnqltfgffycgkcqztcdfv/Index.noindex/DataStore -Wall @/Users/user2/Library/Developer/Xcode/DerivedData/Hermes-gayrmdhfnqltfgffycgkcqztcdfv/Build/Intermediates.noindex/Hermes.build/Debug/HermesTests.build/Objects-normal/arm64/e6072d4f65d7061329687fe24e3d63a7-common-args.resp -MMD -MT dependencies -MF /Users/user2/Library/Developer/Xcode/DerivedData/Hermes-gayrmdhfnqltfgffycgkcqztcdfv/Build/Intermediates.noindex/Hermes.build/Debug/HermesTests.build/Objects-normal/arm64/HermesTests-4fe116b4e77b276a743ec544112b608c.d --serialize-diagnostics /Users/user2/Library/Developer/Xcode/DerivedData/Hermes-gayrmdhfnqltfgffycgkcqztcdfv/Build/Intermediates.noindex/Hermes.build/Debug/HermesTests.build/Objects-normal/arm64/HermesTests-4fe116b4e77b276a743ec544112b608c.dia -c /Users/user2/Downloads/PersonalProgAppsWorking/Hermes-master/HermesTests/HermesTests.m -o /Users/user2/Library/Developer/Xcode/DerivedData/Hermes-gayrmdhfnqltfgffycgkcqztcdfv/Build/Intermediates.noindex/Hermes.build/Debug/HermesTests.build/Objects-normal/arm64/HermesTests-4fe116b4e77b276a743ec544112b608c.o -index-unit-output-path /Hermes.build/Debug/HermesTests.build/Objects-normal/arm64/HermesTests-4fe116b4e77b276a743ec544112b608c.o

ScanDependencies /Users/user2/Library/Developer/Xcode/DerivedData/Hermes-gayrmdhfnqltfgffycgkcqztcdfv/Build/Intermediates.noindex/Hermes.build/Debug/HermesTests.build/Objects-normal/arm64/AudioBufferManagerTests.o /Users/user2/Downloads/PersonalProgAppsWorking/Hermes-master/HermesTests/AudioBufferManagerTests.m normal arm64 objective-c com.apple.compilers.llvm.clang.1_0.compiler (in target 'HermesTests' from project 'Hermes')
    cd /Users/user2/Downloads/PersonalProgAppsWorking/Hermes-master
    
    Using response file: /Users/user2/Library/Developer/Xcode/DerivedData/Hermes-gayrmdhfnqltfgffycgkcqztcdfv/Build/Intermediates.noindex/Hermes.build/Debug/HermesTests.build/Objects-normal/arm64/e6072d4f65d7061329687fe24e3d63a7-common-args.resp
    
    builtin-ScanDependencies -o /Users/user2/Library/Developer/Xcode/DerivedData/Hermes-gayrmdhfnqltfgffycgkcqztcdfv/Build/Intermediates.noindex/Hermes.build/Debug/HermesTests.build/Objects-normal/arm64/AudioBufferManagerTests.o.scan -- /Applications/Xcode.app/Contents/Developer/Toolchains/XcodeDefault.xctoolchain/usr/bin/clang -x objective-c -ivfsstatcache /Users/user2/Library/Developer/Xcode/DerivedData/SDKStatCaches.noindex/macosx15.5-24F74-8254517eb8b97d462ccbc072ba9094c9.sdkstatcache -fmessage-length\=0 -fdiagnostics-show-note-include-stack -fmacro-backtrace-limit\=0 -fno-color-diagnostics -fmodules-prune-interval\=86400 -fmodules-prune-after\=345600 -fbuild-session-file\=/Users/user2/Library/Developer/Xcode/DerivedData/ModuleCache.noindex/Session.modulevalidation -fmodules-validate-once-per-build-session -Wnon-modular-include-in-framework-module -Werror\=non-modular-include-in-framework-module -Wno-trigraphs -Werror -Wno-missing-field-initializers -Wno-missing-prototypes -Werror\=return-type -Wdocumentation -Wunreachable-code -Wquoted-include-in-framework-header -Wno-implicit-atomic-properties -Werror\=deprecated-objc-isa-usage -Wno-objc-interface-ivars -Werror\=objc-root-class -Wno-arc-repeated-use-of-weak -Wimplicit-retain-self -Wduplicate-method-match -Wno-missing-braces -Wparentheses -Wswitch -Wunused-function -Wno-unused-label -Wno-unused-parameter -Wunused-variable -Wunused-value -Wempty-body -Wuninitialized -Wconditional-uninitialized -Wno-unknown-pragmas -Wno-shadow -Wno-four-char-constants -Wno-conversion -Wconstant-conversion -Wint-conversion -Wbool-conversion -Wenum-conversion -Wno-float-conversion -Wnon-literal-null-conversion -Wobjc-literal-conversion -Wshorten-64-to-32 -Wpointer-sign -Wno-newline-eof -Wno-selector -Wno-strict-selector-match -Wundeclared-selector -Wdeprecated-implementations -Wno-implicit-fallthrough -fstrict-aliasing -Wprotocol -Wdeprecated-declarations -Wno-sign-conversion -Winfinite-recursion -Wcomma -Wblock-capture-autoreleasing -Wstrict-prototypes -Wno-semicolon-before-method-body -Wunguarded-availability -index-store-path /Users/user2/Library/Developer/Xcode/DerivedData/Hermes-gayrmdhfnqltfgffycgkcqztcdfv/Index.noindex/DataStore -Wall @/Users/user2/Library/Developer/Xcode/DerivedData/Hermes-gayrmdhfnqltfgffycgkcqztcdfv/Build/Intermediates.noindex/Hermes.build/Debug/HermesTests.build/Objects-normal/arm64/e6072d4f65d7061329687fe24e3d63a7-common-args.resp -MMD -MT dependencies -MF /Users/user2/Library/Developer/Xcode/DerivedData/Hermes-gayrmdhfnqltfgffycgkcqztcdfv/Build/Intermediates.noindex/Hermes.build/Debug/HermesTests.build/Objects-normal/arm64/AudioBufferManagerTests.d --serialize-diagnostics /Users/user2/Library/Developer/Xcode/DerivedData/Hermes-gayrmdhfnqltfgffycgkcqztcdfv/Build/Intermediates.noindex/Hermes.build/Debug/HermesTests.build/Objects-normal/arm64/AudioBufferManagerTests.dia -c /Users/user2/Downloads/PersonalProgAppsWorking/Hermes-master/HermesTests/AudioBufferManagerTests.m -o /Users/user2/Library/Developer/Xcode/DerivedData/Hermes-gayrmdhfnqltfgffycgkcqztcdfv/Build/Intermediates.noindex/Hermes.build/Debug/HermesTests.build/Objects-normal/arm64/AudioBufferManagerTests.o -index-unit-output-path /Hermes.build/Debug/HermesTests.build/Objects-normal/arm64/AudioBufferManagerTests.o

ScanDependencies /Users/user2/Library/Developer/Xcode/DerivedData/Hermes-gayrmdhfnqltfgffycgkcqztcdfv/Build/Intermediates.noindex/Hermes.build/Debug/HermesTests.build/Objects-normal/arm64/ImageLoaderTests.o /Users/user2/Downloads/PersonalProgAppsWorking/Hermes-master/HermesTests/ImageLoaderTests.m normal arm64 objective-c com.apple.compilers.llvm.clang.1_0.compiler (in target 'HermesTests' from project 'Hermes')
    cd /Users/user2/Downloads/PersonalProgAppsWorking/Hermes-master
    
    Using response file: /Users/user2/Library/Developer/Xcode/DerivedData/Hermes-gayrmdhfnqltfgffycgkcqztcdfv/Build/Intermediates.noindex/Hermes.build/Debug/HermesTests.build/Objects-normal/arm64/e6072d4f65d7061329687fe24e3d63a7-common-args.resp
    
    builtin-ScanDependencies -o /Users/user2/Library/Developer/Xcode/DerivedData/Hermes-gayrmdhfnqltfgffycgkcqztcdfv/Build/Intermediates.noindex/Hermes.build/Debug/HermesTests.build/Objects-normal/arm64/ImageLoaderTests.o.scan -- /Applications/Xcode.app/Contents/Developer/Toolchains/XcodeDefault.xctoolchain/usr/bin/clang -x objective-c -ivfsstatcache /Users/user2/Library/Developer/Xcode/DerivedData/SDKStatCaches.noindex/macosx15.5-24F74-8254517eb8b97d462ccbc072ba9094c9.sdkstatcache -fmessage-length\=0 -fdiagnostics-show-note-include-stack -fmacro-backtrace-limit\=0 -fno-color-diagnostics -fmodules-prune-interval\=86400 -fmodules-prune-after\=345600 -fbuild-session-file\=/Users/user2/Library/Developer/Xcode/DerivedData/ModuleCache.noindex/Session.modulevalidation -fmodules-validate-once-per-build-session -Wnon-modular-include-in-framework-module -Werror\=non-modular-include-in-framework-module -Wno-trigraphs -Werror -Wno-missing-field-initializers -Wno-missing-prototypes -Werror\=return-type -Wdocumentation -Wunreachable-code -Wquoted-include-in-framework-header -Wno-implicit-atomic-properties -Werror\=deprecated-objc-isa-usage -Wno-objc-interface-ivars -Werror\=objc-root-class -Wno-arc-repeated-use-of-weak -Wimplicit-retain-self -Wduplicate-method-match -Wno-missing-braces -Wparentheses -Wswitch -Wunused-function -Wno-unused-label -Wno-unused-parameter -Wunused-variable -Wunused-value -Wempty-body -Wuninitialized -Wconditional-uninitialized -Wno-unknown-pragmas -Wno-shadow -Wno-four-char-constants -Wno-conversion -Wconstant-conversion -Wint-conversion -Wbool-conversion -Wenum-conversion -Wno-float-conversion -Wnon-literal-null-conversion -Wobjc-literal-conversion -Wshorten-64-to-32 -Wpointer-sign -Wno-newline-eof -Wno-selector -Wno-strict-selector-match -Wundeclared-selector -Wdeprecated-implementations -Wno-implicit-fallthrough -fstrict-aliasing -Wprotocol -Wdeprecated-declarations -Wno-sign-conversion -Winfinite-recursion -Wcomma -Wblock-capture-autoreleasing -Wstrict-prototypes -Wno-semicolon-before-method-body -Wunguarded-availability -index-store-path /Users/user2/Library/Developer/Xcode/DerivedData/Hermes-gayrmdhfnqltfgffycgkcqztcdfv/Index.noindex/DataStore -Wall @/Users/user2/Library/Developer/Xcode/DerivedData/Hermes-gayrmdhfnqltfgffycgkcqztcdfv/Build/Intermediates.noindex/Hermes.build/Debug/HermesTests.build/Objects-normal/arm64/e6072d4f65d7061329687fe24e3d63a7-common-args.resp -MMD -MT dependencies -MF /Users/user2/Library/Developer/Xcode/DerivedData/Hermes-gayrmdhfnqltfgffycgkcqztcdfv/Build/Intermediates.noindex/Hermes.build/Debug/HermesTests.build/Objects-normal/arm64/ImageLoaderTests.d --serialize-diagnostics /Users/user2/Library/Developer/Xcode/DerivedData/Hermes-gayrmdhfnqltfgffycgkcqztcdfv/Build/Intermediates.noindex/Hermes.build/Debug/HermesTests.build/Objects-normal/arm64/ImageLoaderTests.dia -c /Users/user2/Downloads/PersonalProgAppsWorking/Hermes-master/HermesTests/ImageLoaderTests.m -o /Users/user2/Library/Developer/Xcode/DerivedData/Hermes-gayrmdhfnqltfgffycgkcqztcdfv/Build/Intermediates.noindex/Hermes.build/Debug/HermesTests.build/Objects-normal/arm64/ImageLoaderTests.o -index-unit-output-path /Hermes.build/Debug/HermesTests.build/Objects-normal/arm64/ImageLoaderTests.o

ScanDependencies /Users/user2/Library/Developer/Xcode/DerivedData/Hermes-gayrmdhfnqltfgffycgkcqztcdfv/Build/Intermediates.noindex/Hermes.build/Debug/HermesTests.build/Objects-normal/arm64/ASPlaylistRetryTests.o /Users/user2/Downloads/PersonalProgAppsWorking/Hermes-master/HermesTests/ASPlaylistRetryTests.m normal arm64 objective-c com.apple.compilers.llvm.clang.1_0.compiler (in target 'HermesTests' from project 'Hermes')
    cd /Users/user2/Downloads/PersonalProgAppsWorking/Hermes-master
    
    Using response file: /Users/user2/Library/Developer/Xcode/DerivedData/Hermes-gayrmdhfnqltfgffycgkcqztcdfv/Build/Intermediates.noindex/Hermes.build/Debug/HermesTests.build/Objects-normal/arm64/e6072d4f65d7061329687fe24e3d63a7-common-args.resp
    
    builtin-ScanDependencies -o /Users/user2/Library/Developer/Xcode/DerivedData/Hermes-gayrmdhfnqltfgffycgkcqztcdfv/Build/Intermediates.noindex/Hermes.build/Debug/HermesTests.build/Objects-normal/arm64/ASPlaylistRetryTests.o.scan -- /Applications/Xcode.app/Contents/Developer/Toolchains/XcodeDefault.xctoolchain/usr/bin/clang -x objective-c -ivfsstatcache /Users/user2/Library/Developer/Xcode/DerivedData/SDKStatCaches.noindex/macosx15.5-24F74-8254517eb8b97d462ccbc072ba9094c9.sdkstatcache -fmessage-length\=0 -fdiagnostics-show-note-include-stack -fmacro-backtrace-limit\=0 -fno-color-diagnostics -fmodules-prune-interval\=86400 -fmodules-prune-after\=345600 -fbuild-session-file\=/Users/user2/Library/Developer/Xcode/DerivedData/ModuleCache.noindex/Session.modulevalidation -fmodules-validate-once-per-build-session -Wnon-modular-include-in-framework-module -Werror\=non-modular-include-in-framework-module -Wno-trigraphs -Werror -Wno-missing-field-initializers -Wno-missing-prototypes -Werror\=return-type -Wdocumentation -Wunreachable-code -Wquoted-include-in-framework-header -Wno-implicit-atomic-properties -Werror\=deprecated-objc-isa-usage -Wno-objc-interface-ivars -Werror\=objc-root-class -Wno-arc-repeated-use-of-weak -Wimplicit-retain-self -Wduplicate-method-match -Wno-missing-braces -Wparentheses -Wswitch -Wunused-function -Wno-unused-label -Wno-unused-parameter -Wunused-variable -Wunused-value -Wempty-body -Wuninitialized -Wconditional-uninitialized -Wno-unknown-pragmas -Wno-shadow -Wno-four-char-constants -Wno-conversion -Wconstant-conversion -Wint-conversion -Wbool-conversion -Wenum-conversion -Wno-float-conversion -Wnon-literal-null-conversion -Wobjc-literal-conversion -Wshorten-64-to-32 -Wpointer-sign -Wno-newline-eof -Wno-selector -Wno-strict-selector-match -Wundeclared-selector -Wdeprecated-implementations -Wno-implicit-fallthrough -fstrict-aliasing -Wprotocol -Wdeprecated-declarations -Wno-sign-conversion -Winfinite-recursion -Wcomma -Wblock-capture-autoreleasing -Wstrict-prototypes -Wno-semicolon-before-method-body -Wunguarded-availability -index-store-path /Users/user2/Library/Developer/Xcode/DerivedData/Hermes-gayrmdhfnqltfgffycgkcqztcdfv/Index.noindex/DataStore -Wall @/Users/user2/Library/Developer/Xcode/DerivedData/Hermes-gayrmdhfnqltfgffycgkcqztcdfv/Build/Intermediates.noindex/Hermes.build/Debug/HermesTests.build/Objects-normal/arm64/e6072d4f65d7061329687fe24e3d63a7-common-args.resp -MMD -MT dependencies -MF /Users/user2/Library/Developer/Xcode/DerivedData/Hermes-gayrmdhfnqltfgffycgkcqztcdfv/Build/Intermediates.noindex/Hermes.build/Debug/HermesTests.build/Objects-normal/arm64/ASPlaylistRetryTests.d --serialize-diagnostics /Users/user2/Library/Developer/Xcode/DerivedData/Hermes-gayrmdhfnqltfgffycgkcqztcdfv/Build/Intermediates.noindex/Hermes.build/Debug/HermesTests.build/Objects-normal/arm64/ASPlaylistRetryTests.dia -c /Users/user2/Downloads/PersonalProgAppsWorking/Hermes-master/HermesTests/ASPlaylistRetryTests.m -o /Users/user2/Library/Developer/Xcode/DerivedData/Hermes-gayrmdhfnqltfgffycgkcqztcdfv/Build/Intermediates.noindex/Hermes.build/Debug/HermesTests.build/Objects-normal/arm64/ASPlaylistRetryTests.o -index-unit-output-path /Hermes.build/Debug/HermesTests.build/Objects-normal/arm64/ASPlaylistRetryTests.o

ScanDependencies /Users/user2/Library/Developer/Xcode/DerivedData/Hermes-gayrmdhfnqltfgffycgkcqztcdfv/Build/Intermediates.noindex/Hermes.build/Debug/HermesTests.build/Objects-normal/arm64/InputMonitoringReminderTests.o /Users/user2/Downloads/PersonalProgAppsWorking/Hermes-master/HermesTests/InputMonitoringReminderTests.m normal arm64 objective-c com.apple.compilers.llvm.clang.1_0.compiler (in target 'HermesTests' from project 'Hermes')
    cd /Users/user2/Downloads/PersonalProgAppsWorking/Hermes-master
    
    Using response file: /Users/user2/Library/Developer/Xcode/DerivedData/Hermes-gayrmdhfnqltfgffycgkcqztcdfv/Build/Intermediates.noindex/Hermes.build/Debug/HermesTests.build/Objects-normal/arm64/e6072d4f65d7061329687fe24e3d63a7-common-args.resp
    
    builtin-ScanDependencies -o /Users/user2/Library/Developer/Xcode/DerivedData/Hermes-gayrmdhfnqltfgffycgkcqztcdfv/Build/Intermediates.noindex/Hermes.build/Debug/HermesTests.build/Objects-normal/arm64/InputMonitoringReminderTests.o.scan -- /Applications/Xcode.app/Contents/Developer/Toolchains/XcodeDefault.xctoolchain/usr/bin/clang -x objective-c -ivfsstatcache /Users/user2/Library/Developer/Xcode/DerivedData/SDKStatCaches.noindex/macosx15.5-24F74-8254517eb8b97d462ccbc072ba9094c9.sdkstatcache -fmessage-length\=0 -fdiagnostics-show-note-include-stack -fmacro-backtrace-limit\=0 -fno-color-diagnostics -fmodules-prune-interval\=86400 -fmodules-prune-after\=345600 -fbuild-session-file\=/Users/user2/Library/Developer/Xcode/DerivedData/ModuleCache.noindex/Session.modulevalidation -fmodules-validate-once-per-build-session -Wnon-modular-include-in-framework-module -Werror\=non-modular-include-in-framework-module -Wno-trigraphs -Werror -Wno-missing-field-initializers -Wno-missing-prototypes -Werror\=return-type -Wdocumentation -Wunreachable-code -Wquoted-include-in-framework-header -Wno-implicit-atomic-properties -Werror\=deprecated-objc-isa-usage -Wno-objc-interface-ivars -Werror\=objc-root-class -Wno-arc-repeated-use-of-weak -Wimplicit-retain-self -Wduplicate-method-match -Wno-missing-braces -Wparentheses -Wswitch -Wunused-function -Wno-unused-label -Wno-unused-parameter -Wunused-variable -Wunused-value -Wempty-body -Wuninitialized -Wconditional-uninitialized -Wno-unknown-pragmas -Wno-shadow -Wno-four-char-constants -Wno-conversion -Wconstant-conversion -Wint-conversion -Wbool-conversion -Wenum-conversion -Wno-float-conversion -Wnon-literal-null-conversion -Wobjc-literal-conversion -Wshorten-64-to-32 -Wpointer-sign -Wno-newline-eof -Wno-selector -Wno-strict-selector-match -Wundeclared-selector -Wdeprecated-implementations -Wno-implicit-fallthrough -fstrict-aliasing -Wprotocol -Wdeprecated-declarations -Wno-sign-conversion -Winfinite-recursion -Wcomma -Wblock-capture-autoreleasing -Wstrict-prototypes -Wno-semicolon-before-method-body -Wunguarded-availability -index-store-path /Users/user2/Library/Developer/Xcode/DerivedData/Hermes-gayrmdhfnqltfgffycgkcqztcdfv/Index.noindex/DataStore -Wall @/Users/user2/Library/Developer/Xcode/DerivedData/Hermes-gayrmdhfnqltfgffycgkcqztcdfv/Build/Intermediates.noindex/Hermes.build/Debug/HermesTests.build/Objects-normal/arm64/e6072d4f65d7061329687fe24e3d63a7-common-args.resp -MMD -MT dependencies -MF /Users/user2/Library/Developer/Xcode/DerivedData/Hermes-gayrmdhfnqltfgffycgkcqztcdfv/Build/Intermediates.noindex/Hermes.build/Debug/HermesTests.build/Objects-normal/arm64/InputMonitoringReminderTests.d --serialize-diagnostics /Users/user2/Library/Developer/Xcode/DerivedData/Hermes-gayrmdhfnqltfgffycgkcqztcdfv/Build/Intermediates.noindex/Hermes.build/Debug/HermesTests.build/Objects-normal/arm64/InputMonitoringReminderTests.dia -c /Users/user2/Downloads/PersonalProgAppsWorking/Hermes-master/HermesTests/InputMonitoringReminderTests.m -o /Users/user2/Library/Developer/Xcode/DerivedData/Hermes-gayrmdhfnqltfgffycgkcqztcdfv/Build/Intermediates.noindex/Hermes.build/Debug/HermesTests.build/Objects-normal/arm64/InputMonitoringReminderTests.o -index-unit-output-path /Hermes.build/Debug/HermesTests.build/Objects-normal/arm64/InputMonitoringReminderTests.o

ScanDependencies /Users/user2/Library/Developer/Xcode/DerivedData/Hermes-gayrmdhfnqltfgffycgkcqztcdfv/Build/Intermediates.noindex/Hermes.build/Debug/HermesTests.build/Objects-normal/arm64/URLConnectionTests.o /Users/user2/Downloads/PersonalProgAppsWorking/Hermes-master/HermesTests/URLConnectionTests.m normal arm64 objective-c com.apple.compilers.llvm.clang.1_0.compiler (in target 'HermesTests' from project 'Hermes')
    cd /Users/user2/Downloads/PersonalProgAppsWorking/Hermes-master
    
    Using response file: /Users/user2/Library/Developer/Xcode/DerivedData/Hermes-gayrmdhfnqltfgffycgkcqztcdfv/Build/Intermediates.noindex/Hermes.build/Debug/HermesTests.build/Objects-normal/arm64/e6072d4f65d7061329687fe24e3d63a7-common-args.resp
    
    builtin-ScanDependencies -o /Users/user2/Library/Developer/Xcode/DerivedData/Hermes-gayrmdhfnqltfgffycgkcqztcdfv/Build/Intermediates.noindex/Hermes.build/Debug/HermesTests.build/Objects-normal/arm64/URLConnectionTests.o.scan -- /Applications/Xcode.app/Contents/Developer/Toolchains/XcodeDefault.xctoolchain/usr/bin/clang -x objective-c -ivfsstatcache /Users/user2/Library/Developer/Xcode/DerivedData/SDKStatCaches.noindex/macosx15.5-24F74-8254517eb8b97d462ccbc072ba9094c9.sdkstatcache -fmessage-length\=0 -fdiagnostics-show-note-include-stack -fmacro-backtrace-limit\=0 -fno-color-diagnostics -fmodules-prune-interval\=86400 -fmodules-prune-after\=345600 -fbuild-session-file\=/Users/user2/Library/Developer/Xcode/DerivedData/ModuleCache.noindex/Session.modulevalidation -fmodules-validate-once-per-build-session -Wnon-modular-include-in-framework-module -Werror\=non-modular-include-in-framework-module -Wno-trigraphs -Werror -Wno-missing-field-initializers -Wno-missing-prototypes -Werror\=return-type -Wdocumentation -Wunreachable-code -Wquoted-include-in-framework-header -Wno-implicit-atomic-properties -Werror\=deprecated-objc-isa-usage -Wno-objc-interface-ivars -Werror\=objc-root-class -Wno-arc-repeated-use-of-weak -Wimplicit-retain-self -Wduplicate-method-match -Wno-missing-braces -Wparentheses -Wswitch -Wunused-function -Wno-unused-label -Wno-unused-parameter -Wunused-variable -Wunused-value -Wempty-body -Wuninitialized -Wconditional-uninitialized -Wno-unknown-pragmas -Wno-shadow -Wno-four-char-constants -Wno-conversion -Wconstant-conversion -Wint-conversion -Wbool-conversion -Wenum-conversion -Wno-float-conversion -Wnon-literal-null-conversion -Wobjc-literal-conversion -Wshorten-64-to-32 -Wpointer-sign -Wno-newline-eof -Wno-selector -Wno-strict-selector-match -Wundeclared-selector -Wdeprecated-implementations -Wno-implicit-fallthrough -fstrict-aliasing -Wprotocol -Wdeprecated-declarations -Wno-sign-conversion -Winfinite-recursion -Wcomma -Wblock-capture-autoreleasing -Wstrict-prototypes -Wno-semicolon-before-method-body -Wunguarded-availability -index-store-path /Users/user2/Library/Developer/Xcode/DerivedData/Hermes-gayrmdhfnqltfgffycgkcqztcdfv/Index.noindex/DataStore -Wall @/Users/user2/Library/Developer/Xcode/DerivedData/Hermes-gayrmdhfnqltfgffycgkcqztcdfv/Build/Intermediates.noindex/Hermes.build/Debug/HermesTests.build/Objects-normal/arm64/e6072d4f65d7061329687fe24e3d63a7-common-args.resp -MMD -MT dependencies -MF /Users/user2/Library/Developer/Xcode/DerivedData/Hermes-gayrmdhfnqltfgffycgkcqztcdfv/Build/Intermediates.noindex/Hermes.build/Debug/HermesTests.build/Objects-normal/arm64/URLConnectionTests.d --serialize-diagnostics /Users/user2/Library/Developer/Xcode/DerivedData/Hermes-gayrmdhfnqltfgffycgkcqztcdfv/Build/Intermediates.noindex/Hermes.build/Debug/HermesTests.build/Objects-normal/arm64/URLConnectionTests.dia -c /Users/user2/Downloads/PersonalProgAppsWorking/Hermes-master/HermesTests/URLConnectionTests.m -o /Users/user2/Library/Developer/Xcode/DerivedData/Hermes-gayrmdhfnqltfgffycgkcqztcdfv/Build/Intermediates.noindex/Hermes.build/Debug/HermesTests.build/Objects-normal/arm64/URLConnectionTests.o -index-unit-output-path /Hermes.build/Debug/HermesTests.build/Objects-normal/arm64/URLConnectionTests.o

ScanDependencies /Users/user2/Library/Developer/Xcode/DerivedData/Hermes-gayrmdhfnqltfgffycgkcqztcdfv/Build/Intermediates.noindex/Hermes.build/Debug/HermesTests.build/Objects-normal/arm64/URLConnectionProxyTests.o /Users/user2/Downloads/PersonalProgAppsWorking/Hermes-master/HermesTests/URLConnectionProxyTests.m normal arm64 objective-c com.apple.compilers.llvm.clang.1_0.compiler (in target 'HermesTests' from project 'Hermes')
    cd /Users/user2/Downloads/PersonalProgAppsWorking/Hermes-master
    
    Using response file: /Users/user2/Library/Developer/Xcode/DerivedData/Hermes-gayrmdhfnqltfgffycgkcqztcdfv/Build/Intermediates.noindex/Hermes.build/Debug/HermesTests.build/Objects-normal/arm64/e6072d4f65d7061329687fe24e3d63a7-common-args.resp
    
    builtin-ScanDependencies -o /Users/user2/Library/Developer/Xcode/DerivedData/Hermes-gayrmdhfnqltfgffycgkcqztcdfv/Build/Intermediates.noindex/Hermes.build/Debug/HermesTests.build/Objects-normal/arm64/URLConnectionProxyTests.o.scan -- /Applications/Xcode.app/Contents/Developer/Toolchains/XcodeDefault.xctoolchain/usr/bin/clang -x objective-c -ivfsstatcache /Users/user2/Library/Developer/Xcode/DerivedData/SDKStatCaches.noindex/macosx15.5-24F74-8254517eb8b97d462ccbc072ba9094c9.sdkstatcache -fmessage-length\=0 -fdiagnostics-show-note-include-stack -fmacro-backtrace-limit\=0 -fno-color-diagnostics -fmodules-prune-interval\=86400 -fmodules-prune-after\=345600 -fbuild-session-file\=/Users/user2/Library/Developer/Xcode/DerivedData/ModuleCache.noindex/Session.modulevalidation -fmodules-validate-once-per-build-session -Wnon-modular-include-in-framework-module -Werror\=non-modular-include-in-framework-module -Wno-trigraphs -Werror -Wno-missing-field-initializers -Wno-missing-prototypes -Werror\=return-type -Wdocumentation -Wunreachable-code -Wquoted-include-in-framework-header -Wno-implicit-atomic-properties -Werror\=deprecated-objc-isa-usage -Wno-objc-interface-ivars -Werror\=objc-root-class -Wno-arc-repeated-use-of-weak -Wimplicit-retain-self -Wduplicate-method-match -Wno-missing-braces -Wparentheses -Wswitch -Wunused-function -Wno-unused-label -Wno-unused-parameter -Wunused-variable -Wunused-value -Wempty-body -Wuninitialized -Wconditional-uninitialized -Wno-unknown-pragmas -Wno-shadow -Wno-four-char-constants -Wno-conversion -Wconstant-conversion -Wint-conversion -Wbool-conversion -Wenum-conversion -Wno-float-conversion -Wnon-literal-null-conversion -Wobjc-literal-conversion -Wshorten-64-to-32 -Wpointer-sign -Wno-newline-eof -Wno-selector -Wno-strict-selector-match -Wundeclared-selector -Wdeprecated-implementations -Wno-implicit-fallthrough -fstrict-aliasing -Wprotocol -Wdeprecated-declarations -Wno-sign-conversion -Winfinite-recursion -Wcomma -Wblock-capture-autoreleasing -Wstrict-prototypes -Wno-semicolon-before-method-body -Wunguarded-availability -index-store-path /Users/user2/Library/Developer/Xcode/DerivedData/Hermes-gayrmdhfnqltfgffycgkcqztcdfv/Index.noindex/DataStore -Wall @/Users/user2/Library/Developer/Xcode/DerivedData/Hermes-gayrmdhfnqltfgffycgkcqztcdfv/Build/Intermediates.noindex/Hermes.build/Debug/HermesTests.build/Objects-normal/arm64/e6072d4f65d7061329687fe24e3d63a7-common-args.resp -MMD -MT dependencies -MF /Users/user2/Library/Developer/Xcode/DerivedData/Hermes-gayrmdhfnqltfgffycgkcqztcdfv/Build/Intermediates.noindex/Hermes.build/Debug/HermesTests.build/Objects-normal/arm64/URLConnectionProxyTests.d --serialize-diagnostics /Users/user2/Library/Developer/Xcode/DerivedData/Hermes-gayrmdhfnqltfgffycgkcqztcdfv/Build/Intermediates.noindex/Hermes.build/Debug/HermesTests.build/Objects-normal/arm64/URLConnectionProxyTests.dia -c /Users/user2/Downloads/PersonalProgAppsWorking/Hermes-master/HermesTests/URLConnectionProxyTests.m -o /Users/user2/Library/Developer/Xcode/DerivedData/Hermes-gayrmdhfnqltfgffycgkcqztcdfv/Build/Intermediates.noindex/Hermes.build/Debug/HermesTests.build/Objects-normal/arm64/URLConnectionProxyTests.o -index-unit-output-path /Hermes.build/Debug/HermesTests.build/Objects-normal/arm64/URLConnectionProxyTests.o

ScanDependencies /Users/user2/Library/Developer/Xcode/DerivedData/Hermes-gayrmdhfnqltfgffycgkcqztcdfv/Build/Intermediates.noindex/Hermes.build/Debug/HermesTests.build/Objects-normal/arm64/StationsControllerTests-b72348905f65dbea3175c0c3d1f5d9db.o /Users/user2/Downloads/PersonalProgAppsWorking/Hermes-master/HermesTests/StationsControllerTests.m normal arm64 objective-c com.apple.compilers.llvm.clang.1_0.compiler (in target 'HermesTests' from project 'Hermes')
    cd /Users/user2/Downloads/PersonalProgAppsWorking/Hermes-master
    
    Using response file: /Users/user2/Library/Developer/Xcode/DerivedData/Hermes-gayrmdhfnqltfgffycgkcqztcdfv/Build/Intermediates.noindex/Hermes.build/Debug/HermesTests.build/Objects-normal/arm64/e6072d4f65d7061329687fe24e3d63a7-common-args.resp
    
    builtin-ScanDependencies -o /Users/user2/Library/Developer/Xcode/DerivedData/Hermes-gayrmdhfnqltfgffycgkcqztcdfv/Build/Intermediates.noindex/Hermes.build/Debug/HermesTests.build/Objects-normal/arm64/StationsControllerTests-b72348905f65dbea3175c0c3d1f5d9db.o.scan -- /Applications/Xcode.app/Contents/Developer/Toolchains/XcodeDefault.xctoolchain/usr/bin/clang -x objective-c -ivfsstatcache /Users/user2/Library/Developer/Xcode/DerivedData/SDKStatCaches.noindex/macosx15.5-24F74-8254517eb8b97d462ccbc072ba9094c9.sdkstatcache -fmessage-length\=0 -fdiagnostics-show-note-include-stack -fmacro-backtrace-limit\=0 -fno-color-diagnostics -fmodules-prune-interval\=86400 -fmodules-prune-after\=345600 -fbuild-session-file\=/Users/user2/Library/Developer/Xcode/DerivedData/ModuleCache.noindex/Session.modulevalidation -fmodules-validate-once-per-build-session -Wnon-modular-include-in-framework-module -Werror\=non-modular-include-in-framework-module -Wno-trigraphs -Werror -Wno-missing-field-initializers -Wno-missing-prototypes -Werror\=return-type -Wdocumentation -Wunreachable-code -Wquoted-include-in-framework-header -Wno-implicit-atomic-properties -Werror\=deprecated-objc-isa-usage -Wno-objc-interface-ivars -Werror\=objc-root-class -Wno-arc-repeated-use-of-weak -Wimplicit-retain-self -Wduplicate-method-match -Wno-missing-braces -Wparentheses -Wswitch -Wunused-function -Wno-unused-label -Wno-unused-parameter -Wunused-variable -Wunused-value -Wempty-body -Wuninitialized -Wconditional-uninitialized -Wno-unknown-pragmas -Wno-shadow -Wno-four-char-constants -Wno-conversion -Wconstant-conversion -Wint-conversion -Wbool-conversion -Wenum-conversion -Wno-float-conversion -Wnon-literal-null-conversion -Wobjc-literal-conversion -Wshorten-64-to-32 -Wpointer-sign -Wno-newline-eof -Wno-selector -Wno-strict-selector-match -Wundeclared-selector -Wdeprecated-implementations -Wno-implicit-fallthrough -fstrict-aliasing -Wprotocol -Wdeprecated-declarations -Wno-sign-conversion -Winfinite-recursion -Wcomma -Wblock-capture-autoreleasing -Wstrict-prototypes -Wno-semicolon-before-method-body -Wunguarded-availability -index-store-path /Users/user2/Library/Developer/Xcode/DerivedData/Hermes-gayrmdhfnqltfgffycgkcqztcdfv/Index.noindex/DataStore -Wall @/Users/user2/Library/Developer/Xcode/DerivedData/Hermes-gayrmdhfnqltfgffycgkcqztcdfv/Build/Intermediates.noindex/Hermes.build/Debug/HermesTests.build/Objects-normal/arm64/e6072d4f65d7061329687fe24e3d63a7-common-args.resp -MMD -MT dependencies -MF /Users/user2/Library/Developer/Xcode/DerivedData/Hermes-gayrmdhfnqltfgffycgkcqztcdfv/Build/Intermediates.noindex/Hermes.build/Debug/HermesTests.build/Objects-normal/arm64/StationsControllerTests-b72348905f65dbea3175c0c3d1f5d9db.d --serialize-diagnostics /Users/user2/Library/Developer/Xcode/DerivedData/Hermes-gayrmdhfnqltfgffycgkcqztcdfv/Build/Intermediates.noindex/Hermes.build/Debug/HermesTests.build/Objects-normal/arm64/StationsControllerTests-b72348905f65dbea3175c0c3d1f5d9db.dia -c /Users/user2/Downloads/PersonalProgAppsWorking/Hermes-master/HermesTests/StationsControllerTests.m -o /Users/user2/Library/Developer/Xcode/DerivedData/Hermes-gayrmdhfnqltfgffycgkcqztcdfv/Build/Intermediates.noindex/Hermes.build/Debug/HermesTests.build/Objects-normal/arm64/StationsControllerTests-b72348905f65dbea3175c0c3d1f5d9db.o -index-unit-output-path /Hermes.build/Debug/HermesTests.build/Objects-normal/arm64/StationsControllerTests-b72348905f65dbea3175c0c3d1f5d9db.o

ScanDependencies /Users/user2/Library/Developer/Xcode/DerivedData/Hermes-gayrmdhfnqltfgffycgkcqztcdfv/Build/Intermediates.noindex/Hermes.build/Debug/HermesTests.build/Objects-normal/arm64/StationModeParserTests.o /Users/user2/Downloads/PersonalProgAppsWorking/Hermes-master/HermesTests/StationModeParserTests.m normal arm64 objective-c com.apple.compilers.llvm.clang.1_0.compiler (in target 'HermesTests' from project 'Hermes')
    cd /Users/user2/Downloads/PersonalProgAppsWorking/Hermes-master
    
    Using response file: /Users/user2/Library/Developer/Xcode/DerivedData/Hermes-gayrmdhfnqltfgffycgkcqztcdfv/Build/Intermediates.noindex/Hermes.build/Debug/HermesTests.build/Objects-normal/arm64/e6072d4f65d7061329687fe24e3d63a7-common-args.resp
    
    builtin-ScanDependencies -o /Users/user2/Library/Developer/Xcode/DerivedData/Hermes-gayrmdhfnqltfgffycgkcqztcdfv/Build/Intermediates.noindex/Hermes.build/Debug/HermesTests.build/Objects-normal/arm64/StationModeParserTests.o.scan -- /Applications/Xcode.app/Contents/Developer/Toolchains/XcodeDefault.xctoolchain/usr/bin/clang -x objective-c -ivfsstatcache /Users/user2/Library/Developer/Xcode/DerivedData/SDKStatCaches.noindex/macosx15.5-24F74-8254517eb8b97d462ccbc072ba9094c9.sdkstatcache -fmessage-length\=0 -fdiagnostics-show-note-include-stack -fmacro-backtrace-limit\=0 -fno-color-diagnostics -fmodules-prune-interval\=86400 -fmodules-prune-after\=345600 -fbuild-session-file\=/Users/user2/Library/Developer/Xcode/DerivedData/ModuleCache.noindex/Session.modulevalidation -fmodules-validate-once-per-build-session -Wnon-modular-include-in-framework-module -Werror\=non-modular-include-in-framework-module -Wno-trigraphs -Werror -Wno-missing-field-initializers -Wno-missing-prototypes -Werror\=return-type -Wdocumentation -Wunreachable-code -Wquoted-include-in-framework-header -Wno-implicit-atomic-properties -Werror\=deprecated-objc-isa-usage -Wno-objc-interface-ivars -Werror\=objc-root-class -Wno-arc-repeated-use-of-weak -Wimplicit-retain-self -Wduplicate-method-match -Wno-missing-braces -Wparentheses -Wswitch -Wunused-function -Wno-unused-label -Wno-unused-parameter -Wunused-variable -Wunused-value -Wempty-body -Wuninitialized -Wconditional-uninitialized -Wno-unknown-pragmas -Wno-shadow -Wno-four-char-constants -Wno-conversion -Wconstant-conversion -Wint-conversion -Wbool-conversion -Wenum-conversion -Wno-float-conversion -Wnon-literal-null-conversion -Wobjc-literal-conversion -Wshorten-64-to-32 -Wpointer-sign -Wno-newline-eof -Wno-selector -Wno-strict-selector-match -Wundeclared-selector -Wdeprecated-implementations -Wno-implicit-fallthrough -fstrict-aliasing -Wprotocol -Wdeprecated-declarations -Wno-sign-conversion -Winfinite-recursion -Wcomma -Wblock-capture-autoreleasing -Wstrict-prototypes -Wno-semicolon-before-method-body -Wunguarded-availability -index-store-path /Users/user2/Library/Developer/Xcode/DerivedData/Hermes-gayrmdhfnqltfgffycgkcqztcdfv/Index.noindex/DataStore -Wall @/Users/user2/Library/Developer/Xcode/DerivedData/Hermes-gayrmdhfnqltfgffycgkcqztcdfv/Build/Intermediates.noindex/Hermes.build/Debug/HermesTests.build/Objects-normal/arm64/e6072d4f65d7061329687fe24e3d63a7-common-args.resp -MMD -MT dependencies -MF /Users/user2/Library/Developer/Xcode/DerivedData/Hermes-gayrmdhfnqltfgffycgkcqztcdfv/Build/Intermediates.noindex/Hermes.build/Debug/HermesTests.build/Objects-normal/arm64/StationModeParserTests.d --serialize-diagnostics /Users/user2/Library/Developer/Xcode/DerivedData/Hermes-gayrmdhfnqltfgffycgkcqztcdfv/Build/Intermediates.noindex/Hermes.build/Debug/HermesTests.build/Objects-normal/arm64/StationModeParserTests.dia -c /Users/user2/Downloads/PersonalProgAppsWorking/Hermes-master/HermesTests/StationModeParserTests.m -o /Users/user2/Library/Developer/Xcode/DerivedData/Hermes-gayrmdhfnqltfgffycgkcqztcdfv/Build/Intermediates.noindex/Hermes.build/Debug/HermesTests.build/Objects-normal/arm64/StationModeParserTests.o -index-unit-output-path /Hermes.build/Debug/HermesTests.build/Objects-normal/arm64/StationModeParserTests.o

ScanDependencies /Users/user2/Library/Developer/Xcode/DerivedData/Hermes-gayrmdhfnqltfgffycgkcqztcdfv/Build/Intermediates.noindex/Hermes.build/Debug/HermesTests.build/Objects-normal/arm64/StationControllerTests.o /Users/user2/Downloads/PersonalProgAppsWorking/Hermes-master/HermesTests/StationControllerTests.m normal arm64 objective-c com.apple.compilers.llvm.clang.1_0.compiler (in target 'HermesTests' from project 'Hermes')
    cd /Users/user2/Downloads/PersonalProgAppsWorking/Hermes-master
    
    Using response file: /Users/user2/Library/Developer/Xcode/DerivedData/Hermes-gayrmdhfnqltfgffycgkcqztcdfv/Build/Intermediates.noindex/Hermes.build/Debug/HermesTests.build/Objects-normal/arm64/e6072d4f65d7061329687fe24e3d63a7-common-args.resp
    
    builtin-ScanDependencies -o /Users/user2/Library/Developer/Xcode/DerivedData/Hermes-gayrmdhfnqltfgffycgkcqztcdfv/Build/Intermediates.noindex/Hermes.build/Debug/HermesTests.build/Objects-normal/arm64/StationControllerTests.o.scan -- /Applications/Xcode.app/Contents/Developer/Toolchains/XcodeDefault.xctoolchain/usr/bin/clang -x objective-c -ivfsstatcache /Users/user2/Library/Developer/Xcode/DerivedData/SDKStatCaches.noindex/macosx15.5-24F74-8254517eb8b97d462ccbc072ba9094c9.sdkstatcache -fmessage-length\=0 -fdiagnostics-show-note-include-stack -fmacro-backtrace-limit\=0 -fno-color-diagnostics -fmodules-prune-interval\=86400 -fmodules-prune-after\=345600 -fbuild-session-file\=/Users/user2/Library/Developer/Xcode/DerivedData/ModuleCache.noindex/Session.modulevalidation -fmodules-validate-once-per-build-session -Wnon-modular-include-in-framework-module -Werror\=non-modular-include-in-framework-module -Wno-trigraphs -Werror -Wno-missing-field-initializers -Wno-missing-prototypes -Werror\=return-type -Wdocumentation -Wunreachable-code -Wquoted-include-in-framework-header -Wno-implicit-atomic-properties -Werror\=deprecated-objc-isa-usage -Wno-objc-interface-ivars -Werror\=objc-root-class -Wno-arc-repeated-use-of-weak -Wimplicit-retain-self -Wduplicate-method-match -Wno-missing-braces -Wparentheses -Wswitch -Wunused-function -Wno-unused-label -Wno-unused-parameter -Wunused-variable -Wunused-value -Wempty-body -Wuninitialized -Wconditional-uninitialized -Wno-unknown-pragmas -Wno-shadow -Wno-four-char-constants -Wno-conversion -Wconstant-conversion -Wint-conversion -Wbool-conversion -Wenum-conversion -Wno-float-conversion -Wnon-literal-null-conversion -Wobjc-literal-conversion -Wshorten-64-to-32 -Wpointer-sign -Wno-newline-eof -Wno-selector -Wno-strict-selector-match -Wundeclared-selector -Wdeprecated-implementations -Wno-implicit-fallthrough -fstrict-aliasing -Wprotocol -Wdeprecated-declarations -Wno-sign-conversion -Winfinite-recursion -Wcomma -Wblock-capture-autoreleasing -Wstrict-prototypes -Wno-semicolon-before-method-body -Wunguarded-availability -index-store-path /Users/user2/Library/Developer/Xcode/DerivedData/Hermes-gayrmdhfnqltfgffycgkcqztcdfv/Index.noindex/DataStore -Wall @/Users/user2/Library/Developer/Xcode/DerivedData/Hermes-gayrmdhfnqltfgffycgkcqztcdfv/Build/Intermediates.noindex/Hermes.build/Debug/HermesTests.build/Objects-normal/arm64/e6072d4f65d7061329687fe24e3d63a7-common-args.resp -MMD -MT dependencies -MF /Users/user2/Library/Developer/Xcode/DerivedData/Hermes-gayrmdhfnqltfgffycgkcqztcdfv/Build/Intermediates.noindex/Hermes.build/Debug/HermesTests.build/Objects-normal/arm64/StationControllerTests.d --serialize-diagnostics /Users/user2/Library/Developer/Xcode/DerivedData/Hermes-gayrmdhfnqltfgffycgkcqztcdfv/Build/Intermediates.noindex/Hermes.build/Debug/HermesTests.build/Objects-normal/arm64/StationControllerTests.dia -c /Users/user2/Downloads/PersonalProgAppsWorking/Hermes-master/HermesTests/StationControllerTests.m -o /Users/user2/Library/Developer/Xcode/DerivedData/Hermes-gayrmdhfnqltfgffycgkcqztcdfv/Build/Intermediates.noindex/Hermes.build/Debug/HermesTests.build/Objects-normal/arm64/StationControllerTests.o -index-unit-output-path /Hermes.build/Debug/HermesTests.build/Objects-normal/arm64/StationControllerTests.o

ScanDependencies /Users/user2/Library/Developer/Xcode/DerivedData/Hermes-gayrmdhfnqltfgffycgkcqztcdfv/Build/Intermediates.noindex/Hermes.build/Debug/HermesTests.build/Objects-normal/arm64/SecureCodingPersistenceTests.o /Users/user2/Downloads/PersonalProgAppsWorking/Hermes-master/HermesTests/SecureCodingPersistenceTests.m normal arm64 objective-c com.apple.compilers.llvm.clang.1_0.compiler (in target 'HermesTests' from project 'Hermes')
    cd /Users/user2/Downloads/PersonalProgAppsWorking/Hermes-master
    
    Using response file: /Users/user2/Library/Developer/Xcode/DerivedData/Hermes-gayrmdhfnqltfgffycgkcqztcdfv/Build/Intermediates.noindex/Hermes.build/Debug/HermesTests.build/Objects-normal/arm64/e6072d4f65d7061329687fe24e3d63a7-common-args.resp
    
    builtin-ScanDependencies -o /Users/user2/Library/Developer/Xcode/DerivedData/Hermes-gayrmdhfnqltfgffycgkcqztcdfv/Build/Intermediates.noindex/Hermes.build/Debug/HermesTests.build/Objects-normal/arm64/SecureCodingPersistenceTests.o.scan -- /Applications/Xcode.app/Contents/Developer/Toolchains/XcodeDefault.xctoolchain/usr/bin/clang -x objective-c -ivfsstatcache /Users/user2/Library/Developer/Xcode/DerivedData/SDKStatCaches.noindex/macosx15.5-24F74-8254517eb8b97d462ccbc072ba9094c9.sdkstatcache -fmessage-length\=0 -fdiagnostics-show-note-include-stack -fmacro-backtrace-limit\=0 -fno-color-diagnostics -fmodules-prune-interval\=86400 -fmodules-prune-after\=345600 -fbuild-session-file\=/Users/user2/Library/Developer/Xcode/DerivedData/ModuleCache.noindex/Session.modulevalidation -fmodules-validate-once-per-build-session -Wnon-modular-include-in-framework-module -Werror\=non-modular-include-in-framework-module -Wno-trigraphs -Werror -Wno-missing-field-initializers -Wno-missing-prototypes -Werror\=return-type -Wdocumentation -Wunreachable-code -Wquoted-include-in-framework-header -Wno-implicit-atomic-properties -Werror\=deprecated-objc-isa-usage -Wno-objc-interface-ivars -Werror\=objc-root-class -Wno-arc-repeated-use-of-weak -Wimplicit-retain-self -Wduplicate-method-match -Wno-missing-braces -Wparentheses -Wswitch -Wunused-function -Wno-unused-label -Wno-unused-parameter -Wunused-variable -Wunused-value -Wempty-body -Wuninitialized -Wconditional-uninitialized -Wno-unknown-pragmas -Wno-shadow -Wno-four-char-constants -Wno-conversion -Wconstant-conversion -Wint-conversion -Wbool-conversion -Wenum-conversion -Wno-float-conversion -Wnon-literal-null-conversion -Wobjc-literal-conversion -Wshorten-64-to-32 -Wpointer-sign -Wno-newline-eof -Wno-selector -Wno-strict-selector-match -Wundeclared-selector -Wdeprecated-implementations -Wno-implicit-fallthrough -fstrict-aliasing -Wprotocol -Wdeprecated-declarations -Wno-sign-conversion -Winfinite-recursion -Wcomma -Wblock-capture-autoreleasing -Wstrict-prototypes -Wno-semicolon-before-method-body -Wunguarded-availability -index-store-path /Users/user2/Library/Developer/Xcode/DerivedData/Hermes-gayrmdhfnqltfgffycgkcqztcdfv/Index.noindex/DataStore -Wall @/Users/user2/Library/Developer/Xcode/DerivedData/Hermes-gayrmdhfnqltfgffycgkcqztcdfv/Build/Intermediates.noindex/Hermes.build/Debug/HermesTests.build/Objects-normal/arm64/e6072d4f65d7061329687fe24e3d63a7-common-args.resp -MMD -MT dependencies -MF /Users/user2/Library/Developer/Xcode/DerivedData/Hermes-gayrmdhfnqltfgffycgkcqztcdfv/Build/Intermediates.noindex/Hermes.build/Debug/HermesTests.build/Objects-normal/arm64/SecureCodingPersistenceTests.d --serialize-diagnostics /Users/user2/Library/Developer/Xcode/DerivedData/Hermes-gayrmdhfnqltfgffycgkcqztcdfv/Build/Intermediates.noindex/Hermes.build/Debug/HermesTests.build/Objects-normal/arm64/SecureCodingPersistenceTests.dia -c /Users/user2/Downloads/PersonalProgAppsWorking/Hermes-master/HermesTests/SecureCodingPersistenceTests.m -o /Users/user2/Library/Developer/Xcode/DerivedData/Hermes-gayrmdhfnqltfgffycgkcqztcdfv/Build/Intermediates.noindex/Hermes.build/Debug/HermesTests.build/Objects-normal/arm64/SecureCodingPersistenceTests.o -index-unit-output-path /Hermes.build/Debug/HermesTests.build/Objects-normal/arm64/SecureCodingPersistenceTests.o

ScanDependencies /Users/user2/Library/Developer/Xcode/DerivedData/Hermes-gayrmdhfnqltfgffycgkcqztcdfv/Build/Intermediates.noindex/Hermes.build/Debug/HermesTests.build/Objects-normal/arm64/ScrobblerTests.o /Users/user2/Downloads/PersonalProgAppsWorking/Hermes-master/HermesTests/ScrobblerTests.m normal arm64 objective-c com.apple.compilers.llvm.clang.1_0.compiler (in target 'HermesTests' from project 'Hermes')
    cd /Users/user2/Downloads/PersonalProgAppsWorking/Hermes-master
    
    Using response file: /Users/user2/Library/Developer/Xcode/DerivedData/Hermes-gayrmdhfnqltfgffycgkcqztcdfv/Build/Intermediates.noindex/Hermes.build/Debug/HermesTests.build/Objects-normal/arm64/e6072d4f65d7061329687fe24e3d63a7-common-args.resp
    
    builtin-ScanDependencies -o /Users/user2/Library/Developer/Xcode/DerivedData/Hermes-gayrmdhfnqltfgffycgkcqztcdfv/Build/Intermediates.noindex/Hermes.build/Debug/HermesTests.build/Objects-normal/arm64/ScrobblerTests.o.scan -- /Applications/Xcode.app/Contents/Developer/Toolchains/XcodeDefault.xctoolchain/usr/bin/clang -x objective-c -ivfsstatcache /Users/user2/Library/Developer/Xcode/DerivedData/SDKStatCaches.noindex/macosx15.5-24F74-8254517eb8b97d462ccbc072ba9094c9.sdkstatcache -fmessage-length\=0 -fdiagnostics-show-note-include-stack -fmacro-backtrace-limit\=0 -fno-color-diagnostics -fmodules-prune-interval\=86400 -fmodules-prune-after\=345600 -fbuild-session-file\=/Users/user2/Library/Developer/Xcode/DerivedData/ModuleCache.noindex/Session.modulevalidation -fmodules-validate-once-per-build-session -Wnon-modular-include-in-framework-module -Werror\=non-modular-include-in-framework-module -Wno-trigraphs -Werror -Wno-missing-field-initializers -Wno-missing-prototypes -Werror\=return-type -Wdocumentation -Wunreachable-code -Wquoted-include-in-framework-header -Wno-implicit-atomic-properties -Werror\=deprecated-objc-isa-usage -Wno-objc-interface-ivars -Werror\=objc-root-class -Wno-arc-repeated-use-of-weak -Wimplicit-retain-self -Wduplicate-method-match -Wno-missing-braces -Wparentheses -Wswitch -Wunused-function -Wno-unused-label -Wno-unused-parameter -Wunused-variable -Wunused-value -Wempty-body -Wuninitialized -Wconditional-uninitialized -Wno-unknown-pragmas -Wno-shadow -Wno-four-char-constants -Wno-conversion -Wconstant-conversion -Wint-conversion -Wbool-conversion -Wenum-conversion -Wno-float-conversion -Wnon-literal-null-conversion -Wobjc-literal-conversion -Wshorten-64-to-32 -Wpointer-sign -Wno-newline-eof -Wno-selector -Wno-strict-selector-match -Wundeclared-selector -Wdeprecated-implementations -Wno-implicit-fallthrough -fstrict-aliasing -Wprotocol -Wdeprecated-declarations -Wno-sign-conversion -Winfinite-recursion -Wcomma -Wblock-capture-autoreleasing -Wstrict-prototypes -Wno-semicolon-before-method-body -Wunguarded-availability -index-store-path /Users/user2/Library/Developer/Xcode/DerivedData/Hermes-gayrmdhfnqltfgffycgkcqztcdfv/Index.noindex/DataStore -Wall @/Users/user2/Library/Developer/Xcode/DerivedData/Hermes-gayrmdhfnqltfgffycgkcqztcdfv/Build/Intermediates.noindex/Hermes.build/Debug/HermesTests.build/Objects-normal/arm64/e6072d4f65d7061329687fe24e3d63a7-common-args.resp -MMD -MT dependencies -MF /Users/user2/Library/Developer/Xcode/DerivedData/Hermes-gayrmdhfnqltfgffycgkcqztcdfv/Build/Intermediates.noindex/Hermes.build/Debug/HermesTests.build/Objects-normal/arm64/ScrobblerTests.d --serialize-diagnostics /Users/user2/Library/Developer/Xcode/DerivedData/Hermes-gayrmdhfnqltfgffycgkcqztcdfv/Build/Intermediates.noindex/Hermes.build/Debug/HermesTests.build/Objects-normal/arm64/ScrobblerTests.dia -c /Users/user2/Downloads/PersonalProgAppsWorking/Hermes-master/HermesTests/ScrobblerTests.m -o /Users/user2/Library/Developer/Xcode/DerivedData/Hermes-gayrmdhfnqltfgffycgkcqztcdfv/Build/Intermediates.noindex/Hermes.build/Debug/HermesTests.build/Objects-normal/arm64/ScrobblerTests.o -index-unit-output-path /Hermes.build/Debug/HermesTests.build/Objects-normal/arm64/ScrobblerTests.o

ScanDependencies /Users/user2/Library/Developer/Xcode/DerivedData/Hermes-gayrmdhfnqltfgffycgkcqztcdfv/Build/Intermediates.noindex/Hermes.build/Debug/HermesTests.build/Objects-normal/arm64/PlaybackSleepLockTests.o /Users/user2/Downloads/PersonalProgAppsWorking/Hermes-master/HermesTests/PlaybackSleepLockTests.m normal arm64 objective-c com.apple.compilers.llvm.clang.1_0.compiler (in target 'HermesTests' from project 'Hermes')
    cd /Users/user2/Downloads/PersonalProgAppsWorking/Hermes-master
    
    Using response file: /Users/user2/Library/Developer/Xcode/DerivedData/Hermes-gayrmdhfnqltfgffycgkcqztcdfv/Build/Intermediates.noindex/Hermes.build/Debug/HermesTests.build/Objects-normal/arm64/e6072d4f65d7061329687fe24e3d63a7-common-args.resp
    
    builtin-ScanDependencies -o /Users/user2/Library/Developer/Xcode/DerivedData/Hermes-gayrmdhfnqltfgffycgkcqztcdfv/Build/Intermediates.noindex/Hermes.build/Debug/HermesTests.build/Objects-normal/arm64/PlaybackSleepLockTests.o.scan -- /Applications/Xcode.app/Contents/Developer/Toolchains/XcodeDefault.xctoolchain/usr/bin/clang -x objective-c -ivfsstatcache /Users/user2/Library/Developer/Xcode/DerivedData/SDKStatCaches.noindex/macosx15.5-24F74-8254517eb8b97d462ccbc072ba9094c9.sdkstatcache -fmessage-length\=0 -fdiagnostics-show-note-include-stack -fmacro-backtrace-limit\=0 -fno-color-diagnostics -fmodules-prune-interval\=86400 -fmodules-prune-after\=345600 -fbuild-session-file\=/Users/user2/Library/Developer/Xcode/DerivedData/ModuleCache.noindex/Session.modulevalidation -fmodules-validate-once-per-build-session -Wnon-modular-include-in-framework-module -Werror\=non-modular-include-in-framework-module -Wno-trigraphs -Werror -Wno-missing-field-initializers -Wno-missing-prototypes -Werror\=return-type -Wdocumentation -Wunreachable-code -Wquoted-include-in-framework-header -Wno-implicit-atomic-properties -Werror\=deprecated-objc-isa-usage -Wno-objc-interface-ivars -Werror\=objc-root-class -Wno-arc-repeated-use-of-weak -Wimplicit-retain-self -Wduplicate-method-match -Wno-missing-braces -Wparentheses -Wswitch -Wunused-function -Wno-unused-label -Wno-unused-parameter -Wunused-variable -Wunused-value -Wempty-body -Wuninitialized -Wconditional-uninitialized -Wno-unknown-pragmas -Wno-shadow -Wno-four-char-constants -Wno-conversion -Wconstant-conversion -Wint-conversion -Wbool-conversion -Wenum-conversion -Wno-float-conversion -Wnon-literal-null-conversion -Wobjc-literal-conversion -Wshorten-64-to-32 -Wpointer-sign -Wno-newline-eof -Wno-selector -Wno-strict-selector-match -Wundeclared-selector -Wdeprecated-implementations -Wno-implicit-fallthrough -fstrict-aliasing -Wprotocol -Wdeprecated-declarations -Wno-sign-conversion -Winfinite-recursion -Wcomma -Wblock-capture-autoreleasing -Wstrict-prototypes -Wno-semicolon-before-method-body -Wunguarded-availability -index-store-path /Users/user2/Library/Developer/Xcode/DerivedData/Hermes-gayrmdhfnqltfgffycgkcqztcdfv/Index.noindex/DataStore -Wall @/Users/user2/Library/Developer/Xcode/DerivedData/Hermes-gayrmdhfnqltfgffycgkcqztcdfv/Build/Intermediates.noindex/Hermes.build/Debug/HermesTests.build/Objects-normal/arm64/e6072d4f65d7061329687fe24e3d63a7-common-args.resp -MMD -MT dependencies -MF /Users/user2/Library/Developer/Xcode/DerivedData/Hermes-gayrmdhfnqltfgffycgkcqztcdfv/Build/Intermediates.noindex/Hermes.build/Debug/HermesTests.build/Objects-normal/arm64/PlaybackSleepLockTests.d --serialize-diagnostics /Users/user2/Library/Developer/Xcode/DerivedData/Hermes-gayrmdhfnqltfgffycgkcqztcdfv/Build/Intermediates.noindex/Hermes.build/Debug/HermesTests.build/Objects-normal/arm64/PlaybackSleepLockTests.dia -c /Users/user2/Downloads/PersonalProgAppsWorking/Hermes-master/HermesTests/PlaybackSleepLockTests.m -o /Users/user2/Library/Developer/Xcode/DerivedData/Hermes-gayrmdhfnqltfgffycgkcqztcdfv/Build/Intermediates.noindex/Hermes.build/Debug/HermesTests.build/Objects-normal/arm64/PlaybackSleepLockTests.o -index-unit-output-path /Hermes.build/Debug/HermesTests.build/Objects-normal/arm64/PlaybackSleepLockTests.o

ScanDependencies /Users/user2/Library/Developer/Xcode/DerivedData/Hermes-gayrmdhfnqltfgffycgkcqztcdfv/Build/Intermediates.noindex/Hermes.build/Debug/HermesTests.build/Objects-normal/arm64/PlaybackControllerTests.o /Users/user2/Downloads/PersonalProgAppsWorking/Hermes-master/HermesTests/PlaybackControllerTests.m normal arm64 objective-c com.apple.compilers.llvm.clang.1_0.compiler (in target 'HermesTests' from project 'Hermes')
    cd /Users/user2/Downloads/PersonalProgAppsWorking/Hermes-master
    
    Using response file: /Users/user2/Library/Developer/Xcode/DerivedData/Hermes-gayrmdhfnqltfgffycgkcqztcdfv/Build/Intermediates.noindex/Hermes.build/Debug/HermesTests.build/Objects-normal/arm64/e6072d4f65d7061329687fe24e3d63a7-common-args.resp
    
    builtin-ScanDependencies -o /Users/user2/Library/Developer/Xcode/DerivedData/Hermes-gayrmdhfnqltfgffycgkcqztcdfv/Build/Intermediates.noindex/Hermes.build/Debug/HermesTests.build/Objects-normal/arm64/PlaybackControllerTests.o.scan -- /Applications/Xcode.app/Contents/Developer/Toolchains/XcodeDefault.xctoolchain/usr/bin/clang -x objective-c -ivfsstatcache /Users/user2/Library/Developer/Xcode/DerivedData/SDKStatCaches.noindex/macosx15.5-24F74-8254517eb8b97d462ccbc072ba9094c9.sdkstatcache -fmessage-length\=0 -fdiagnostics-show-note-include-stack -fmacro-backtrace-limit\=0 -fno-color-diagnostics -fmodules-prune-interval\=86400 -fmodules-prune-after\=345600 -fbuild-session-file\=/Users/user2/Library/Developer/Xcode/DerivedData/ModuleCache.noindex/Session.modulevalidation -fmodules-validate-once-per-build-session -Wnon-modular-include-in-framework-module -Werror\=non-modular-include-in-framework-module -Wno-trigraphs -Werror -Wno-missing-field-initializers -Wno-missing-prototypes -Werror\=return-type -Wdocumentation -Wunreachable-code -Wquoted-include-in-framework-header -Wno-implicit-atomic-properties -Werror\=deprecated-objc-isa-usage -Wno-objc-interface-ivars -Werror\=objc-root-class -Wno-arc-repeated-use-of-weak -Wimplicit-retain-self -Wduplicate-method-match -Wno-missing-braces -Wparentheses -Wswitch -Wunused-function -Wno-unused-label -Wno-unused-parameter -Wunused-variable -Wunused-value -Wempty-body -Wuninitialized -Wconditional-uninitialized -Wno-unknown-pragmas -Wno-shadow -Wno-four-char-constants -Wno-conversion -Wconstant-conversion -Wint-conversion -Wbool-conversion -Wenum-conversion -Wno-float-conversion -Wnon-literal-null-conversion -Wobjc-literal-conversion -Wshorten-64-to-32 -Wpointer-sign -Wno-newline-eof -Wno-selector -Wno-strict-selector-match -Wundeclared-selector -Wdeprecated-implementations -Wno-implicit-fallthrough -fstrict-aliasing -Wprotocol -Wdeprecated-declarations -Wno-sign-conversion -Winfinite-recursion -Wcomma -Wblock-capture-autoreleasing -Wstrict-prototypes -Wno-semicolon-before-method-body -Wunguarded-availability -index-store-path /Users/user2/Library/Developer/Xcode/DerivedData/Hermes-gayrmdhfnqltfgffycgkcqztcdfv/Index.noindex/DataStore -Wall @/Users/user2/Library/Developer/Xcode/DerivedData/Hermes-gayrmdhfnqltfgffycgkcqztcdfv/Build/Intermediates.noindex/Hermes.build/Debug/HermesTests.build/Objects-normal/arm64/e6072d4f65d7061329687fe24e3d63a7-common-args.resp -MMD -MT dependencies -MF /Users/user2/Library/Developer/Xcode/DerivedData/Hermes-gayrmdhfnqltfgffycgkcqztcdfv/Build/Intermediates.noindex/Hermes.build/Debug/HermesTests.build/Objects-normal/arm64/PlaybackControllerTests.d --serialize-diagnostics /Users/user2/Library/Developer/Xcode/DerivedData/Hermes-gayrmdhfnqltfgffycgkcqztcdfv/Build/Intermediates.noindex/Hermes.build/Debug/HermesTests.build/Objects-normal/arm64/PlaybackControllerTests.dia -c /Users/user2/Downloads/PersonalProgAppsWorking/Hermes-master/HermesTests/PlaybackControllerTests.m -o /Users/user2/Library/Developer/Xcode/DerivedData/Hermes-gayrmdhfnqltfgffycgkcqztcdfv/Build/Intermediates.noindex/Hermes.build/Debug/HermesTests.build/Objects-normal/arm64/PlaybackControllerTests.o -index-unit-output-path /Hermes.build/Debug/HermesTests.build/Objects-normal/arm64/PlaybackControllerTests.o

ScanDependencies /Users/user2/Library/Developer/Xcode/DerivedData/Hermes-gayrmdhfnqltfgffycgkcqztcdfv/Build/Intermediates.noindex/Hermes.build/Debug/HermesTests.build/Objects-normal/arm64/PandoraSendRequestTests.o /Users/user2/Downloads/PersonalProgAppsWorking/Hermes-master/HermesTests/PandoraSendRequestTests.m normal arm64 objective-c com.apple.compilers.llvm.clang.1_0.compiler (in target 'HermesTests' from project 'Hermes')
    cd /Users/user2/Downloads/PersonalProgAppsWorking/Hermes-master
    
    Using response file: /Users/user2/Library/Developer/Xcode/DerivedData/Hermes-gayrmdhfnqltfgffycgkcqztcdfv/Build/Intermediates.noindex/Hermes.build/Debug/HermesTests.build/Objects-normal/arm64/e6072d4f65d7061329687fe24e3d63a7-common-args.resp
    
    builtin-ScanDependencies -o /Users/user2/Library/Developer/Xcode/DerivedData/Hermes-gayrmdhfnqltfgffycgkcqztcdfv/Build/Intermediates.noindex/Hermes.build/Debug/HermesTests.build/Objects-normal/arm64/PandoraSendRequestTests.o.scan -- /Applications/Xcode.app/Contents/Developer/Toolchains/XcodeDefault.xctoolchain/usr/bin/clang -x objective-c -ivfsstatcache /Users/user2/Library/Developer/Xcode/DerivedData/SDKStatCaches.noindex/macosx15.5-24F74-8254517eb8b97d462ccbc072ba9094c9.sdkstatcache -fmessage-length\=0 -fdiagnostics-show-note-include-stack -fmacro-backtrace-limit\=0 -fno-color-diagnostics -fmodules-prune-interval\=86400 -fmodules-prune-after\=345600 -fbuild-session-file\=/Users/user2/Library/Developer/Xcode/DerivedData/ModuleCache.noindex/Session.modulevalidation -fmodules-validate-once-per-build-session -Wnon-modular-include-in-framework-module -Werror\=non-modular-include-in-framework-module -Wno-trigraphs -Werror -Wno-missing-field-initializers -Wno-missing-prototypes -Werror\=return-type -Wdocumentation -Wunreachable-code -Wquoted-include-in-framework-header -Wno-implicit-atomic-properties -Werror\=deprecated-objc-isa-usage -Wno-objc-interface-ivars -Werror\=objc-root-class -Wno-arc-repeated-use-of-weak -Wimplicit-retain-self -Wduplicate-method-match -Wno-missing-braces -Wparentheses -Wswitch -Wunused-function -Wno-unused-label -Wno-unused-parameter -Wunused-variable -Wunused-value -Wempty-body -Wuninitialized -Wconditional-uninitialized -Wno-unknown-pragmas -Wno-shadow -Wno-four-char-constants -Wno-conversion -Wconstant-conversion -Wint-conversion -Wbool-conversion -Wenum-conversion -Wno-float-conversion -Wnon-literal-null-conversion -Wobjc-literal-conversion -Wshorten-64-to-32 -Wpointer-sign -Wno-newline-eof -Wno-selector -Wno-strict-selector-match -Wundeclared-selector -Wdeprecated-implementations -Wno-implicit-fallthrough -fstrict-aliasing -Wprotocol -Wdeprecated-declarations -Wno-sign-conversion -Winfinite-recursion -Wcomma -Wblock-capture-autoreleasing -Wstrict-prototypes -Wno-semicolon-before-method-body -Wunguarded-availability -index-store-path /Users/user2/Library/Developer/Xcode/DerivedData/Hermes-gayrmdhfnqltfgffycgkcqztcdfv/Index.noindex/DataStore -Wall @/Users/user2/Library/Developer/Xcode/DerivedData/Hermes-gayrmdhfnqltfgffycgkcqztcdfv/Build/Intermediates.noindex/Hermes.build/Debug/HermesTests.build/Objects-normal/arm64/e6072d4f65d7061329687fe24e3d63a7-common-args.resp -MMD -MT dependencies -MF /Users/user2/Library/Developer/Xcode/DerivedData/Hermes-gayrmdhfnqltfgffycgkcqztcdfv/Build/Intermediates.noindex/Hermes.build/Debug/HermesTests.build/Objects-normal/arm64/PandoraSendRequestTests.d --serialize-diagnostics /Users/user2/Library/Developer/Xcode/DerivedData/Hermes-gayrmdhfnqltfgffycgkcqztcdfv/Build/Intermediates.noindex/Hermes.build/Debug/HermesTests.build/Objects-normal/arm64/PandoraSendRequestTests.dia -c /Users/user2/Downloads/PersonalProgAppsWorking/Hermes-master/HermesTests/PandoraSendRequestTests.m -o /Users/user2/Library/Developer/Xcode/DerivedData/Hermes-gayrmdhfnqltfgffycgkcqztcdfv/Build/Intermediates.noindex/Hermes.build/Debug/HermesTests.build/Objects-normal/arm64/PandoraSendRequestTests.o -index-unit-output-path /Hermes.build/Debug/HermesTests.build/Objects-normal/arm64/PandoraSendRequestTests.o

PrecompileModule /Users/user2/Library/Developer/Xcode/DerivedData/Hermes-gayrmdhfnqltfgffycgkcqztcdfv/Build/Intermediates.noindex/ExplicitPrecompiledModules/TargetConditionals-9JJLPG3H0JWF7RKSNQ9HO0LAQ.scan
    cd /Users/user2/Downloads/PersonalProgAppsWorking/Hermes-master
    builtin-precompileModule /Users/user2/Library/Developer/Xcode/DerivedData/Hermes-gayrmdhfnqltfgffycgkcqztcdfv/Build/Intermediates.noindex/ExplicitPrecompiledModules/TargetConditionals-9JJLPG3H0JWF7RKSNQ9HO0LAQ.scan

PrecompileModule /Users/user2/Library/Developer/Xcode/DerivedData/Hermes-gayrmdhfnqltfgffycgkcqztcdfv/Build/Intermediates.noindex/ExplicitPrecompiledModules/_float-DIERFH6O6A2OA8UO1WDJZLXXV.scan
    cd /Users/user2/Downloads/PersonalProgAppsWorking/Hermes-master
    builtin-precompileModule /Users/user2/Library/Developer/Xcode/DerivedData/Hermes-gayrmdhfnqltfgffycgkcqztcdfv/Build/Intermediates.noindex/ExplicitPrecompiledModules/_float-DIERFH6O6A2OA8UO1WDJZLXXV.scan

PrecompileModule /Users/user2/Library/Developer/Xcode/DerivedData/Hermes-gayrmdhfnqltfgffycgkcqztcdfv/Build/Intermediates.noindex/ExplicitPrecompiledModules/_Builtin_stdbool-B6JGMNRMTJSZBFEZIZ1NU39RR.scan
    cd /Users/user2/Downloads/PersonalProgAppsWorking/Hermes-master
    builtin-precompileModule /Users/user2/Library/Developer/Xcode/DerivedData/Hermes-gayrmdhfnqltfgffycgkcqztcdfv/Build/Intermediates.noindex/ExplicitPrecompiledModules/_Builtin_stdbool-B6JGMNRMTJSZBFEZIZ1NU39RR.scan

PrecompileModule /Users/user2/Library/Developer/Xcode/DerivedData/Hermes-gayrmdhfnqltfgffycgkcqztcdfv/Build/Intermediates.noindex/ExplicitPrecompiledModules/os_availability_internal-EWIHH9D7NKY44CGR9U1VV3HRE.scan
    cd /Users/user2/Downloads/PersonalProgAppsWorking/Hermes-master
    builtin-precompileModule /Users/user2/Library/Developer/Xcode/DerivedData/Hermes-gayrmdhfnqltfgffycgkcqztcdfv/Build/Intermediates.noindex/ExplicitPrecompiledModules/os_availability_internal-EWIHH9D7NKY44CGR9U1VV3HRE.scan

PrecompileModule /Users/user2/Library/Developer/Xcode/DerivedData/Hermes-gayrmdhfnqltfgffycgkcqztcdfv/Build/Intermediates.noindex/ExplicitPrecompiledModules/ptrcheck-BGY0RRDXKSC91NXCZV4FKTSAP.scan
    cd /Users/user2/Downloads/PersonalProgAppsWorking/Hermes-master
    builtin-precompileModule /Users/user2/Library/Developer/Xcode/DerivedData/Hermes-gayrmdhfnqltfgffycgkcqztcdfv/Build/Intermediates.noindex/ExplicitPrecompiledModules/ptrcheck-BGY0RRDXKSC91NXCZV4FKTSAP.scan

PrecompileModule /Users/user2/Library/Developer/Xcode/DerivedData/Hermes-gayrmdhfnqltfgffycgkcqztcdfv/Build/Intermediates.noindex/ExplicitPrecompiledModules/_fenv-DC5YAGJNJ8XFUK29W9Z83WCYP.scan
    cd /Users/user2/Downloads/PersonalProgAppsWorking/Hermes-master
    builtin-precompileModule /Users/user2/Library/Developer/Xcode/DerivedData/Hermes-gayrmdhfnqltfgffycgkcqztcdfv/Build/Intermediates.noindex/ExplicitPrecompiledModules/_fenv-DC5YAGJNJ8XFUK29W9Z83WCYP.scan

PrecompileModule /Users/user2/Library/Developer/Xcode/DerivedData/Hermes-gayrmdhfnqltfgffycgkcqztcdfv/Build/Intermediates.noindex/ExplicitPrecompiledModules/_Builtin_stddef-71GWAFCGMOYIVXNB157ZSR1JQ.scan
    cd /Users/user2/Downloads/PersonalProgAppsWorking/Hermes-master
    builtin-precompileModule /Users/user2/Library/Developer/Xcode/DerivedData/Hermes-gayrmdhfnqltfgffycgkcqztcdfv/Build/Intermediates.noindex/ExplicitPrecompiledModules/_Builtin_stddef-71GWAFCGMOYIVXNB157ZSR1JQ.scan

PrecompileModule /Users/user2/Library/Developer/Xcode/DerivedData/Hermes-gayrmdhfnqltfgffycgkcqztcdfv/Build/Intermediates.noindex/ExplicitPrecompiledModules/_Builtin_iso646-6BCY6UJXJAXXQOGXJ1W0EO7NR.scan
    cd /Users/user2/Downloads/PersonalProgAppsWorking/Hermes-master
    builtin-precompileModule /Users/user2/Library/Developer/Xcode/DerivedData/Hermes-gayrmdhfnqltfgffycgkcqztcdfv/Build/Intermediates.noindex/ExplicitPrecompiledModules/_Builtin_iso646-6BCY6UJXJAXXQOGXJ1W0EO7NR.scan

PrecompileModule /Users/user2/Library/Developer/Xcode/DerivedData/Hermes-gayrmdhfnqltfgffycgkcqztcdfv/Build/Intermediates.noindex/ExplicitPrecompiledModules/ptrauth-AEH7VPLKFR8GHMEZX5XJ8MEUS.scan
    cd /Users/user2/Downloads/PersonalProgAppsWorking/Hermes-master
    builtin-precompileModule /Users/user2/Library/Developer/Xcode/DerivedData/Hermes-gayrmdhfnqltfgffycgkcqztcdfv/Build/Intermediates.noindex/ExplicitPrecompiledModules/ptrauth-AEH7VPLKFR8GHMEZX5XJ8MEUS.scan

PrecompileModule /Users/user2/Library/Developer/Xcode/DerivedData/Hermes-gayrmdhfnqltfgffycgkcqztcdfv/Build/Intermediates.noindex/ExplicitPrecompiledModules/_Builtin_stdarg-6ZJGS2QSI030M42YZP715RIIH.scan
    cd /Users/user2/Downloads/PersonalProgAppsWorking/Hermes-master
    builtin-precompileModule /Users/user2/Library/Developer/Xcode/DerivedData/Hermes-gayrmdhfnqltfgffycgkcqztcdfv/Build/Intermediates.noindex/ExplicitPrecompiledModules/_Builtin_stdarg-6ZJGS2QSI030M42YZP715RIIH.scan

ScanDependencies /Users/user2/Library/Developer/Xcode/DerivedData/Hermes-gayrmdhfnqltfgffycgkcqztcdfv/Build/Intermediates.noindex/Hermes.build/Debug/HermesTests.build/Objects-normal/arm64/PandoraExplainSongTests.o /Users/user2/Downloads/PersonalProgAppsWorking/Hermes-master/HermesTests/PandoraExplainSongTests.m normal arm64 objective-c com.apple.compilers.llvm.clang.1_0.compiler (in target 'HermesTests' from project 'Hermes')
    cd /Users/user2/Downloads/PersonalProgAppsWorking/Hermes-master
    
    Using response file: /Users/user2/Library/Developer/Xcode/DerivedData/Hermes-gayrmdhfnqltfgffycgkcqztcdfv/Build/Intermediates.noindex/Hermes.build/Debug/HermesTests.build/Objects-normal/arm64/e6072d4f65d7061329687fe24e3d63a7-common-args.resp
    
    builtin-ScanDependencies -o /Users/user2/Library/Developer/Xcode/DerivedData/Hermes-gayrmdhfnqltfgffycgkcqztcdfv/Build/Intermediates.noindex/Hermes.build/Debug/HermesTests.build/Objects-normal/arm64/PandoraExplainSongTests.o.scan -- /Applications/Xcode.app/Contents/Developer/Toolchains/XcodeDefault.xctoolchain/usr/bin/clang -x objective-c -ivfsstatcache /Users/user2/Library/Developer/Xcode/DerivedData/SDKStatCaches.noindex/macosx15.5-24F74-8254517eb8b97d462ccbc072ba9094c9.sdkstatcache -fmessage-length\=0 -fdiagnostics-show-note-include-stack -fmacro-backtrace-limit\=0 -fno-color-diagnostics -fmodules-prune-interval\=86400 -fmodules-prune-after\=345600 -fbuild-session-file\=/Users/user2/Library/Developer/Xcode/DerivedData/ModuleCache.noindex/Session.modulevalidation -fmodules-validate-once-per-build-session -Wnon-modular-include-in-framework-module -Werror\=non-modular-include-in-framework-module -Wno-trigraphs -Werror -Wno-missing-field-initializers -Wno-missing-prototypes -Werror\=return-type -Wdocumentation -Wunreachable-code -Wquoted-include-in-framework-header -Wno-implicit-atomic-properties -Werror\=deprecated-objc-isa-usage -Wno-objc-interface-ivars -Werror\=objc-root-class -Wno-arc-repeated-use-of-weak -Wimplicit-retain-self -Wduplicate-method-match -Wno-missing-braces -Wparentheses -Wswitch -Wunused-function -Wno-unused-label -Wno-unused-parameter -Wunused-variable -Wunused-value -Wempty-body -Wuninitialized -Wconditional-uninitialized -Wno-unknown-pragmas -Wno-shadow -Wno-four-char-constants -Wno-conversion -Wconstant-conversion -Wint-conversion -Wbool-conversion -Wenum-conversion -Wno-float-conversion -Wnon-literal-null-conversion -Wobjc-literal-conversion -Wshorten-64-to-32 -Wpointer-sign -Wno-newline-eof -Wno-selector -Wno-strict-selector-match -Wundeclared-selector -Wdeprecated-implementations -Wno-implicit-fallthrough -fstrict-aliasing -Wprotocol -Wdeprecated-declarations -Wno-sign-conversion -Winfinite-recursion -Wcomma -Wblock-capture-autoreleasing -Wstrict-prototypes -Wno-semicolon-before-method-body -Wunguarded-availability -index-store-path /Users/user2/Library/Developer/Xcode/DerivedData/Hermes-gayrmdhfnqltfgffycgkcqztcdfv/Index.noindex/DataStore -Wall @/Users/user2/Library/Developer/Xcode/DerivedData/Hermes-gayrmdhfnqltfgffycgkcqztcdfv/Build/Intermediates.noindex/Hermes.build/Debug/HermesTests.build/Objects-normal/arm64/e6072d4f65d7061329687fe24e3d63a7-common-args.resp -MMD -MT dependencies -MF /Users/user2/Library/Developer/Xcode/DerivedData/Hermes-gayrmdhfnqltfgffycgkcqztcdfv/Build/Intermediates.noindex/Hermes.build/Debug/HermesTests.build/Objects-normal/arm64/PandoraExplainSongTests.d --serialize-diagnostics /Users/user2/Library/Developer/Xcode/DerivedData/Hermes-gayrmdhfnqltfgffycgkcqztcdfv/Build/Intermediates.noindex/Hermes.build/Debug/HermesTests.build/Objects-normal/arm64/PandoraExplainSongTests.dia -c /Users/user2/Downloads/PersonalProgAppsWorking/Hermes-master/HermesTests/PandoraExplainSongTests.m -o /Users/user2/Library/Developer/Xcode/DerivedData/Hermes-gayrmdhfnqltfgffycgkcqztcdfv/Build/Intermediates.noindex/Hermes.build/Debug/HermesTests.build/Objects-normal/arm64/PandoraExplainSongTests.o -index-unit-output-path /Hermes.build/Debug/HermesTests.build/Objects-normal/arm64/PandoraExplainSongTests.o

PrecompileModule /Users/user2/Library/Developer/Xcode/DerivedData/Hermes-gayrmdhfnqltfgffycgkcqztcdfv/Build/Intermediates.noindex/ExplicitPrecompiledModules/_Builtin_float-6813GV0OPCIOJGTGNPQLMUS0A.scan
    cd /Users/user2/Downloads/PersonalProgAppsWorking/Hermes-master
    builtin-precompileModule /Users/user2/Library/Developer/Xcode/DerivedData/Hermes-gayrmdhfnqltfgffycgkcqztcdfv/Build/Intermediates.noindex/ExplicitPrecompiledModules/_Builtin_float-6813GV0OPCIOJGTGNPQLMUS0A.scan

PrecompileModule /Users/user2/Library/Developer/Xcode/DerivedData/Hermes-gayrmdhfnqltfgffycgkcqztcdfv/Build/Intermediates.noindex/ExplicitPrecompiledModules/os_availability-9N0TEVJ9KK5O6KBCOOU06HWUN.scan
    cd /Users/user2/Downloads/PersonalProgAppsWorking/Hermes-master
    builtin-precompileModule /Users/user2/Library/Developer/Xcode/DerivedData/Hermes-gayrmdhfnqltfgffycgkcqztcdfv/Build/Intermediates.noindex/ExplicitPrecompiledModules/os_availability-9N0TEVJ9KK5O6KBCOOU06HWUN.scan

ScanDependencies /Users/user2/Library/Developer/Xcode/DerivedData/Hermes-gayrmdhfnqltfgffycgkcqztcdfv/Build/Intermediates.noindex/Hermes.build/Debug/HermesTests.build/Objects-normal/arm64/HermesTests_vers.o /Users/user2/Library/Developer/Xcode/DerivedData/Hermes-gayrmdhfnqltfgffycgkcqztcdfv/Build/Intermediates.noindex/Hermes.build/Debug/HermesTests.build/DerivedSources/HermesTests_vers.c normal arm64 c com.apple.compilers.llvm.clang.1_0.compiler (in target 'HermesTests' from project 'Hermes')
    cd /Users/user2/Downloads/PersonalProgAppsWorking/Hermes-master
    
    Using response file: /Users/user2/Library/Developer/Xcode/DerivedData/Hermes-gayrmdhfnqltfgffycgkcqztcdfv/Build/Intermediates.noindex/Hermes.build/Debug/HermesTests.build/Objects-normal/arm64/7187679823f38a2a940e0043cdf9d637-common-args.resp
    
    builtin-ScanDependencies -o /Users/user2/Library/Developer/Xcode/DerivedData/Hermes-gayrmdhfnqltfgffycgkcqztcdfv/Build/Intermediates.noindex/Hermes.build/Debug/HermesTests.build/Objects-normal/arm64/HermesTests_vers.o.scan -- /Applications/Xcode.app/Contents/Developer/Toolchains/XcodeDefault.xctoolchain/usr/bin/clang -x c -ivfsstatcache /Users/user2/Library/Developer/Xcode/DerivedData/SDKStatCaches.noindex/macosx15.5-24F74-8254517eb8b97d462ccbc072ba9094c9.sdkstatcache -fmessage-length\=0 -fdiagnostics-show-note-include-stack -fmacro-backtrace-limit\=0 -fno-color-diagnostics -fmodules-prune-interval\=86400 -fmodules-prune-after\=345600 -fbuild-session-file\=/Users/user2/Library/Developer/Xcode/DerivedData/ModuleCache.noindex/Session.modulevalidation -fmodules-validate-once-per-build-session -Wnon-modular-include-in-framework-module -Werror\=non-modular-include-in-framework-module -Wno-trigraphs -Werror -Wno-missing-field-initializers -Wno-missing-prototypes -Werror\=return-type -Wdocumentation -Wunreachable-code -Wquoted-include-in-framework-header -Werror\=deprecated-objc-isa-usage -Werror\=objc-root-class -Wno-missing-braces -Wparentheses -Wswitch -Wunused-function -Wno-unused-label -Wno-unused-parameter -Wunused-variable -Wunused-value -Wempty-body -Wuninitialized -Wconditional-uninitialized -Wno-unknown-pragmas -Wno-shadow -Wno-four-char-constants -Wno-conversion -Wconstant-conversion -Wint-conversion -Wbool-conversion -Wenum-conversion -Wno-float-conversion -Wnon-literal-null-conversion -Wobjc-literal-conversion -Wshorten-64-to-32 -Wpointer-sign -Wno-newline-eof -Wno-implicit-fallthrough -fstrict-aliasing -Wdeprecated-declarations -Wno-sign-conversion -Winfinite-recursion -Wcomma -Wblock-capture-autoreleasing -Wstrict-prototypes -Wno-semicolon-before-method-body -Wunguarded-availability -index-store-path /Users/user2/Library/Developer/Xcode/DerivedData/Hermes-gayrmdhfnqltfgffycgkcqztcdfv/Index.noindex/DataStore -Wall @/Users/user2/Library/Developer/Xcode/DerivedData/Hermes-gayrmdhfnqltfgffycgkcqztcdfv/Build/Intermediates.noindex/Hermes.build/Debug/HermesTests.build/Objects-normal/arm64/7187679823f38a2a940e0043cdf9d637-common-args.resp -MMD -MT dependencies -MF /Users/user2/Library/Developer/Xcode/DerivedData/Hermes-gayrmdhfnqltfgffycgkcqztcdfv/Build/Intermediates.noindex/Hermes.build/Debug/HermesTests.build/Objects-normal/arm64/HermesTests_vers.d --serialize-diagnostics /Users/user2/Library/Developer/Xcode/DerivedData/Hermes-gayrmdhfnqltfgffycgkcqztcdfv/Build/Intermediates.noindex/Hermes.build/Debug/HermesTests.build/Objects-normal/arm64/HermesTests_vers.dia -c /Users/user2/Library/Developer/Xcode/DerivedData/Hermes-gayrmdhfnqltfgffycgkcqztcdfv/Build/Intermediates.noindex/Hermes.build/Debug/HermesTests.build/DerivedSources/HermesTests_vers.c -o /Users/user2/Library/Developer/Xcode/DerivedData/Hermes-gayrmdhfnqltfgffycgkcqztcdfv/Build/Intermediates.noindex/Hermes.build/Debug/HermesTests.build/Objects-normal/arm64/HermesTests_vers.o -index-unit-output-path /Hermes.build/Debug/HermesTests.build/Objects-normal/arm64/HermesTests_vers.o

ScanDependencies /Users/user2/Library/Developer/Xcode/DerivedData/Hermes-gayrmdhfnqltfgffycgkcqztcdfv/Build/Intermediates.noindex/Hermes.build/Debug/HermesTests.build/Objects-normal/arm64/MediaPermissionTests.o /Users/user2/Downloads/PersonalProgAppsWorking/Hermes-master/HermesTests/MediaPermissionTests.m normal arm64 objective-c com.apple.compilers.llvm.clang.1_0.compiler (in target 'HermesTests' from project 'Hermes')
    cd /Users/user2/Downloads/PersonalProgAppsWorking/Hermes-master
    
    Using response file: /Users/user2/Library/Developer/Xcode/DerivedData/Hermes-gayrmdhfnqltfgffycgkcqztcdfv/Build/Intermediates.noindex/Hermes.build/Debug/HermesTests.build/Objects-normal/arm64/e6072d4f65d7061329687fe24e3d63a7-common-args.resp
    
    builtin-ScanDependencies -o /Users/user2/Library/Developer/Xcode/DerivedData/Hermes-gayrmdhfnqltfgffycgkcqztcdfv/Build/Intermediates.noindex/Hermes.build/Debug/HermesTests.build/Objects-normal/arm64/MediaPermissionTests.o.scan -- /Applications/Xcode.app/Contents/Developer/Toolchains/XcodeDefault.xctoolchain/usr/bin/clang -x objective-c -ivfsstatcache /Users/user2/Library/Developer/Xcode/DerivedData/SDKStatCaches.noindex/macosx15.5-24F74-8254517eb8b97d462ccbc072ba9094c9.sdkstatcache -fmessage-length\=0 -fdiagnostics-show-note-include-stack -fmacro-backtrace-limit\=0 -fno-color-diagnostics -fmodules-prune-interval\=86400 -fmodules-prune-after\=345600 -fbuild-session-file\=/Users/user2/Library/Developer/Xcode/DerivedData/ModuleCache.noindex/Session.modulevalidation -fmodules-validate-once-per-build-session -Wnon-modular-include-in-framework-module -Werror\=non-modular-include-in-framework-module -Wno-trigraphs -Werror -Wno-missing-field-initializers -Wno-missing-prototypes -Werror\=return-type -Wdocumentation -Wunreachable-code -Wquoted-include-in-framework-header -Wno-implicit-atomic-properties -Werror\=deprecated-objc-isa-usage -Wno-objc-interface-ivars -Werror\=objc-root-class -Wno-arc-repeated-use-of-weak -Wimplicit-retain-self -Wduplicate-method-match -Wno-missing-braces -Wparentheses -Wswitch -Wunused-function -Wno-unused-label -Wno-unused-parameter -Wunused-variable -Wunused-value -Wempty-body -Wuninitialized -Wconditional-uninitialized -Wno-unknown-pragmas -Wno-shadow -Wno-four-char-constants -Wno-conversion -Wconstant-conversion -Wint-conversion -Wbool-conversion -Wenum-conversion -Wno-float-conversion -Wnon-literal-null-conversion -Wobjc-literal-conversion -Wshorten-64-to-32 -Wpointer-sign -Wno-newline-eof -Wno-selector -Wno-strict-selector-match -Wundeclared-selector -Wdeprecated-implementations -Wno-implicit-fallthrough -fstrict-aliasing -Wprotocol -Wdeprecated-declarations -Wno-sign-conversion -Winfinite-recursion -Wcomma -Wblock-capture-autoreleasing -Wstrict-prototypes -Wno-semicolon-before-method-body -Wunguarded-availability -index-store-path /Users/user2/Library/Developer/Xcode/DerivedData/Hermes-gayrmdhfnqltfgffycgkcqztcdfv/Index.noindex/DataStore -Wall @/Users/user2/Library/Developer/Xcode/DerivedData/Hermes-gayrmdhfnqltfgffycgkcqztcdfv/Build/Intermediates.noindex/Hermes.build/Debug/HermesTests.build/Objects-normal/arm64/e6072d4f65d7061329687fe24e3d63a7-common-args.resp -MMD -MT dependencies -MF /Users/user2/Library/Developer/Xcode/DerivedData/Hermes-gayrmdhfnqltfgffycgkcqztcdfv/Build/Intermediates.noindex/Hermes.build/Debug/HermesTests.build/Objects-normal/arm64/MediaPermissionTests.d --serialize-diagnostics /Users/user2/Library/Developer/Xcode/DerivedData/Hermes-gayrmdhfnqltfgffycgkcqztcdfv/Build/Intermediates.noindex/Hermes.build/Debug/HermesTests.build/Objects-normal/arm64/MediaPermissionTests.dia -c /Users/user2/Downloads/PersonalProgAppsWorking/Hermes-master/HermesTests/MediaPermissionTests.m -o /Users/user2/Library/Developer/Xcode/DerivedData/Hermes-gayrmdhfnqltfgffycgkcqztcdfv/Build/Intermediates.noindex/Hermes.build/Debug/HermesTests.build/Objects-normal/arm64/MediaPermissionTests.o -index-unit-output-path /Hermes.build/Debug/HermesTests.build/Objects-normal/arm64/MediaPermissionTests.o

ScanDependencies /Users/user2/Library/Developer/Xcode/DerivedData/Hermes-gayrmdhfnqltfgffycgkcqztcdfv/Build/Intermediates.noindex/Hermes.build/Debug/HermesTests.build/Objects-normal/arm64/AuthControllerTests.o /Users/user2/Downloads/PersonalProgAppsWorking/Hermes-master/HermesTests/AuthControllerTests.m normal arm64 objective-c com.apple.compilers.llvm.clang.1_0.compiler (in target 'HermesTests' from project 'Hermes')
    cd /Users/user2/Downloads/PersonalProgAppsWorking/Hermes-master
    
    Using response file: /Users/user2/Library/Developer/Xcode/DerivedData/Hermes-gayrmdhfnqltfgffycgkcqztcdfv/Build/Intermediates.noindex/Hermes.build/Debug/HermesTests.build/Objects-normal/arm64/e6072d4f65d7061329687fe24e3d63a7-common-args.resp
    
    builtin-ScanDependencies -o /Users/user2/Library/Developer/Xcode/DerivedData/Hermes-gayrmdhfnqltfgffycgkcqztcdfv/Build/Intermediates.noindex/Hermes.build/Debug/HermesTests.build/Objects-normal/arm64/AuthControllerTests.o.scan -- /Applications/Xcode.app/Contents/Developer/Toolchains/XcodeDefault.xctoolchain/usr/bin/clang -x objective-c -ivfsstatcache /Users/user2/Library/Developer/Xcode/DerivedData/SDKStatCaches.noindex/macosx15.5-24F74-8254517eb8b97d462ccbc072ba9094c9.sdkstatcache -fmessage-length\=0 -fdiagnostics-show-note-include-stack -fmacro-backtrace-limit\=0 -fno-color-diagnostics -fmodules-prune-interval\=86400 -fmodules-prune-after\=345600 -fbuild-session-file\=/Users/user2/Library/Developer/Xcode/DerivedData/ModuleCache.noindex/Session.modulevalidation -fmodules-validate-once-per-build-session -Wnon-modular-include-in-framework-module -Werror\=non-modular-include-in-framework-module -Wno-trigraphs -Werror -Wno-missing-field-initializers -Wno-missing-prototypes -Werror\=return-type -Wdocumentation -Wunreachable-code -Wquoted-include-in-framework-header -Wno-implicit-atomic-properties -Werror\=deprecated-objc-isa-usage -Wno-objc-interface-ivars -Werror\=objc-root-class -Wno-arc-repeated-use-of-weak -Wimplicit-retain-self -Wduplicate-method-match -Wno-missing-braces -Wparentheses -Wswitch -Wunused-function -Wno-unused-label -Wno-unused-parameter -Wunused-variable -Wunused-value -Wempty-body -Wuninitialized -Wconditional-uninitialized -Wno-unknown-pragmas -Wno-shadow -Wno-four-char-constants -Wno-conversion -Wconstant-conversion -Wint-conversion -Wbool-conversion -Wenum-conversion -Wno-float-conversion -Wnon-literal-null-conversion -Wobjc-literal-conversion -Wshorten-64-to-32 -Wpointer-sign -Wno-newline-eof -Wno-selector -Wno-strict-selector-match -Wundeclared-selector -Wdeprecated-implementations -Wno-implicit-fallthrough -fstrict-aliasing -Wprotocol -Wdeprecated-declarations -Wno-sign-conversion -Winfinite-recursion -Wcomma -Wblock-capture-autoreleasing -Wstrict-prototypes -Wno-semicolon-before-method-body -Wunguarded-availability -index-store-path /Users/user2/Library/Developer/Xcode/DerivedData/Hermes-gayrmdhfnqltfgffycgkcqztcdfv/Index.noindex/DataStore -Wall @/Users/user2/Library/Developer/Xcode/DerivedData/Hermes-gayrmdhfnqltfgffycgkcqztcdfv/Build/Intermediates.noindex/Hermes.build/Debug/HermesTests.build/Objects-normal/arm64/e6072d4f65d7061329687fe24e3d63a7-common-args.resp -MMD -MT dependencies -MF /Users/user2/Library/Developer/Xcode/DerivedData/Hermes-gayrmdhfnqltfgffycgkcqztcdfv/Build/Intermediates.noindex/Hermes.build/Debug/HermesTests.build/Objects-normal/arm64/AuthControllerTests.d --serialize-diagnostics /Users/user2/Library/Developer/Xcode/DerivedData/Hermes-gayrmdhfnqltfgffycgkcqztcdfv/Build/Intermediates.noindex/Hermes.build/Debug/HermesTests.build/Objects-normal/arm64/AuthControllerTests.dia -c /Users/user2/Downloads/PersonalProgAppsWorking/Hermes-master/HermesTests/AuthControllerTests.m -o /Users/user2/Library/Developer/Xcode/DerivedData/Hermes-gayrmdhfnqltfgffycgkcqztcdfv/Build/Intermediates.noindex/Hermes.build/Debug/HermesTests.build/Objects-normal/arm64/AuthControllerTests.o -index-unit-output-path /Hermes.build/Debug/HermesTests.build/Objects-normal/arm64/AuthControllerTests.o

ScanDependencies /Users/user2/Library/Developer/Xcode/DerivedData/Hermes-gayrmdhfnqltfgffycgkcqztcdfv/Build/Intermediates.noindex/Hermes.build/Debug/HermesTests.build/Objects-normal/arm64/AudioStreamerRetryTests.o /Users/user2/Downloads/PersonalProgAppsWorking/Hermes-master/HermesTests/AudioStreamerRetryTests.m normal arm64 objective-c com.apple.compilers.llvm.clang.1_0.compiler (in target 'HermesTests' from project 'Hermes')
    cd /Users/user2/Downloads/PersonalProgAppsWorking/Hermes-master
    
    Using response file: /Users/user2/Library/Developer/Xcode/DerivedData/Hermes-gayrmdhfnqltfgffycgkcqztcdfv/Build/Intermediates.noindex/Hermes.build/Debug/HermesTests.build/Objects-normal/arm64/e6072d4f65d7061329687fe24e3d63a7-common-args.resp
    
    builtin-ScanDependencies -o /Users/user2/Library/Developer/Xcode/DerivedData/Hermes-gayrmdhfnqltfgffycgkcqztcdfv/Build/Intermediates.noindex/Hermes.build/Debug/HermesTests.build/Objects-normal/arm64/AudioStreamerRetryTests.o.scan -- /Applications/Xcode.app/Contents/Developer/Toolchains/XcodeDefault.xctoolchain/usr/bin/clang -x objective-c -ivfsstatcache /Users/user2/Library/Developer/Xcode/DerivedData/SDKStatCaches.noindex/macosx15.5-24F74-8254517eb8b97d462ccbc072ba9094c9.sdkstatcache -fmessage-length\=0 -fdiagnostics-show-note-include-stack -fmacro-backtrace-limit\=0 -fno-color-diagnostics -fmodules-prune-interval\=86400 -fmodules-prune-after\=345600 -fbuild-session-file\=/Users/user2/Library/Developer/Xcode/DerivedData/ModuleCache.noindex/Session.modulevalidation -fmodules-validate-once-per-build-session -Wnon-modular-include-in-framework-module -Werror\=non-modular-include-in-framework-module -Wno-trigraphs -Werror -Wno-missing-field-initializers -Wno-missing-prototypes -Werror\=return-type -Wdocumentation -Wunreachable-code -Wquoted-include-in-framework-header -Wno-implicit-atomic-properties -Werror\=deprecated-objc-isa-usage -Wno-objc-interface-ivars -Werror\=objc-root-class -Wno-arc-repeated-use-of-weak -Wimplicit-retain-self -Wduplicate-method-match -Wno-missing-braces -Wparentheses -Wswitch -Wunused-function -Wno-unused-label -Wno-unused-parameter -Wunused-variable -Wunused-value -Wempty-body -Wuninitialized -Wconditional-uninitialized -Wno-unknown-pragmas -Wno-shadow -Wno-four-char-constants -Wno-conversion -Wconstant-conversion -Wint-conversion -Wbool-conversion -Wenum-conversion -Wno-float-conversion -Wnon-literal-null-conversion -Wobjc-literal-conversion -Wshorten-64-to-32 -Wpointer-sign -Wno-newline-eof -Wno-selector -Wno-strict-selector-match -Wundeclared-selector -Wdeprecated-implementations -Wno-implicit-fallthrough -fstrict-aliasing -Wprotocol -Wdeprecated-declarations -Wno-sign-conversion -Winfinite-recursion -Wcomma -Wblock-capture-autoreleasing -Wstrict-prototypes -Wno-semicolon-before-method-body -Wunguarded-availability -index-store-path /Users/user2/Library/Developer/Xcode/DerivedData/Hermes-gayrmdhfnqltfgffycgkcqztcdfv/Index.noindex/DataStore -Wall @/Users/user2/Library/Developer/Xcode/DerivedData/Hermes-gayrmdhfnqltfgffycgkcqztcdfv/Build/Intermediates.noindex/Hermes.build/Debug/HermesTests.build/Objects-normal/arm64/e6072d4f65d7061329687fe24e3d63a7-common-args.resp -MMD -MT dependencies -MF /Users/user2/Library/Developer/Xcode/DerivedData/Hermes-gayrmdhfnqltfgffycgkcqztcdfv/Build/Intermediates.noindex/Hermes.build/Debug/HermesTests.build/Objects-normal/arm64/AudioStreamerRetryTests.d --serialize-diagnostics /Users/user2/Library/Developer/Xcode/DerivedData/Hermes-gayrmdhfnqltfgffycgkcqztcdfv/Build/Intermediates.noindex/Hermes.build/Debug/HermesTests.build/Objects-normal/arm64/AudioStreamerRetryTests.dia -c /Users/user2/Downloads/PersonalProgAppsWorking/Hermes-master/HermesTests/AudioStreamerRetryTests.m -o /Users/user2/Library/Developer/Xcode/DerivedData/Hermes-gayrmdhfnqltfgffycgkcqztcdfv/Build/Intermediates.noindex/Hermes.build/Debug/HermesTests.build/Objects-normal/arm64/AudioStreamerRetryTests.o -index-unit-output-path /Hermes.build/Debug/HermesTests.build/Objects-normal/arm64/AudioStreamerRetryTests.o

ScanDependencies /Users/user2/Library/Developer/Xcode/DerivedData/Hermes-gayrmdhfnqltfgffycgkcqztcdfv/Build/Intermediates.noindex/Hermes.build/Debug/HermesTests.build/Objects-normal/arm64/AudioStreamerErrorClassificationTests.o /Users/user2/Downloads/PersonalProgAppsWorking/Hermes-master/HermesTests/AudioStreamerErrorClassificationTests.m normal arm64 objective-c com.apple.compilers.llvm.clang.1_0.compiler (in target 'HermesTests' from project 'Hermes')
    cd /Users/user2/Downloads/PersonalProgAppsWorking/Hermes-master
    
    Using response file: /Users/user2/Library/Developer/Xcode/DerivedData/Hermes-gayrmdhfnqltfgffycgkcqztcdfv/Build/Intermediates.noindex/Hermes.build/Debug/HermesTests.build/Objects-normal/arm64/e6072d4f65d7061329687fe24e3d63a7-common-args.resp
    
    builtin-ScanDependencies -o /Users/user2/Library/Developer/Xcode/DerivedData/Hermes-gayrmdhfnqltfgffycgkcqztcdfv/Build/Intermediates.noindex/Hermes.build/Debug/HermesTests.build/Objects-normal/arm64/AudioStreamerErrorClassificationTests.o.scan -- /Applications/Xcode.app/Contents/Developer/Toolchains/XcodeDefault.xctoolchain/usr/bin/clang -x objective-c -ivfsstatcache /Users/user2/Library/Developer/Xcode/DerivedData/SDKStatCaches.noindex/macosx15.5-24F74-8254517eb8b97d462ccbc072ba9094c9.sdkstatcache -fmessage-length\=0 -fdiagnostics-show-note-include-stack -fmacro-backtrace-limit\=0 -fno-color-diagnostics -fmodules-prune-interval\=86400 -fmodules-prune-after\=345600 -fbuild-session-file\=/Users/user2/Library/Developer/Xcode/DerivedData/ModuleCache.noindex/Session.modulevalidation -fmodules-validate-once-per-build-session -Wnon-modular-include-in-framework-module -Werror\=non-modular-include-in-framework-module -Wno-trigraphs -Werror -Wno-missing-field-initializers -Wno-missing-prototypes -Werror\=return-type -Wdocumentation -Wunreachable-code -Wquoted-include-in-framework-header -Wno-implicit-atomic-properties -Werror\=deprecated-objc-isa-usage -Wno-objc-interface-ivars -Werror\=objc-root-class -Wno-arc-repeated-use-of-weak -Wimplicit-retain-self -Wduplicate-method-match -Wno-missing-braces -Wparentheses -Wswitch -Wunused-function -Wno-unused-label -Wno-unused-parameter -Wunused-variable -Wunused-value -Wempty-body -Wuninitialized -Wconditional-uninitialized -Wno-unknown-pragmas -Wno-shadow -Wno-four-char-constants -Wno-conversion -Wconstant-conversion -Wint-conversion -Wbool-conversion -Wenum-conversion -Wno-float-conversion -Wnon-literal-null-conversion -Wobjc-literal-conversion -Wshorten-64-to-32 -Wpointer-sign -Wno-newline-eof -Wno-selector -Wno-strict-selector-match -Wundeclared-selector -Wdeprecated-implementations -Wno-implicit-fallthrough -fstrict-aliasing -Wprotocol -Wdeprecated-declarations -Wno-sign-conversion -Winfinite-recursion -Wcomma -Wblock-capture-autoreleasing -Wstrict-prototypes -Wno-semicolon-before-method-body -Wunguarded-availability -index-store-path /Users/user2/Library/Developer/Xcode/DerivedData/Hermes-gayrmdhfnqltfgffycgkcqztcdfv/Index.noindex/DataStore -Wall @/Users/user2/Library/Developer/Xcode/DerivedData/Hermes-gayrmdhfnqltfgffycgkcqztcdfv/Build/Intermediates.noindex/Hermes.build/Debug/HermesTests.build/Objects-normal/arm64/e6072d4f65d7061329687fe24e3d63a7-common-args.resp -MMD -MT dependencies -MF /Users/user2/Library/Developer/Xcode/DerivedData/Hermes-gayrmdhfnqltfgffycgkcqztcdfv/Build/Intermediates.noindex/Hermes.build/Debug/HermesTests.build/Objects-normal/arm64/AudioStreamerErrorClassificationTests.d --serialize-diagnostics /Users/user2/Library/Developer/Xcode/DerivedData/Hermes-gayrmdhfnqltfgffycgkcqztcdfv/Build/Intermediates.noindex/Hermes.build/Debug/HermesTests.build/Objects-normal/arm64/AudioStreamerErrorClassificationTests.dia -c /Users/user2/Downloads/PersonalProgAppsWorking/Hermes-master/HermesTests/AudioStreamerErrorClassificationTests.m -o /Users/user2/Library/Developer/Xcode/DerivedData/Hermes-gayrmdhfnqltfgffycgkcqztcdfv/Build/Intermediates.noindex/Hermes.build/Debug/HermesTests.build/Objects-normal/arm64/AudioStreamerErrorClassificationTests.o -index-unit-output-path /Hermes.build/Debug/HermesTests.build/Objects-normal/arm64/AudioStreamerErrorClassificationTests.o

CompileC /Users/user2/Library/Developer/Xcode/DerivedData/Hermes-gayrmdhfnqltfgffycgkcqztcdfv/Build/Intermediates.noindex/Hermes.build/Debug/HermesTests.build/Objects-normal/arm64/HermesTests_vers.o /Users/user2/Library/Developer/Xcode/DerivedData/Hermes-gayrmdhfnqltfgffycgkcqztcdfv/Build/Intermediates.noindex/Hermes.build/Debug/HermesTests.build/DerivedSources/HermesTests_vers.c normal arm64 c com.apple.compilers.llvm.clang.1_0.compiler (in target 'HermesTests' from project 'Hermes')
    cd /Users/user2/Downloads/PersonalProgAppsWorking/Hermes-master
    
    Using response file: /Users/user2/Library/Developer/Xcode/DerivedData/Hermes-gayrmdhfnqltfgffycgkcqztcdfv/Build/Intermediates.noindex/Hermes.build/Debug/HermesTests.build/Objects-normal/arm64/7187679823f38a2a940e0043cdf9d637-common-args.resp
    
    /Applications/Xcode.app/Contents/Developer/Toolchains/XcodeDefault.xctoolchain/usr/bin/clang -x c -ivfsstatcache /Users/user2/Library/Developer/Xcode/DerivedData/SDKStatCaches.noindex/macosx15.5-24F74-8254517eb8b97d462ccbc072ba9094c9.sdkstatcache -fmessage-length\=0 -fdiagnostics-show-note-include-stack -fmacro-backtrace-limit\=0 -fno-color-diagnostics -fmodules-prune-interval\=86400 -fmodules-prune-after\=345600 -fbuild-session-file\=/Users/user2/Library/Developer/Xcode/DerivedData/ModuleCache.noindex/Session.modulevalidation -fmodules-validate-once-per-build-session -Wnon-modular-include-in-framework-module -Werror\=non-modular-include-in-framework-module -Wno-trigraphs -Werror -Wno-missing-field-initializers -Wno-missing-prototypes -Werror\=return-type -Wdocumentation -Wunreachable-code -Wquoted-include-in-framework-header -Werror\=deprecated-objc-isa-usage -Werror\=objc-root-class -Wno-missing-braces -Wparentheses -Wswitch -Wunused-function -Wno-unused-label -Wno-unused-parameter -Wunused-variable -Wunused-value -Wempty-body -Wuninitialized -Wconditional-uninitialized -Wno-unknown-pragmas -Wno-shadow -Wno-four-char-constants -Wno-conversion -Wconstant-conversion -Wint-conversion -Wbool-conversion -Wenum-conversion -Wno-float-conversion -Wnon-literal-null-conversion -Wobjc-literal-conversion -Wshorten-64-to-32 -Wpointer-sign -Wno-newline-eof -Wno-implicit-fallthrough -fstrict-aliasing -Wdeprecated-declarations -Wno-sign-conversion -Winfinite-recursion -Wcomma -Wblock-capture-autoreleasing -Wstrict-prototypes -Wno-semicolon-before-method-body -Wunguarded-availability -index-store-path /Users/user2/Library/Developer/Xcode/DerivedData/Hermes-gayrmdhfnqltfgffycgkcqztcdfv/Index.noindex/DataStore -Wall @/Users/user2/Library/Developer/Xcode/DerivedData/Hermes-gayrmdhfnqltfgffycgkcqztcdfv/Build/Intermediates.noindex/Hermes.build/Debug/HermesTests.build/Objects-normal/arm64/7187679823f38a2a940e0043cdf9d637-common-args.resp -MMD -MT dependencies -MF /Users/user2/Library/Developer/Xcode/DerivedData/Hermes-gayrmdhfnqltfgffycgkcqztcdfv/Build/Intermediates.noindex/Hermes.build/Debug/HermesTests.build/Objects-normal/arm64/HermesTests_vers.d --serialize-diagnostics /Users/user2/Library/Developer/Xcode/DerivedData/Hermes-gayrmdhfnqltfgffycgkcqztcdfv/Build/Intermediates.noindex/Hermes.build/Debug/HermesTests.build/Objects-normal/arm64/HermesTests_vers.dia -c /Users/user2/Library/Developer/Xcode/DerivedData/Hermes-gayrmdhfnqltfgffycgkcqztcdfv/Build/Intermediates.noindex/Hermes.build/Debug/HermesTests.build/DerivedSources/HermesTests_vers.c -o /Users/user2/Library/Developer/Xcode/DerivedData/Hermes-gayrmdhfnqltfgffycgkcqztcdfv/Build/Intermediates.noindex/Hermes.build/Debug/HermesTests.build/Objects-normal/arm64/HermesTests_vers.o -index-unit-output-path /Hermes.build/Debug/HermesTests.build/Objects-normal/arm64/HermesTests_vers.o

ProcessInfoPlistFile /Users/user2/Library/Developer/Xcode/DerivedData/Hermes-gayrmdhfnqltfgffycgkcqztcdfv/Build/Products/Debug/Hermes.app/Contents/Info.plist /Users/user2/Downloads/PersonalProgAppsWorking/Hermes-master/Resources/Hermes-Info.plist (in target 'Hermes' from project 'Hermes')
    cd /Users/user2/Downloads/PersonalProgAppsWorking/Hermes-master
    builtin-infoPlistUtility /Users/user2/Downloads/PersonalProgAppsWorking/Hermes-master/Resources/Hermes-Info.plist -producttype com.apple.product-type.application -genpkginfo /Users/user2/Library/Developer/Xcode/DerivedData/Hermes-gayrmdhfnqltfgffycgkcqztcdfv/Build/Products/Debug/Hermes.app/Contents/PkgInfo -expandbuildsettings -platform macosx -additionalcontentfile /Users/user2/Library/Developer/Xcode/DerivedData/Hermes-gayrmdhfnqltfgffycgkcqztcdfv/Build/Intermediates.noindex/Hermes.build/Debug/Hermes.build/Base.lproj/MainMenu-PartialInfo.plist -o /Users/user2/Library/Developer/Xcode/DerivedData/Hermes-gayrmdhfnqltfgffycgkcqztcdfv/Build/Products/Debug/Hermes.app/Contents/Info.plist

PrecompileModule /Users/user2/Library/Developer/Xcode/DerivedData/Hermes-gayrmdhfnqltfgffycgkcqztcdfv/Build/Intermediates.noindex/ExplicitPrecompiledModules/AvailabilityMacros-2NCU921I6T2AWFLC3CY6BQI36.scan
    cd /Users/user2/Downloads/PersonalProgAppsWorking/Hermes-master
    builtin-precompileModule /Users/user2/Library/Developer/Xcode/DerivedData/Hermes-gayrmdhfnqltfgffycgkcqztcdfv/Build/Intermediates.noindex/ExplicitPrecompiledModules/AvailabilityMacros-2NCU921I6T2AWFLC3CY6BQI36.scan

PrecompileModule /Users/user2/Library/Developer/Xcode/DerivedData/Hermes-gayrmdhfnqltfgffycgkcqztcdfv/Build/Intermediates.noindex/ExplicitPrecompiledModules/DarwinFoundation-DSDFI9AMB7NA89U9V5M70NQE4.scan
    cd /Users/user2/Downloads/PersonalProgAppsWorking/Hermes-master
    builtin-precompileModule /Users/user2/Library/Developer/Xcode/DerivedData/Hermes-gayrmdhfnqltfgffycgkcqztcdfv/Build/Intermediates.noindex/ExplicitPrecompiledModules/DarwinFoundation-DSDFI9AMB7NA89U9V5M70NQE4.scan

PrecompileModule /Users/user2/Library/Developer/Xcode/DerivedData/Hermes-gayrmdhfnqltfgffycgkcqztcdfv/Build/Intermediates.noindex/ExplicitPrecompiledModules/_math-8CX45GD54YR2G6WITHUISLG64.scan
    cd /Users/user2/Downloads/PersonalProgAppsWorking/Hermes-master
    builtin-precompileModule /Users/user2/Library/Developer/Xcode/DerivedData/Hermes-gayrmdhfnqltfgffycgkcqztcdfv/Build/Intermediates.noindex/ExplicitPrecompiledModules/_math-8CX45GD54YR2G6WITHUISLG64.scan

PrecompileModule /Users/user2/Library/Developer/Xcode/DerivedData/Hermes-gayrmdhfnqltfgffycgkcqztcdfv/Build/Intermediates.noindex/ExplicitPrecompiledModules/uuid-6GSW5IXA5U9KFWJCZY0RJGRHR.scan
    cd /Users/user2/Downloads/PersonalProgAppsWorking/Hermes-master
    builtin-precompileModule /Users/user2/Library/Developer/Xcode/DerivedData/Hermes-gayrmdhfnqltfgffycgkcqztcdfv/Build/Intermediates.noindex/ExplicitPrecompiledModules/uuid-6GSW5IXA5U9KFWJCZY0RJGRHR.scan

PrecompileModule /Users/user2/Library/Developer/Xcode/DerivedData/Hermes-gayrmdhfnqltfgffycgkcqztcdfv/Build/Intermediates.noindex/ExplicitPrecompiledModules/alloca-2JZRJO4G3DVJK2JO3ME3YLWY3.scan
    cd /Users/user2/Downloads/PersonalProgAppsWorking/Hermes-master
    builtin-precompileModule /Users/user2/Library/Developer/Xcode/DerivedData/Hermes-gayrmdhfnqltfgffycgkcqztcdfv/Build/Intermediates.noindex/ExplicitPrecompiledModules/alloca-2JZRJO4G3DVJK2JO3ME3YLWY3.scan

PrecompileModule /Users/user2/Library/Developer/Xcode/DerivedData/Hermes-gayrmdhfnqltfgffycgkcqztcdfv/Build/Intermediates.noindex/ExplicitPrecompiledModules/runetype-7GQFNVL31Y7ROIZPJ1F5DHN5V.scan
    cd /Users/user2/Downloads/PersonalProgAppsWorking/Hermes-master
    builtin-precompileModule /Users/user2/Library/Developer/Xcode/DerivedData/Hermes-gayrmdhfnqltfgffycgkcqztcdfv/Build/Intermediates.noindex/ExplicitPrecompiledModules/runetype-7GQFNVL31Y7ROIZPJ1F5DHN5V.scan

PrecompileModule /Users/user2/Library/Developer/Xcode/DerivedData/Hermes-gayrmdhfnqltfgffycgkcqztcdfv/Build/Intermediates.noindex/ExplicitPrecompiledModules/_setjmp-F3MGOS8IFN2RUCY5BK7MPJWPD.scan
    cd /Users/user2/Downloads/PersonalProgAppsWorking/Hermes-master
    builtin-precompileModule /Users/user2/Library/Developer/Xcode/DerivedData/Hermes-gayrmdhfnqltfgffycgkcqztcdfv/Build/Intermediates.noindex/ExplicitPrecompiledModules/_setjmp-F3MGOS8IFN2RUCY5BK7MPJWPD.scan

PrecompileModule /Users/user2/Library/Developer/Xcode/DerivedData/Hermes-gayrmdhfnqltfgffycgkcqztcdfv/Build/Intermediates.noindex/ExplicitPrecompiledModules/_sys_select-BDYR4U9V67V0Z81EPTZZSTSS4.scan
    cd /Users/user2/Downloads/PersonalProgAppsWorking/Hermes-master
    builtin-precompileModule /Users/user2/Library/Developer/Xcode/DerivedData/Hermes-gayrmdhfnqltfgffycgkcqztcdfv/Build/Intermediates.noindex/ExplicitPrecompiledModules/_sys_select-BDYR4U9V67V0Z81EPTZZSTSS4.scan

PrecompileModule /Users/user2/Library/Developer/Xcode/DerivedData/Hermes-gayrmdhfnqltfgffycgkcqztcdfv/Build/Intermediates.noindex/ExplicitPrecompiledModules/_complex-43PBSUI7M2WPDV4EP87JGI453.scan
    cd /Users/user2/Downloads/PersonalProgAppsWorking/Hermes-master
    builtin-precompileModule /Users/user2/Library/Developer/Xcode/DerivedData/Hermes-gayrmdhfnqltfgffycgkcqztcdfv/Build/Intermediates.noindex/ExplicitPrecompiledModules/_complex-43PBSUI7M2WPDV4EP87JGI453.scan

PrecompileModule /Users/user2/Library/Developer/Xcode/DerivedData/Hermes-gayrmdhfnqltfgffycgkcqztcdfv/Build/Intermediates.noindex/ExplicitPrecompiledModules/sys_time-FW3LGVEATKLQ13YYBNOJUTJ7.scan
    cd /Users/user2/Downloads/PersonalProgAppsWorking/Hermes-master
    builtin-precompileModule /Users/user2/Library/Developer/Xcode/DerivedData/Hermes-gayrmdhfnqltfgffycgkcqztcdfv/Build/Intermediates.noindex/ExplicitPrecompiledModules/sys_time-FW3LGVEATKLQ13YYBNOJUTJ7.scan

PrecompileModule /Users/user2/Library/Developer/Xcode/DerivedData/Hermes-gayrmdhfnqltfgffycgkcqztcdfv/Build/Intermediates.noindex/ExplicitPrecompiledModules/_stdint-9BYJZ4ZJ924ER00OHF4E15GFQ.scan
    cd /Users/user2/Downloads/PersonalProgAppsWorking/Hermes-master
    builtin-precompileModule /Users/user2/Library/Developer/Xcode/DerivedData/Hermes-gayrmdhfnqltfgffycgkcqztcdfv/Build/Intermediates.noindex/ExplicitPrecompiledModules/_stdint-9BYJZ4ZJ924ER00OHF4E15GFQ.scan

PrecompileModule /Users/user2/Library/Developer/Xcode/DerivedData/Hermes-gayrmdhfnqltfgffycgkcqztcdfv/Build/Intermediates.noindex/ExplicitPrecompiledModules/_assert-A3RQOCH3PHBVDMDFSN2CBKBHB.scan
    cd /Users/user2/Downloads/PersonalProgAppsWorking/Hermes-master
    builtin-precompileModule /Users/user2/Library/Developer/Xcode/DerivedData/Hermes-gayrmdhfnqltfgffycgkcqztcdfv/Build/Intermediates.noindex/ExplicitPrecompiledModules/_assert-A3RQOCH3PHBVDMDFSN2CBKBHB.scan

PrecompileModule /Users/user2/Library/Developer/Xcode/DerivedData/Hermes-gayrmdhfnqltfgffycgkcqztcdfv/Build/Intermediates.noindex/ExplicitPrecompiledModules/_locale-C5CDS2CC4HLAF5OQKRQR5CAA6.scan
    cd /Users/user2/Downloads/PersonalProgAppsWorking/Hermes-master
    builtin-precompileModule /Users/user2/Library/Developer/Xcode/DerivedData/Hermes-gayrmdhfnqltfgffycgkcqztcdfv/Build/Intermediates.noindex/ExplicitPrecompiledModules/_locale-C5CDS2CC4HLAF5OQKRQR5CAA6.scan

PrecompileModule /Users/user2/Library/Developer/Xcode/DerivedData/Hermes-gayrmdhfnqltfgffycgkcqztcdfv/Build/Intermediates.noindex/ExplicitPrecompiledModules/_limits-3DG4L2LT83FAH4DZ9LL3JWNW.scan
    cd /Users/user2/Downloads/PersonalProgAppsWorking/Hermes-master
    builtin-precompileModule /Users/user2/Library/Developer/Xcode/DerivedData/Hermes-gayrmdhfnqltfgffycgkcqztcdfv/Build/Intermediates.noindex/ExplicitPrecompiledModules/_limits-3DG4L2LT83FAH4DZ9LL3JWNW.scan

PrecompileModule /Users/user2/Library/Developer/Xcode/DerivedData/Hermes-gayrmdhfnqltfgffycgkcqztcdfv/Build/Intermediates.noindex/ExplicitPrecompiledModules/mach-9RHC7XLERQ25G5OAF6QX864QZ.scan
    cd /Users/user2/Downloads/PersonalProgAppsWorking/Hermes-master
    builtin-precompileModule /Users/user2/Library/Developer/Xcode/DerivedData/Hermes-gayrmdhfnqltfgffycgkcqztcdfv/Build/Intermediates.noindex/ExplicitPrecompiledModules/mach-9RHC7XLERQ25G5OAF6QX864QZ.scan

PrecompileModule /Users/user2/Library/Developer/Xcode/DerivedData/Hermes-gayrmdhfnqltfgffycgkcqztcdfv/Build/Intermediates.noindex/ExplicitPrecompiledModules/_ctype-80DRI38ITK78D8JEVXSB8GVTB.scan
    cd /Users/user2/Downloads/PersonalProgAppsWorking/Hermes-master
    builtin-precompileModule /Users/user2/Library/Developer/Xcode/DerivedData/Hermes-gayrmdhfnqltfgffycgkcqztcdfv/Build/Intermediates.noindex/ExplicitPrecompiledModules/_ctype-80DRI38ITK78D8JEVXSB8GVTB.scan

PrecompileModule /Users/user2/Library/Developer/Xcode/DerivedData/Hermes-gayrmdhfnqltfgffycgkcqztcdfv/Build/Intermediates.noindex/ExplicitPrecompiledModules/_useconds_t-BGIXKPH0R76UGMGUGRQ6VOM7S.scan
    cd /Users/user2/Downloads/PersonalProgAppsWorking/Hermes-master
    builtin-precompileModule /Users/user2/Library/Developer/Xcode/DerivedData/Hermes-gayrmdhfnqltfgffycgkcqztcdfv/Build/Intermediates.noindex/ExplicitPrecompiledModules/_useconds_t-BGIXKPH0R76UGMGUGRQ6VOM7S.scan

PrecompileModule /Users/user2/Library/Developer/Xcode/DerivedData/Hermes-gayrmdhfnqltfgffycgkcqztcdfv/Build/Intermediates.noindex/ExplicitPrecompiledModules/_tgmath-55US9P70AMHF1CFOV130DHPTA.scan
    cd /Users/user2/Downloads/PersonalProgAppsWorking/Hermes-master
    builtin-precompileModule /Users/user2/Library/Developer/Xcode/DerivedData/Hermes-gayrmdhfnqltfgffycgkcqztcdfv/Build/Intermediates.noindex/ExplicitPrecompiledModules/_tgmath-55US9P70AMHF1CFOV130DHPTA.scan

PrecompileModule /Users/user2/Library/Developer/Xcode/DerivedData/Hermes-gayrmdhfnqltfgffycgkcqztcdfv/Build/Intermediates.noindex/ExplicitPrecompiledModules/_errno-CKDKW94GRAG8SR7ZPYA61C8WB.scan
    cd /Users/user2/Downloads/PersonalProgAppsWorking/Hermes-master
    builtin-precompileModule /Users/user2/Library/Developer/Xcode/DerivedData/Hermes-gayrmdhfnqltfgffycgkcqztcdfv/Build/Intermediates.noindex/ExplicitPrecompiledModules/_errno-CKDKW94GRAG8SR7ZPYA61C8WB.scan

PrecompileModule /Users/user2/Library/Developer/Xcode/DerivedData/Hermes-gayrmdhfnqltfgffycgkcqztcdfv/Build/Intermediates.noindex/ExplicitPrecompiledModules/_Builtin_stdint-1TQ54PNOW5D8PZVZF25JOZC2H.scan
    cd /Users/user2/Downloads/PersonalProgAppsWorking/Hermes-master
    builtin-precompileModule /Users/user2/Library/Developer/Xcode/DerivedData/Hermes-gayrmdhfnqltfgffycgkcqztcdfv/Build/Intermediates.noindex/ExplicitPrecompiledModules/_Builtin_stdint-1TQ54PNOW5D8PZVZF25JOZC2H.scan

PrecompileModule /Users/user2/Library/Developer/Xcode/DerivedData/Hermes-gayrmdhfnqltfgffycgkcqztcdfv/Build/Intermediates.noindex/ExplicitPrecompiledModules/_strings-88CSSSNZPX385NECBBBRRIDBC.scan
    cd /Users/user2/Downloads/PersonalProgAppsWorking/Hermes-master
    builtin-precompileModule /Users/user2/Library/Developer/Xcode/DerivedData/Hermes-gayrmdhfnqltfgffycgkcqztcdfv/Build/Intermediates.noindex/ExplicitPrecompiledModules/_strings-88CSSSNZPX385NECBBBRRIDBC.scan

PrecompileModule /Users/user2/Library/Developer/Xcode/DerivedData/Hermes-gayrmdhfnqltfgffycgkcqztcdfv/Build/Intermediates.noindex/ExplicitPrecompiledModules/xlocale-BY4Q0FBCX14ILFN6KFCC4H3BU.scan
    cd /Users/user2/Downloads/PersonalProgAppsWorking/Hermes-master
    builtin-precompileModule /Users/user2/Library/Developer/Xcode/DerivedData/Hermes-gayrmdhfnqltfgffycgkcqztcdfv/Build/Intermediates.noindex/ExplicitPrecompiledModules/xlocale-BY4Q0FBCX14ILFN6KFCC4H3BU.scan

PrecompileModule /Users/user2/Library/Developer/Xcode/DerivedData/Hermes-gayrmdhfnqltfgffycgkcqztcdfv/Build/Intermediates.noindex/ExplicitPrecompiledModules/_Builtin_limits-3XB1BUE3IZMTSIUYHEXBFEN1Y.scan
    cd /Users/user2/Downloads/PersonalProgAppsWorking/Hermes-master
    builtin-precompileModule /Users/user2/Library/Developer/Xcode/DerivedData/Hermes-gayrmdhfnqltfgffycgkcqztcdfv/Build/Intermediates.noindex/ExplicitPrecompiledModules/_Builtin_limits-3XB1BUE3IZMTSIUYHEXBFEN1Y.scan

PrecompileModule /Users/user2/Library/Developer/Xcode/DerivedData/Hermes-gayrmdhfnqltfgffycgkcqztcdfv/Build/Intermediates.noindex/ExplicitPrecompiledModules/netinet_in-OI4JGLZBVZV2BBWZVVUIN5LU.scan
    cd /Users/user2/Downloads/PersonalProgAppsWorking/Hermes-master
    builtin-precompileModule /Users/user2/Library/Developer/Xcode/DerivedData/Hermes-gayrmdhfnqltfgffycgkcqztcdfv/Build/Intermediates.noindex/ExplicitPrecompiledModules/netinet_in-OI4JGLZBVZV2BBWZVVUIN5LU.scan

PrecompileModule /Users/user2/Library/Developer/Xcode/DerivedData/Hermes-gayrmdhfnqltfgffycgkcqztcdfv/Build/Intermediates.noindex/ExplicitPrecompiledModules/__wctype-483NRA3A1G51IWVSNEKEVMTYC.scan
    cd /Users/user2/Downloads/PersonalProgAppsWorking/Hermes-master
    builtin-precompileModule /Users/user2/Library/Developer/Xcode/DerivedData/Hermes-gayrmdhfnqltfgffycgkcqztcdfv/Build/Intermediates.noindex/ExplicitPrecompiledModules/__wctype-483NRA3A1G51IWVSNEKEVMTYC.scan

PrecompileModule /Users/user2/Library/Developer/Xcode/DerivedData/Hermes-gayrmdhfnqltfgffycgkcqztcdfv/Build/Intermediates.noindex/ExplicitPrecompiledModules/OpenGL-BZQQOTECW0EGGDJVQD6V7QIFT.scan
    cd /Users/user2/Downloads/PersonalProgAppsWorking/Hermes-master
    builtin-precompileModule /Users/user2/Library/Developer/Xcode/DerivedData/Hermes-gayrmdhfnqltfgffycgkcqztcdfv/Build/Intermediates.noindex/ExplicitPrecompiledModules/OpenGL-BZQQOTECW0EGGDJVQD6V7QIFT.scan

PrecompileModule /Users/user2/Library/Developer/Xcode/DerivedData/Hermes-gayrmdhfnqltfgffycgkcqztcdfv/Build/Intermediates.noindex/ExplicitPrecompiledModules/_inttypes-B6GS6CKG0T9NJN61BW5WKCJLZ.scan
    cd /Users/user2/Downloads/PersonalProgAppsWorking/Hermes-master
    builtin-precompileModule /Users/user2/Library/Developer/Xcode/DerivedData/Hermes-gayrmdhfnqltfgffycgkcqztcdfv/Build/Intermediates.noindex/ExplicitPrecompiledModules/_inttypes-B6GS6CKG0T9NJN61BW5WKCJLZ.scan

PrecompileModule /Users/user2/Library/Developer/Xcode/DerivedData/Hermes-gayrmdhfnqltfgffycgkcqztcdfv/Build/Intermediates.noindex/ExplicitPrecompiledModules/_Builtin_stdatomic-C2FQSOK295DKKAMR3RGPYZOJY.scan
    cd /Users/user2/Downloads/PersonalProgAppsWorking/Hermes-master
    builtin-precompileModule /Users/user2/Library/Developer/Xcode/DerivedData/Hermes-gayrmdhfnqltfgffycgkcqztcdfv/Build/Intermediates.noindex/ExplicitPrecompiledModules/_Builtin_stdatomic-C2FQSOK295DKKAMR3RGPYZOJY.scan

PrecompileModule /Users/user2/Library/Developer/Xcode/DerivedData/Hermes-gayrmdhfnqltfgffycgkcqztcdfv/Build/Intermediates.noindex/ExplicitPrecompiledModules/_Builtin_tgmath-8BM7GDRPMHC7YJBO067PVGQ5.scan
    cd /Users/user2/Downloads/PersonalProgAppsWorking/Hermes-master
    builtin-precompileModule /Users/user2/Library/Developer/Xcode/DerivedData/Hermes-gayrmdhfnqltfgffycgkcqztcdfv/Build/Intermediates.noindex/ExplicitPrecompiledModules/_Builtin_tgmath-8BM7GDRPMHC7YJBO067PVGQ5.scan

PrecompileModule /Users/user2/Library/Developer/Xcode/DerivedData/Hermes-gayrmdhfnqltfgffycgkcqztcdfv/Build/Intermediates.noindex/ExplicitPrecompiledModules/sys_types-DHVJH3J0ARGNKR8XT61RAPU3.scan
    cd /Users/user2/Downloads/PersonalProgAppsWorking/Hermes-master
    builtin-precompileModule /Users/user2/Library/Developer/Xcode/DerivedData/Hermes-gayrmdhfnqltfgffycgkcqztcdfv/Build/Intermediates.noindex/ExplicitPrecompiledModules/sys_types-DHVJH3J0ARGNKR8XT61RAPU3.scan

PrecompileModule /Users/user2/Library/Developer/Xcode/DerivedData/Hermes-gayrmdhfnqltfgffycgkcqztcdfv/Build/Intermediates.noindex/ExplicitPrecompiledModules/_wctype-CA2PTJ814ORB0KI41NGECGHF9.scan
    cd /Users/user2/Downloads/PersonalProgAppsWorking/Hermes-master
    builtin-precompileModule /Users/user2/Library/Developer/Xcode/DerivedData/Hermes-gayrmdhfnqltfgffycgkcqztcdfv/Build/Intermediates.noindex/ExplicitPrecompiledModules/_wctype-CA2PTJ814ORB0KI41NGECGHF9.scan

PrecompileModule /Users/user2/Library/Developer/Xcode/DerivedData/Hermes-gayrmdhfnqltfgffycgkcqztcdfv/Build/Intermediates.noindex/ExplicitPrecompiledModules/_Builtin_inttypes-63GGYM2M1TY9P99Z4975YE1B7.scan
    cd /Users/user2/Downloads/PersonalProgAppsWorking/Hermes-master
    builtin-precompileModule /Users/user2/Library/Developer/Xcode/DerivedData/Hermes-gayrmdhfnqltfgffycgkcqztcdfv/Build/Intermediates.noindex/ExplicitPrecompiledModules/_Builtin_inttypes-63GGYM2M1TY9P99Z4975YE1B7.scan

PrecompileModule /Users/user2/Library/Developer/Xcode/DerivedData/Hermes-gayrmdhfnqltfgffycgkcqztcdfv/Build/Intermediates.noindex/ExplicitPrecompiledModules/nl_types-6O3X8S76OPCSCXEJQ4R1W0FIY.scan
    cd /Users/user2/Downloads/PersonalProgAppsWorking/Hermes-master
    builtin-precompileModule /Users/user2/Library/Developer/Xcode/DerivedData/Hermes-gayrmdhfnqltfgffycgkcqztcdfv/Build/Intermediates.noindex/ExplicitPrecompiledModules/nl_types-6O3X8S76OPCSCXEJQ4R1W0FIY.scan

PrecompileModule /Users/user2/Library/Developer/Xcode/DerivedData/Hermes-gayrmdhfnqltfgffycgkcqztcdfv/Build/Intermediates.noindex/ExplicitPrecompiledModules/_time-8DD3XB84I2QGMUL9DAB5I5KZC.scan
    cd /Users/user2/Downloads/PersonalProgAppsWorking/Hermes-master
    builtin-precompileModule /Users/user2/Library/Developer/Xcode/DerivedData/Hermes-gayrmdhfnqltfgffycgkcqztcdfv/Build/Intermediates.noindex/ExplicitPrecompiledModules/_time-8DD3XB84I2QGMUL9DAB5I5KZC.scan

PrecompileModule /Users/user2/Library/Developer/Xcode/DerivedData/Hermes-gayrmdhfnqltfgffycgkcqztcdfv/Build/Intermediates.noindex/ExplicitPrecompiledModules/sys_resource-3Q4EDHCZJEXQV5MJYGBES6VW1.scan
    cd /Users/user2/Downloads/PersonalProgAppsWorking/Hermes-master
    builtin-precompileModule /Users/user2/Library/Developer/Xcode/DerivedData/Hermes-gayrmdhfnqltfgffycgkcqztcdfv/Build/Intermediates.noindex/ExplicitPrecompiledModules/sys_resource-3Q4EDHCZJEXQV5MJYGBES6VW1.scan

PrecompileModule /Users/user2/Library/Developer/Xcode/DerivedData/Hermes-gayrmdhfnqltfgffycgkcqztcdfv/Build/Intermediates.noindex/ExplicitPrecompiledModules/_stdio-EAFQ005NNRQ566CSWGPV77BO.scan
    cd /Users/user2/Downloads/PersonalProgAppsWorking/Hermes-master
    builtin-precompileModule /Users/user2/Library/Developer/Xcode/DerivedData/Hermes-gayrmdhfnqltfgffycgkcqztcdfv/Build/Intermediates.noindex/ExplicitPrecompiledModules/_stdio-EAFQ005NNRQ566CSWGPV77BO.scan

PrecompileModule /Users/user2/Library/Developer/Xcode/DerivedData/Hermes-gayrmdhfnqltfgffycgkcqztcdfv/Build/Intermediates.noindex/ExplicitPrecompiledModules/_signal-5FT462JHDCUVMZ2SQP2OT4E0Q.scan
    cd /Users/user2/Downloads/PersonalProgAppsWorking/Hermes-master
    builtin-precompileModule /Users/user2/Library/Developer/Xcode/DerivedData/Hermes-gayrmdhfnqltfgffycgkcqztcdfv/Build/Intermediates.noindex/ExplicitPrecompiledModules/_signal-5FT462JHDCUVMZ2SQP2OT4E0Q.scan

PrecompileModule /Users/user2/Library/Developer/Xcode/DerivedData/Hermes-gayrmdhfnqltfgffycgkcqztcdfv/Build/Intermediates.noindex/ExplicitPrecompiledModules/_string-3NYZWWUHPJA91CUIDSGTP55WS.scan
    cd /Users/user2/Downloads/PersonalProgAppsWorking/Hermes-master
    builtin-precompileModule /Users/user2/Library/Developer/Xcode/DerivedData/Hermes-gayrmdhfnqltfgffycgkcqztcdfv/Build/Intermediates.noindex/ExplicitPrecompiledModules/_string-3NYZWWUHPJA91CUIDSGTP55WS.scan

PrecompileModule /Users/user2/Library/Developer/Xcode/DerivedData/Hermes-gayrmdhfnqltfgffycgkcqztcdfv/Build/Intermediates.noindex/ExplicitPrecompiledModules/gethostuuid-E6P0IWO3BYVA7LAQC3P7V98X3.scan
    cd /Users/user2/Downloads/PersonalProgAppsWorking/Hermes-master
    builtin-precompileModule /Users/user2/Library/Developer/Xcode/DerivedData/Hermes-gayrmdhfnqltfgffycgkcqztcdfv/Build/Intermediates.noindex/ExplicitPrecompiledModules/gethostuuid-E6P0IWO3BYVA7LAQC3P7V98X3.scan

PrecompileModule /Users/user2/Library/Developer/Xcode/DerivedData/Hermes-gayrmdhfnqltfgffycgkcqztcdfv/Build/Intermediates.noindex/ExplicitPrecompiledModules/libDER-AC37OLP2ORX0JQ0I4LC25G44L.scan
    cd /Users/user2/Downloads/PersonalProgAppsWorking/Hermes-master
    builtin-precompileModule /Users/user2/Library/Developer/Xcode/DerivedData/Hermes-gayrmdhfnqltfgffycgkcqztcdfv/Build/Intermediates.noindex/ExplicitPrecompiledModules/libDER-AC37OLP2ORX0JQ0I4LC25G44L.scan

PrecompileModule /Users/user2/Library/Developer/Xcode/DerivedData/Hermes-gayrmdhfnqltfgffycgkcqztcdfv/Build/Intermediates.noindex/ExplicitPrecompiledModules/pthread-7BJMJHOVHMRCUZE6WOFH07J2H.scan
    cd /Users/user2/Downloads/PersonalProgAppsWorking/Hermes-master
    builtin-precompileModule /Users/user2/Library/Developer/Xcode/DerivedData/Hermes-gayrmdhfnqltfgffycgkcqztcdfv/Build/Intermediates.noindex/ExplicitPrecompiledModules/pthread-7BJMJHOVHMRCUZE6WOFH07J2H.scan

PrecompileModule /Users/user2/Library/Developer/Xcode/DerivedData/Hermes-gayrmdhfnqltfgffycgkcqztcdfv/Build/Intermediates.noindex/ExplicitPrecompiledModules/sys_wait-E0Q87CSNNV3ZI5KNFGO4093HG.scan
    cd /Users/user2/Downloads/PersonalProgAppsWorking/Hermes-master
    builtin-precompileModule /Users/user2/Library/Developer/Xcode/DerivedData/Hermes-gayrmdhfnqltfgffycgkcqztcdfv/Build/Intermediates.noindex/ExplicitPrecompiledModules/sys_wait-E0Q87CSNNV3ZI5KNFGO4093HG.scan

PrecompileModule /Users/user2/Library/Developer/Xcode/DerivedData/Hermes-gayrmdhfnqltfgffycgkcqztcdfv/Build/Intermediates.noindex/ExplicitPrecompiledModules/sys_select-CI0JR2JNPW8MJABNJHEHJG68W.scan
    cd /Users/user2/Downloads/PersonalProgAppsWorking/Hermes-master
    builtin-precompileModule /Users/user2/Library/Developer/Xcode/DerivedData/Hermes-gayrmdhfnqltfgffycgkcqztcdfv/Build/Intermediates.noindex/ExplicitPrecompiledModules/sys_select-CI0JR2JNPW8MJABNJHEHJG68W.scan

PrecompileModule /Users/user2/Library/Developer/Xcode/DerivedData/Hermes-gayrmdhfnqltfgffycgkcqztcdfv/Build/Intermediates.noindex/ExplicitPrecompiledModules/_wchar-D8001VXBBBIM0G4SXEQE73KEH.scan
    cd /Users/user2/Downloads/PersonalProgAppsWorking/Hermes-master
    builtin-precompileModule /Users/user2/Library/Developer/Xcode/DerivedData/Hermes-gayrmdhfnqltfgffycgkcqztcdfv/Build/Intermediates.noindex/ExplicitPrecompiledModules/_wchar-D8001VXBBBIM0G4SXEQE73KEH.scan

PrecompileModule /Users/user2/Library/Developer/Xcode/DerivedData/Hermes-gayrmdhfnqltfgffycgkcqztcdfv/Build/Intermediates.noindex/ExplicitPrecompiledModules/unistd-6N1X5T2HNNDSRWY6AFZ5HJ6LD.scan
    cd /Users/user2/Downloads/PersonalProgAppsWorking/Hermes-master
    builtin-precompileModule /Users/user2/Library/Developer/Xcode/DerivedData/Hermes-gayrmdhfnqltfgffycgkcqztcdfv/Build/Intermediates.noindex/ExplicitPrecompiledModules/unistd-6N1X5T2HNNDSRWY6AFZ5HJ6LD.scan

PrecompileModule /Users/user2/Library/Developer/Xcode/DerivedData/Hermes-gayrmdhfnqltfgffycgkcqztcdfv/Build/Intermediates.noindex/ExplicitPrecompiledModules/_stdlib-DEEJ9U1ELV47ASHVGI3RTALOZ.scan
    cd /Users/user2/Downloads/PersonalProgAppsWorking/Hermes-master
    builtin-precompileModule /Users/user2/Library/Developer/Xcode/DerivedData/Hermes-gayrmdhfnqltfgffycgkcqztcdfv/Build/Intermediates.noindex/ExplicitPrecompiledModules/_stdlib-DEEJ9U1ELV47ASHVGI3RTALOZ.scan

PrecompileModule /Users/user2/Library/Developer/Xcode/DerivedData/Hermes-gayrmdhfnqltfgffycgkcqztcdfv/Build/Intermediates.noindex/ExplicitPrecompiledModules/Darwin-B1PT80TBYSBHLKPWL5BQCTTC8.scan
    cd /Users/user2/Downloads/PersonalProgAppsWorking/Hermes-master
    builtin-precompileModule /Users/user2/Library/Developer/Xcode/DerivedData/Hermes-gayrmdhfnqltfgffycgkcqztcdfv/Build/Intermediates.noindex/ExplicitPrecompiledModules/Darwin-B1PT80TBYSBHLKPWL5BQCTTC8.scan

PrecompileModule /Users/user2/Library/Developer/Xcode/DerivedData/Hermes-gayrmdhfnqltfgffycgkcqztcdfv/Build/Intermediates.noindex/ExplicitPrecompiledModules/libkern-7BEXOERQZ240UYRAQFEABEFT5.scan
    cd /Users/user2/Downloads/PersonalProgAppsWorking/Hermes-master
    builtin-precompileModule /Users/user2/Library/Developer/Xcode/DerivedData/Hermes-gayrmdhfnqltfgffycgkcqztcdfv/Build/Intermediates.noindex/ExplicitPrecompiledModules/libkern-7BEXOERQZ240UYRAQFEABEFT5.scan

PrecompileModule /Users/user2/Library/Developer/Xcode/DerivedData/Hermes-gayrmdhfnqltfgffycgkcqztcdfv/Build/Intermediates.noindex/ExplicitPrecompiledModules/MachO-D5W5F1E89KEP6OFPKXTV5MVEZ.scan
    cd /Users/user2/Downloads/PersonalProgAppsWorking/Hermes-master
    builtin-precompileModule /Users/user2/Library/Developer/Xcode/DerivedData/Hermes-gayrmdhfnqltfgffycgkcqztcdfv/Build/Intermediates.noindex/ExplicitPrecompiledModules/MachO-D5W5F1E89KEP6OFPKXTV5MVEZ.scan

PrecompileModule /Users/user2/Library/Developer/Xcode/DerivedData/Hermes-gayrmdhfnqltfgffycgkcqztcdfv/Build/Intermediates.noindex/ExplicitPrecompiledModules/launch-3RU51NLQI0L60HVRRN3CENJQD.scan
    cd /Users/user2/Downloads/PersonalProgAppsWorking/Hermes-master
    builtin-precompileModule /Users/user2/Library/Developer/Xcode/DerivedData/Hermes-gayrmdhfnqltfgffycgkcqztcdfv/Build/Intermediates.noindex/ExplicitPrecompiledModules/launch-3RU51NLQI0L60HVRRN3CENJQD.scan

PrecompileModule /Users/user2/Library/Developer/Xcode/DerivedData/Hermes-gayrmdhfnqltfgffycgkcqztcdfv/Build/Intermediates.noindex/ExplicitPrecompiledModules/CUPS-A1MAJQWW5CAFLEUMK4HN92PUK.scan
    cd /Users/user2/Downloads/PersonalProgAppsWorking/Hermes-master
    builtin-precompileModule /Users/user2/Library/Developer/Xcode/DerivedData/Hermes-gayrmdhfnqltfgffycgkcqztcdfv/Build/Intermediates.noindex/ExplicitPrecompiledModules/CUPS-A1MAJQWW5CAFLEUMK4HN92PUK.scan

PrecompileModule /Users/user2/Library/Developer/Xcode/DerivedData/Hermes-gayrmdhfnqltfgffycgkcqztcdfv/Build/Intermediates.noindex/ExplicitPrecompiledModules/ObjectiveC-8TM65IQZ9G7M5L7T3IOLOPCH3.scan
    cd /Users/user2/Downloads/PersonalProgAppsWorking/Hermes-master
    builtin-precompileModule /Users/user2/Library/Developer/Xcode/DerivedData/Hermes-gayrmdhfnqltfgffycgkcqztcdfv/Build/Intermediates.noindex/ExplicitPrecompiledModules/ObjectiveC-8TM65IQZ9G7M5L7T3IOLOPCH3.scan

PrecompileModule /Users/user2/Library/Developer/Xcode/DerivedData/Hermes-gayrmdhfnqltfgffycgkcqztcdfv/Build/Intermediates.noindex/ExplicitPrecompiledModules/os_object-EH5GT0JD9N1MBBRQSDOHCC9YB.scan
    cd /Users/user2/Downloads/PersonalProgAppsWorking/Hermes-master
    builtin-precompileModule /Users/user2/Library/Developer/Xcode/DerivedData/Hermes-gayrmdhfnqltfgffycgkcqztcdfv/Build/Intermediates.noindex/ExplicitPrecompiledModules/os_object-EH5GT0JD9N1MBBRQSDOHCC9YB.scan

PrecompileModule /Users/user2/Library/Developer/Xcode/DerivedData/Hermes-gayrmdhfnqltfgffycgkcqztcdfv/Build/Intermediates.noindex/ExplicitPrecompiledModules/os_workgroup-A5D0YIPEFKAUWUIPELH91VNX9.scan
    cd /Users/user2/Downloads/PersonalProgAppsWorking/Hermes-master
    builtin-precompileModule /Users/user2/Library/Developer/Xcode/DerivedData/Hermes-gayrmdhfnqltfgffycgkcqztcdfv/Build/Intermediates.noindex/ExplicitPrecompiledModules/os_workgroup-A5D0YIPEFKAUWUIPELH91VNX9.scan

PrecompileModule /Users/user2/Library/Developer/Xcode/DerivedData/Hermes-gayrmdhfnqltfgffycgkcqztcdfv/Build/Intermediates.noindex/ExplicitPrecompiledModules/Dispatch-ARML4BNGJ6QUQZTFNTCP44KC0.scan
    cd /Users/user2/Downloads/PersonalProgAppsWorking/Hermes-master
    builtin-precompileModule /Users/user2/Library/Developer/Xcode/DerivedData/Hermes-gayrmdhfnqltfgffycgkcqztcdfv/Build/Intermediates.noindex/ExplicitPrecompiledModules/Dispatch-ARML4BNGJ6QUQZTFNTCP44KC0.scan

PrecompileModule /Users/user2/Library/Developer/Xcode/DerivedData/Hermes-gayrmdhfnqltfgffycgkcqztcdfv/Build/Intermediates.noindex/ExplicitPrecompiledModules/CoreFoundation-5B4YT3UKUV2Y0W6F8SWLPIL4B.scan
    cd /Users/user2/Downloads/PersonalProgAppsWorking/Hermes-master
    builtin-precompileModule /Users/user2/Library/Developer/Xcode/DerivedData/Hermes-gayrmdhfnqltfgffycgkcqztcdfv/Build/Intermediates.noindex/ExplicitPrecompiledModules/CoreFoundation-5B4YT3UKUV2Y0W6F8SWLPIL4B.scan

PrecompileModule /Users/user2/Library/Developer/Xcode/DerivedData/Hermes-gayrmdhfnqltfgffycgkcqztcdfv/Build/Intermediates.noindex/ExplicitPrecompiledModules/XPC-2FVTMGTTVBYVLH1EZYLCR3XOD.scan
    cd /Users/user2/Downloads/PersonalProgAppsWorking/Hermes-master
    builtin-precompileModule /Users/user2/Library/Developer/Xcode/DerivedData/Hermes-gayrmdhfnqltfgffycgkcqztcdfv/Build/Intermediates.noindex/ExplicitPrecompiledModules/XPC-2FVTMGTTVBYVLH1EZYLCR3XOD.scan

PrecompileModule /Users/user2/Library/Developer/Xcode/DerivedData/Hermes-gayrmdhfnqltfgffycgkcqztcdfv/Build/Intermediates.noindex/ExplicitPrecompiledModules/CFNetwork-6B05IWQATFUT57NSFIMSTKBOH.scan
    cd /Users/user2/Downloads/PersonalProgAppsWorking/Hermes-master
    builtin-precompileModule /Users/user2/Library/Developer/Xcode/DerivedData/Hermes-gayrmdhfnqltfgffycgkcqztcdfv/Build/Intermediates.noindex/ExplicitPrecompiledModules/CFNetwork-6B05IWQATFUT57NSFIMSTKBOH.scan

PrecompileModule /Users/user2/Library/Developer/Xcode/DerivedData/Hermes-gayrmdhfnqltfgffycgkcqztcdfv/Build/Intermediates.noindex/ExplicitPrecompiledModules/CoreAudioTypes-EN9VTJOUHKV7NG087ZVTGZL4.scan
    cd /Users/user2/Downloads/PersonalProgAppsWorking/Hermes-master
    builtin-precompileModule /Users/user2/Library/Developer/Xcode/DerivedData/Hermes-gayrmdhfnqltfgffycgkcqztcdfv/Build/Intermediates.noindex/ExplicitPrecompiledModules/CoreAudioTypes-EN9VTJOUHKV7NG087ZVTGZL4.scan

PrecompileModule /Users/user2/Library/Developer/Xcode/DerivedData/Hermes-gayrmdhfnqltfgffycgkcqztcdfv/Build/Intermediates.noindex/ExplicitPrecompiledModules/Security-71FXV6AAQPJDCPNKVDWVJ83CW.scan
    cd /Users/user2/Downloads/PersonalProgAppsWorking/Hermes-master
    builtin-precompileModule /Users/user2/Library/Developer/Xcode/DerivedData/Hermes-gayrmdhfnqltfgffycgkcqztcdfv/Build/Intermediates.noindex/ExplicitPrecompiledModules/Security-71FXV6AAQPJDCPNKVDWVJ83CW.scan

PrecompileModule /Users/user2/Library/Developer/Xcode/DerivedData/Hermes-gayrmdhfnqltfgffycgkcqztcdfv/Build/Intermediates.noindex/ExplicitPrecompiledModules/IOKit-9E47Z4HXDNXOSA8CSN49AI9JM.scan
    cd /Users/user2/Downloads/PersonalProgAppsWorking/Hermes-master
    builtin-precompileModule /Users/user2/Library/Developer/Xcode/DerivedData/Hermes-gayrmdhfnqltfgffycgkcqztcdfv/Build/Intermediates.noindex/ExplicitPrecompiledModules/IOKit-9E47Z4HXDNXOSA8CSN49AI9JM.scan

PrecompileModule /Users/user2/Library/Developer/Xcode/DerivedData/Hermes-gayrmdhfnqltfgffycgkcqztcdfv/Build/Intermediates.noindex/ExplicitPrecompiledModules/ColorSync-UEEDP2MPT1C59OZZ5F8GIZW4.scan
    cd /Users/user2/Downloads/PersonalProgAppsWorking/Hermes-master
    builtin-precompileModule /Users/user2/Library/Developer/Xcode/DerivedData/Hermes-gayrmdhfnqltfgffycgkcqztcdfv/Build/Intermediates.noindex/ExplicitPrecompiledModules/ColorSync-UEEDP2MPT1C59OZZ5F8GIZW4.scan

PrecompileModule /Users/user2/Library/Developer/Xcode/DerivedData/Hermes-gayrmdhfnqltfgffycgkcqztcdfv/Build/Intermediates.noindex/ExplicitPrecompiledModules/DiskArbitration-5K7IAEV5BRH6E9XQM5IOD1A6O.scan
    cd /Users/user2/Downloads/PersonalProgAppsWorking/Hermes-master
    builtin-precompileModule /Users/user2/Library/Developer/Xcode/DerivedData/Hermes-gayrmdhfnqltfgffycgkcqztcdfv/Build/Intermediates.noindex/ExplicitPrecompiledModules/DiskArbitration-5K7IAEV5BRH6E9XQM5IOD1A6O.scan

PrecompileModule /Users/user2/Library/Developer/Xcode/DerivedData/Hermes-gayrmdhfnqltfgffycgkcqztcdfv/Build/Intermediates.noindex/ExplicitPrecompiledModules/CoreGraphics-D36TEF42IJU5NOPP0G59AWHGP.scan
    cd /Users/user2/Downloads/PersonalProgAppsWorking/Hermes-master
    builtin-precompileModule /Users/user2/Library/Developer/Xcode/DerivedData/Hermes-gayrmdhfnqltfgffycgkcqztcdfv/Build/Intermediates.noindex/ExplicitPrecompiledModules/CoreGraphics-D36TEF42IJU5NOPP0G59AWHGP.scan

PrecompileModule /Users/user2/Library/Developer/Xcode/DerivedData/Hermes-gayrmdhfnqltfgffycgkcqztcdfv/Build/Intermediates.noindex/ExplicitPrecompiledModules/CoreServices-CRA3XEFZTA8ZBO1SGU5U20OL4.scan
    cd /Users/user2/Downloads/PersonalProgAppsWorking/Hermes-master
    builtin-precompileModule /Users/user2/Library/Developer/Xcode/DerivedData/Hermes-gayrmdhfnqltfgffycgkcqztcdfv/Build/Intermediates.noindex/ExplicitPrecompiledModules/CoreServices-CRA3XEFZTA8ZBO1SGU5U20OL4.scan

PrecompileModule /Users/user2/Library/Developer/Xcode/DerivedData/Hermes-gayrmdhfnqltfgffycgkcqztcdfv/Build/Intermediates.noindex/ExplicitPrecompiledModules/CoreText-B5M583ATLRPKEQ29OSPP6CAU9.scan
    cd /Users/user2/Downloads/PersonalProgAppsWorking/Hermes-master
    builtin-precompileModule /Users/user2/Library/Developer/Xcode/DerivedData/Hermes-gayrmdhfnqltfgffycgkcqztcdfv/Build/Intermediates.noindex/ExplicitPrecompiledModules/CoreText-B5M583ATLRPKEQ29OSPP6CAU9.scan

PrecompileModule /Users/user2/Library/Developer/Xcode/DerivedData/Hermes-gayrmdhfnqltfgffycgkcqztcdfv/Build/Intermediates.noindex/ExplicitPrecompiledModules/ImageIO-A4LENSORBFO8BF15P1AWKLK1L.scan
    cd /Users/user2/Downloads/PersonalProgAppsWorking/Hermes-master
    builtin-precompileModule /Users/user2/Library/Developer/Xcode/DerivedData/Hermes-gayrmdhfnqltfgffycgkcqztcdfv/Build/Intermediates.noindex/ExplicitPrecompiledModules/ImageIO-A4LENSORBFO8BF15P1AWKLK1L.scan

PrecompileModule /Users/user2/Library/Developer/Xcode/DerivedData/Hermes-gayrmdhfnqltfgffycgkcqztcdfv/Build/Intermediates.noindex/ExplicitPrecompiledModules/Foundation-1QIUDFT1L2L37MXB8P8TLGZUW.scan
    cd /Users/user2/Downloads/PersonalProgAppsWorking/Hermes-master
    builtin-precompileModule /Users/user2/Library/Developer/Xcode/DerivedData/Hermes-gayrmdhfnqltfgffycgkcqztcdfv/Build/Intermediates.noindex/ExplicitPrecompiledModules/Foundation-1QIUDFT1L2L37MXB8P8TLGZUW.scan

PrecompileModule /Users/user2/Library/Developer/Xcode/DerivedData/Hermes-gayrmdhfnqltfgffycgkcqztcdfv/Build/Intermediates.noindex/ExplicitPrecompiledModules/CoreLocation-8SR0UPPX0W1CT46GWRCJEDDXA.scan
    cd /Users/user2/Downloads/PersonalProgAppsWorking/Hermes-master
    builtin-precompileModule /Users/user2/Library/Developer/Xcode/DerivedData/Hermes-gayrmdhfnqltfgffycgkcqztcdfv/Build/Intermediates.noindex/ExplicitPrecompiledModules/CoreLocation-8SR0UPPX0W1CT46GWRCJEDDXA.scan

PrecompileModule /Users/user2/Library/Developer/Xcode/DerivedData/Hermes-gayrmdhfnqltfgffycgkcqztcdfv/Build/Intermediates.noindex/ExplicitPrecompiledModules/CoreMIDI-ELNHZCJWXN9J002OGBBS7IF0B.scan
    cd /Users/user2/Downloads/PersonalProgAppsWorking/Hermes-master
    builtin-precompileModule /Users/user2/Library/Developer/Xcode/DerivedData/Hermes-gayrmdhfnqltfgffycgkcqztcdfv/Build/Intermediates.noindex/ExplicitPrecompiledModules/CoreMIDI-ELNHZCJWXN9J002OGBBS7IF0B.scan

PrecompileModule /Users/user2/Library/Developer/Xcode/DerivedData/Hermes-gayrmdhfnqltfgffycgkcqztcdfv/Build/Intermediates.noindex/ExplicitPrecompiledModules/IOSurface-4V5TFHKRID6E4FR6NKLTDTMMA.scan
    cd /Users/user2/Downloads/PersonalProgAppsWorking/Hermes-master
    builtin-precompileModule /Users/user2/Library/Developer/Xcode/DerivedData/Hermes-gayrmdhfnqltfgffycgkcqztcdfv/Build/Intermediates.noindex/ExplicitPrecompiledModules/IOSurface-4V5TFHKRID6E4FR6NKLTDTMMA.scan

PrecompileModule /Users/user2/Library/Developer/Xcode/DerivedData/Hermes-gayrmdhfnqltfgffycgkcqztcdfv/Build/Intermediates.noindex/ExplicitPrecompiledModules/Symbols-9WNVAPHMZU83TO99MN4H6DH1S.scan
    cd /Users/user2/Downloads/PersonalProgAppsWorking/Hermes-master
    builtin-precompileModule /Users/user2/Library/Developer/Xcode/DerivedData/Hermes-gayrmdhfnqltfgffycgkcqztcdfv/Build/Intermediates.noindex/ExplicitPrecompiledModules/Symbols-9WNVAPHMZU83TO99MN4H6DH1S.scan

PrecompileModule /Users/user2/Library/Developer/Xcode/DerivedData/Hermes-gayrmdhfnqltfgffycgkcqztcdfv/Build/Intermediates.noindex/ExplicitPrecompiledModules/CoreAudio-7REORCNR47V4VM4J9693KAK0U.scan
    cd /Users/user2/Downloads/PersonalProgAppsWorking/Hermes-master
    builtin-precompileModule /Users/user2/Library/Developer/Xcode/DerivedData/Hermes-gayrmdhfnqltfgffycgkcqztcdfv/Build/Intermediates.noindex/ExplicitPrecompiledModules/CoreAudio-7REORCNR47V4VM4J9693KAK0U.scan

PrecompileModule /Users/user2/Library/Developer/Xcode/DerivedData/Hermes-gayrmdhfnqltfgffycgkcqztcdfv/Build/Intermediates.noindex/ExplicitPrecompiledModules/ApplicationServices-DKK41HGP0P13DIG15PDQN73PF.scan
    cd /Users/user2/Downloads/PersonalProgAppsWorking/Hermes-master
    builtin-precompileModule /Users/user2/Library/Developer/Xcode/DerivedData/Hermes-gayrmdhfnqltfgffycgkcqztcdfv/Build/Intermediates.noindex/ExplicitPrecompiledModules/ApplicationServices-DKK41HGP0P13DIG15PDQN73PF.scan

PrecompileModule /Users/user2/Library/Developer/Xcode/DerivedData/Hermes-gayrmdhfnqltfgffycgkcqztcdfv/Build/Intermediates.noindex/ExplicitPrecompiledModules/Metal-GFL3F519WU1F1I8PJ4V69N7R.scan
    cd /Users/user2/Downloads/PersonalProgAppsWorking/Hermes-master
    builtin-precompileModule /Users/user2/Library/Developer/Xcode/DerivedData/Hermes-gayrmdhfnqltfgffycgkcqztcdfv/Build/Intermediates.noindex/ExplicitPrecompiledModules/Metal-GFL3F519WU1F1I8PJ4V69N7R.scan

PrecompileModule /Users/user2/Library/Developer/Xcode/DerivedData/Hermes-gayrmdhfnqltfgffycgkcqztcdfv/Build/Intermediates.noindex/ExplicitPrecompiledModules/CloudKit-A79CRU1SBOP6ATPNTZF2O44S0.scan
    cd /Users/user2/Downloads/PersonalProgAppsWorking/Hermes-master
    builtin-precompileModule /Users/user2/Library/Developer/Xcode/DerivedData/Hermes-gayrmdhfnqltfgffycgkcqztcdfv/Build/Intermediates.noindex/ExplicitPrecompiledModules/CloudKit-A79CRU1SBOP6ATPNTZF2O44S0.scan

PrecompileModule /Users/user2/Library/Developer/Xcode/DerivedData/Hermes-gayrmdhfnqltfgffycgkcqztcdfv/Build/Intermediates.noindex/ExplicitPrecompiledModules/Carbon-CKWB2QAO4T38W0M3D6O609M2S.scan
    cd /Users/user2/Downloads/PersonalProgAppsWorking/Hermes-master
    builtin-precompileModule /Users/user2/Library/Developer/Xcode/DerivedData/Hermes-gayrmdhfnqltfgffycgkcqztcdfv/Build/Intermediates.noindex/ExplicitPrecompiledModules/Carbon-CKWB2QAO4T38W0M3D6O609M2S.scan

PrecompileModule /Users/user2/Library/Developer/Xcode/DerivedData/Hermes-gayrmdhfnqltfgffycgkcqztcdfv/Build/Intermediates.noindex/ExplicitPrecompiledModules/CoreData-DQIWOXC3G18UC6JVWM56JW0U9.scan
    cd /Users/user2/Downloads/PersonalProgAppsWorking/Hermes-master
    builtin-precompileModule /Users/user2/Library/Developer/Xcode/DerivedData/Hermes-gayrmdhfnqltfgffycgkcqztcdfv/Build/Intermediates.noindex/ExplicitPrecompiledModules/CoreData-DQIWOXC3G18UC6JVWM56JW0U9.scan

PrecompileModule /Users/user2/Library/Developer/Xcode/DerivedData/Hermes-gayrmdhfnqltfgffycgkcqztcdfv/Build/Intermediates.noindex/ExplicitPrecompiledModules/CoreVideo-853JA3E1LTUKNK2671ZL6LD8N.scan
    cd /Users/user2/Downloads/PersonalProgAppsWorking/Hermes-master
    builtin-precompileModule /Users/user2/Library/Developer/Xcode/DerivedData/Hermes-gayrmdhfnqltfgffycgkcqztcdfv/Build/Intermediates.noindex/ExplicitPrecompiledModules/CoreVideo-853JA3E1LTUKNK2671ZL6LD8N.scan

PrecompileModule /Users/user2/Library/Developer/Xcode/DerivedData/Hermes-gayrmdhfnqltfgffycgkcqztcdfv/Build/Intermediates.noindex/ExplicitPrecompiledModules/QuartzCore-COUH9Q37UBKXBDX9VOJ9BVMNY.scan
    cd /Users/user2/Downloads/PersonalProgAppsWorking/Hermes-master
    builtin-precompileModule /Users/user2/Library/Developer/Xcode/DerivedData/Hermes-gayrmdhfnqltfgffycgkcqztcdfv/Build/Intermediates.noindex/ExplicitPrecompiledModules/QuartzCore-COUH9Q37UBKXBDX9VOJ9BVMNY.scan

PrecompileModule /Users/user2/Library/Developer/Xcode/DerivedData/Hermes-gayrmdhfnqltfgffycgkcqztcdfv/Build/Intermediates.noindex/ExplicitPrecompiledModules/CoreImage-C1NNIIZKIMEERDMUA1YGGPLG1.scan
    cd /Users/user2/Downloads/PersonalProgAppsWorking/Hermes-master
    builtin-precompileModule /Users/user2/Library/Developer/Xcode/DerivedData/Hermes-gayrmdhfnqltfgffycgkcqztcdfv/Build/Intermediates.noindex/ExplicitPrecompiledModules/CoreImage-C1NNIIZKIMEERDMUA1YGGPLG1.scan

PrecompileModule /Users/user2/Library/Developer/Xcode/DerivedData/Hermes-gayrmdhfnqltfgffycgkcqztcdfv/Build/Intermediates.noindex/ExplicitPrecompiledModules/AudioToolbox-8UV310DPUWINWZNB9TDUDN0TQ.scan
    cd /Users/user2/Downloads/PersonalProgAppsWorking/Hermes-master
    builtin-precompileModule /Users/user2/Library/Developer/Xcode/DerivedData/Hermes-gayrmdhfnqltfgffycgkcqztcdfv/Build/Intermediates.noindex/ExplicitPrecompiledModules/AudioToolbox-8UV310DPUWINWZNB9TDUDN0TQ.scan

PrecompileModule /Users/user2/Library/Developer/Xcode/DerivedData/Hermes-gayrmdhfnqltfgffycgkcqztcdfv/Build/Intermediates.noindex/ExplicitPrecompiledModules/AppKit-8M2LM22WAQ9BHANGQOT336XVB.scan
    cd /Users/user2/Downloads/PersonalProgAppsWorking/Hermes-master
    builtin-precompileModule /Users/user2/Library/Developer/Xcode/DerivedData/Hermes-gayrmdhfnqltfgffycgkcqztcdfv/Build/Intermediates.noindex/ExplicitPrecompiledModules/AppKit-8M2LM22WAQ9BHANGQOT336XVB.scan

PrecompileModule /Users/user2/Library/Developer/Xcode/DerivedData/Hermes-gayrmdhfnqltfgffycgkcqztcdfv/Build/Intermediates.noindex/ExplicitPrecompiledModules/Cocoa-33ZMBGKXII4HU2V4N6KNNO4N6.scan
    cd /Users/user2/Downloads/PersonalProgAppsWorking/Hermes-master
    builtin-precompileModule /Users/user2/Library/Developer/Xcode/DerivedData/Hermes-gayrmdhfnqltfgffycgkcqztcdfv/Build/Intermediates.noindex/ExplicitPrecompiledModules/Cocoa-33ZMBGKXII4HU2V4N6KNNO4N6.scan

PrecompileModule /Users/user2/Library/Developer/Xcode/DerivedData/Hermes-gayrmdhfnqltfgffycgkcqztcdfv/Build/Intermediates.noindex/ExplicitPrecompiledModules/XCUIAutomation-9VKCS32KAY9Z8IYTP5VRC3EU.scan
    cd /Users/user2/Downloads/PersonalProgAppsWorking/Hermes-master
    builtin-precompileModule /Users/user2/Library/Developer/Xcode/DerivedData/Hermes-gayrmdhfnqltfgffycgkcqztcdfv/Build/Intermediates.noindex/ExplicitPrecompiledModules/XCUIAutomation-9VKCS32KAY9Z8IYTP5VRC3EU.scan

PrecompileModule /Users/user2/Library/Developer/Xcode/DerivedData/Hermes-gayrmdhfnqltfgffycgkcqztcdfv/Build/Intermediates.noindex/ExplicitPrecompiledModules/XCTest-87AGBJORR5JXFOG0NGFLTUM1G.scan
    cd /Users/user2/Downloads/PersonalProgAppsWorking/Hermes-master
    builtin-precompileModule /Users/user2/Library/Developer/Xcode/DerivedData/Hermes-gayrmdhfnqltfgffycgkcqztcdfv/Build/Intermediates.noindex/ExplicitPrecompiledModules/XCTest-87AGBJORR5JXFOG0NGFLTUM1G.scan

CompileC /Users/user2/Library/Developer/Xcode/DerivedData/Hermes-gayrmdhfnqltfgffycgkcqztcdfv/Build/Intermediates.noindex/Hermes.build/Debug/HermesTests.build/Objects-normal/arm64/PandoraExplainSongTests.o /Users/user2/Downloads/PersonalProgAppsWorking/Hermes-master/HermesTests/PandoraExplainSongTests.m normal arm64 objective-c com.apple.compilers.llvm.clang.1_0.compiler (in target 'HermesTests' from project 'Hermes')
    cd /Users/user2/Downloads/PersonalProgAppsWorking/Hermes-master
    
    Using response file: /Users/user2/Library/Developer/Xcode/DerivedData/Hermes-gayrmdhfnqltfgffycgkcqztcdfv/Build/Intermediates.noindex/Hermes.build/Debug/HermesTests.build/Objects-normal/arm64/e6072d4f65d7061329687fe24e3d63a7-common-args.resp
    
    /Applications/Xcode.app/Contents/Developer/Toolchains/XcodeDefault.xctoolchain/usr/bin/clang -x objective-c -ivfsstatcache /Users/user2/Library/Developer/Xcode/DerivedData/SDKStatCaches.noindex/macosx15.5-24F74-8254517eb8b97d462ccbc072ba9094c9.sdkstatcache -fmessage-length\=0 -fdiagnostics-show-note-include-stack -fmacro-backtrace-limit\=0 -fno-color-diagnostics -fmodules-prune-interval\=86400 -fmodules-prune-after\=345600 -fbuild-session-file\=/Users/user2/Library/Developer/Xcode/DerivedData/ModuleCache.noindex/Session.modulevalidation -fmodules-validate-once-per-build-session -Wnon-modular-include-in-framework-module -Werror\=non-modular-include-in-framework-module -Wno-trigraphs -Werror -Wno-missing-field-initializers -Wno-missing-prototypes -Werror\=return-type -Wdocumentation -Wunreachable-code -Wquoted-include-in-framework-header -Wno-implicit-atomic-properties -Werror\=deprecated-objc-isa-usage -Wno-objc-interface-ivars -Werror\=objc-root-class -Wno-arc-repeated-use-of-weak -Wimplicit-retain-self -Wduplicate-method-match -Wno-missing-braces -Wparentheses -Wswitch -Wunused-function -Wno-unused-label -Wno-unused-parameter -Wunused-variable -Wunused-value -Wempty-body -Wuninitialized -Wconditional-uninitialized -Wno-unknown-pragmas -Wno-shadow -Wno-four-char-constants -Wno-conversion -Wconstant-conversion -Wint-conversion -Wbool-conversion -Wenum-conversion -Wno-float-conversion -Wnon-literal-null-conversion -Wobjc-literal-conversion -Wshorten-64-to-32 -Wpointer-sign -Wno-newline-eof -Wno-selector -Wno-strict-selector-match -Wundeclared-selector -Wdeprecated-implementations -Wno-implicit-fallthrough -fstrict-aliasing -Wprotocol -Wdeprecated-declarations -Wno-sign-conversion -Winfinite-recursion -Wcomma -Wblock-capture-autoreleasing -Wstrict-prototypes -Wno-semicolon-before-method-body -Wunguarded-availability -index-store-path /Users/user2/Library/Developer/Xcode/DerivedData/Hermes-gayrmdhfnqltfgffycgkcqztcdfv/Index.noindex/DataStore -Wall @/Users/user2/Library/Developer/Xcode/DerivedData/Hermes-gayrmdhfnqltfgffycgkcqztcdfv/Build/Intermediates.noindex/Hermes.build/Debug/HermesTests.build/Objects-normal/arm64/e6072d4f65d7061329687fe24e3d63a7-common-args.resp -MMD -MT dependencies -MF /Users/user2/Library/Developer/Xcode/DerivedData/Hermes-gayrmdhfnqltfgffycgkcqztcdfv/Build/Intermediates.noindex/Hermes.build/Debug/HermesTests.build/Objects-normal/arm64/PandoraExplainSongTests.d --serialize-diagnostics /Users/user2/Library/Developer/Xcode/DerivedData/Hermes-gayrmdhfnqltfgffycgkcqztcdfv/Build/Intermediates.noindex/Hermes.build/Debug/HermesTests.build/Objects-normal/arm64/PandoraExplainSongTests.dia -c /Users/user2/Downloads/PersonalProgAppsWorking/Hermes-master/HermesTests/PandoraExplainSongTests.m -o /Users/user2/Library/Developer/Xcode/DerivedData/Hermes-gayrmdhfnqltfgffycgkcqztcdfv/Build/Intermediates.noindex/Hermes.build/Debug/HermesTests.build/Objects-normal/arm64/PandoraExplainSongTests.o -index-unit-output-path /Hermes.build/Debug/HermesTests.build/Objects-normal/arm64/PandoraExplainSongTests.o

CompileC /Users/user2/Library/Developer/Xcode/DerivedData/Hermes-gayrmdhfnqltfgffycgkcqztcdfv/Build/Intermediates.noindex/Hermes.build/Debug/HermesTests.build/Objects-normal/arm64/URLConnectionTests.o /Users/user2/Downloads/PersonalProgAppsWorking/Hermes-master/HermesTests/URLConnectionTests.m normal arm64 objective-c com.apple.compilers.llvm.clang.1_0.compiler (in target 'HermesTests' from project 'Hermes')
    cd /Users/user2/Downloads/PersonalProgAppsWorking/Hermes-master
    
    Using response file: /Users/user2/Library/Developer/Xcode/DerivedData/Hermes-gayrmdhfnqltfgffycgkcqztcdfv/Build/Intermediates.noindex/Hermes.build/Debug/HermesTests.build/Objects-normal/arm64/e6072d4f65d7061329687fe24e3d63a7-common-args.resp
    
    /Applications/Xcode.app/Contents/Developer/Toolchains/XcodeDefault.xctoolchain/usr/bin/clang -x objective-c -ivfsstatcache /Users/user2/Library/Developer/Xcode/DerivedData/SDKStatCaches.noindex/macosx15.5-24F74-8254517eb8b97d462ccbc072ba9094c9.sdkstatcache -fmessage-length\=0 -fdiagnostics-show-note-include-stack -fmacro-backtrace-limit\=0 -fno-color-diagnostics -fmodules-prune-interval\=86400 -fmodules-prune-after\=345600 -fbuild-session-file\=/Users/user2/Library/Developer/Xcode/DerivedData/ModuleCache.noindex/Session.modulevalidation -fmodules-validate-once-per-build-session -Wnon-modular-include-in-framework-module -Werror\=non-modular-include-in-framework-module -Wno-trigraphs -Werror -Wno-missing-field-initializers -Wno-missing-prototypes -Werror\=return-type -Wdocumentation -Wunreachable-code -Wquoted-include-in-framework-header -Wno-implicit-atomic-properties -Werror\=deprecated-objc-isa-usage -Wno-objc-interface-ivars -Werror\=objc-root-class -Wno-arc-repeated-use-of-weak -Wimplicit-retain-self -Wduplicate-method-match -Wno-missing-braces -Wparentheses -Wswitch -Wunused-function -Wno-unused-label -Wno-unused-parameter -Wunused-variable -Wunused-value -Wempty-body -Wuninitialized -Wconditional-uninitialized -Wno-unknown-pragmas -Wno-shadow -Wno-four-char-constants -Wno-conversion -Wconstant-conversion -Wint-conversion -Wbool-conversion -Wenum-conversion -Wno-float-conversion -Wnon-literal-null-conversion -Wobjc-literal-conversion -Wshorten-64-to-32 -Wpointer-sign -Wno-newline-eof -Wno-selector -Wno-strict-selector-match -Wundeclared-selector -Wdeprecated-implementations -Wno-implicit-fallthrough -fstrict-aliasing -Wprotocol -Wdeprecated-declarations -Wno-sign-conversion -Winfinite-recursion -Wcomma -Wblock-capture-autoreleasing -Wstrict-prototypes -Wno-semicolon-before-method-body -Wunguarded-availability -index-store-path /Users/user2/Library/Developer/Xcode/DerivedData/Hermes-gayrmdhfnqltfgffycgkcqztcdfv/Index.noindex/DataStore -Wall @/Users/user2/Library/Developer/Xcode/DerivedData/Hermes-gayrmdhfnqltfgffycgkcqztcdfv/Build/Intermediates.noindex/Hermes.build/Debug/HermesTests.build/Objects-normal/arm64/e6072d4f65d7061329687fe24e3d63a7-common-args.resp -MMD -MT dependencies -MF /Users/user2/Library/Developer/Xcode/DerivedData/Hermes-gayrmdhfnqltfgffycgkcqztcdfv/Build/Intermediates.noindex/Hermes.build/Debug/HermesTests.build/Objects-normal/arm64/URLConnectionTests.d --serialize-diagnostics /Users/user2/Library/Developer/Xcode/DerivedData/Hermes-gayrmdhfnqltfgffycgkcqztcdfv/Build/Intermediates.noindex/Hermes.build/Debug/HermesTests.build/Objects-normal/arm64/URLConnectionTests.dia -c /Users/user2/Downloads/PersonalProgAppsWorking/Hermes-master/HermesTests/URLConnectionTests.m -o /Users/user2/Library/Developer/Xcode/DerivedData/Hermes-gayrmdhfnqltfgffycgkcqztcdfv/Build/Intermediates.noindex/Hermes.build/Debug/HermesTests.build/Objects-normal/arm64/URLConnectionTests.o -index-unit-output-path /Hermes.build/Debug/HermesTests.build/Objects-normal/arm64/URLConnectionTests.o

CompileC /Users/user2/Library/Developer/Xcode/DerivedData/Hermes-gayrmdhfnqltfgffycgkcqztcdfv/Build/Intermediates.noindex/Hermes.build/Debug/HermesTests.build/Objects-normal/arm64/StationsControllerTests-b72348905f65dbea3175c0c3d1f5d9db.o /Users/user2/Downloads/PersonalProgAppsWorking/Hermes-master/HermesTests/StationsControllerTests.m normal arm64 objective-c com.apple.compilers.llvm.clang.1_0.compiler (in target 'HermesTests' from project 'Hermes')
    cd /Users/user2/Downloads/PersonalProgAppsWorking/Hermes-master
    
    Using response file: /Users/user2/Library/Developer/Xcode/DerivedData/Hermes-gayrmdhfnqltfgffycgkcqztcdfv/Build/Intermediates.noindex/Hermes.build/Debug/HermesTests.build/Objects-normal/arm64/e6072d4f65d7061329687fe24e3d63a7-common-args.resp
    
    /Applications/Xcode.app/Contents/Developer/Toolchains/XcodeDefault.xctoolchain/usr/bin/clang -x objective-c -ivfsstatcache /Users/user2/Library/Developer/Xcode/DerivedData/SDKStatCaches.noindex/macosx15.5-24F74-8254517eb8b97d462ccbc072ba9094c9.sdkstatcache -fmessage-length\=0 -fdiagnostics-show-note-include-stack -fmacro-backtrace-limit\=0 -fno-color-diagnostics -fmodules-prune-interval\=86400 -fmodules-prune-after\=345600 -fbuild-session-file\=/Users/user2/Library/Developer/Xcode/DerivedData/ModuleCache.noindex/Session.modulevalidation -fmodules-validate-once-per-build-session -Wnon-modular-include-in-framework-module -Werror\=non-modular-include-in-framework-module -Wno-trigraphs -Werror -Wno-missing-field-initializers -Wno-missing-prototypes -Werror\=return-type -Wdocumentation -Wunreachable-code -Wquoted-include-in-framework-header -Wno-implicit-atomic-properties -Werror\=deprecated-objc-isa-usage -Wno-objc-interface-ivars -Werror\=objc-root-class -Wno-arc-repeated-use-of-weak -Wimplicit-retain-self -Wduplicate-method-match -Wno-missing-braces -Wparentheses -Wswitch -Wunused-function -Wno-unused-label -Wno-unused-parameter -Wunused-variable -Wunused-value -Wempty-body -Wuninitialized -Wconditional-uninitialized -Wno-unknown-pragmas -Wno-shadow -Wno-four-char-constants -Wno-conversion -Wconstant-conversion -Wint-conversion -Wbool-conversion -Wenum-conversion -Wno-float-conversion -Wnon-literal-null-conversion -Wobjc-literal-conversion -Wshorten-64-to-32 -Wpointer-sign -Wno-newline-eof -Wno-selector -Wno-strict-selector-match -Wundeclared-selector -Wdeprecated-implementations -Wno-implicit-fallthrough -fstrict-aliasing -Wprotocol -Wdeprecated-declarations -Wno-sign-conversion -Winfinite-recursion -Wcomma -Wblock-capture-autoreleasing -Wstrict-prototypes -Wno-semicolon-before-method-body -Wunguarded-availability -index-store-path /Users/user2/Library/Developer/Xcode/DerivedData/Hermes-gayrmdhfnqltfgffycgkcqztcdfv/Index.noindex/DataStore -Wall @/Users/user2/Library/Developer/Xcode/DerivedData/Hermes-gayrmdhfnqltfgffycgkcqztcdfv/Build/Intermediates.noindex/Hermes.build/Debug/HermesTests.build/Objects-normal/arm64/e6072d4f65d7061329687fe24e3d63a7-common-args.resp -MMD -MT dependencies -MF /Users/user2/Library/Developer/Xcode/DerivedData/Hermes-gayrmdhfnqltfgffycgkcqztcdfv/Build/Intermediates.noindex/Hermes.build/Debug/HermesTests.build/Objects-normal/arm64/StationsControllerTests-b72348905f65dbea3175c0c3d1f5d9db.d --serialize-diagnostics /Users/user2/Library/Developer/Xcode/DerivedData/Hermes-gayrmdhfnqltfgffycgkcqztcdfv/Build/Intermediates.noindex/Hermes.build/Debug/HermesTests.build/Objects-normal/arm64/StationsControllerTests-b72348905f65dbea3175c0c3d1f5d9db.dia -c /Users/user2/Downloads/PersonalProgAppsWorking/Hermes-master/HermesTests/StationsControllerTests.m -o /Users/user2/Library/Developer/Xcode/DerivedData/Hermes-gayrmdhfnqltfgffycgkcqztcdfv/Build/Intermediates.noindex/Hermes.build/Debug/HermesTests.build/Objects-normal/arm64/StationsControllerTests-b72348905f65dbea3175c0c3d1f5d9db.o -index-unit-output-path /Hermes.build/Debug/HermesTests.build/Objects-normal/arm64/StationsControllerTests-b72348905f65dbea3175c0c3d1f5d9db.o

CompileC /Users/user2/Library/Developer/Xcode/DerivedData/Hermes-gayrmdhfnqltfgffycgkcqztcdfv/Build/Intermediates.noindex/Hermes.build/Debug/HermesTests.build/Objects-normal/arm64/StationModeParserTests.o /Users/user2/Downloads/PersonalProgAppsWorking/Hermes-master/HermesTests/StationModeParserTests.m normal arm64 objective-c com.apple.compilers.llvm.clang.1_0.compiler (in target 'HermesTests' from project 'Hermes')
    cd /Users/user2/Downloads/PersonalProgAppsWorking/Hermes-master
    
    Using response file: /Users/user2/Library/Developer/Xcode/DerivedData/Hermes-gayrmdhfnqltfgffycgkcqztcdfv/Build/Intermediates.noindex/Hermes.build/Debug/HermesTests.build/Objects-normal/arm64/e6072d4f65d7061329687fe24e3d63a7-common-args.resp
    
    /Applications/Xcode.app/Contents/Developer/Toolchains/XcodeDefault.xctoolchain/usr/bin/clang -x objective-c -ivfsstatcache /Users/user2/Library/Developer/Xcode/DerivedData/SDKStatCaches.noindex/macosx15.5-24F74-8254517eb8b97d462ccbc072ba9094c9.sdkstatcache -fmessage-length\=0 -fdiagnostics-show-note-include-stack -fmacro-backtrace-limit\=0 -fno-color-diagnostics -fmodules-prune-interval\=86400 -fmodules-prune-after\=345600 -fbuild-session-file\=/Users/user2/Library/Developer/Xcode/DerivedData/ModuleCache.noindex/Session.modulevalidation -fmodules-validate-once-per-build-session -Wnon-modular-include-in-framework-module -Werror\=non-modular-include-in-framework-module -Wno-trigraphs -Werror -Wno-missing-field-initializers -Wno-missing-prototypes -Werror\=return-type -Wdocumentation -Wunreachable-code -Wquoted-include-in-framework-header -Wno-implicit-atomic-properties -Werror\=deprecated-objc-isa-usage -Wno-objc-interface-ivars -Werror\=objc-root-class -Wno-arc-repeated-use-of-weak -Wimplicit-retain-self -Wduplicate-method-match -Wno-missing-braces -Wparentheses -Wswitch -Wunused-function -Wno-unused-label -Wno-unused-parameter -Wunused-variable -Wunused-value -Wempty-body -Wuninitialized -Wconditional-uninitialized -Wno-unknown-pragmas -Wno-shadow -Wno-four-char-constants -Wno-conversion -Wconstant-conversion -Wint-conversion -Wbool-conversion -Wenum-conversion -Wno-float-conversion -Wnon-literal-null-conversion -Wobjc-literal-conversion -Wshorten-64-to-32 -Wpointer-sign -Wno-newline-eof -Wno-selector -Wno-strict-selector-match -Wundeclared-selector -Wdeprecated-implementations -Wno-implicit-fallthrough -fstrict-aliasing -Wprotocol -Wdeprecated-declarations -Wno-sign-conversion -Winfinite-recursion -Wcomma -Wblock-capture-autoreleasing -Wstrict-prototypes -Wno-semicolon-before-method-body -Wunguarded-availability -index-store-path /Users/user2/Library/Developer/Xcode/DerivedData/Hermes-gayrmdhfnqltfgffycgkcqztcdfv/Index.noindex/DataStore -Wall @/Users/user2/Library/Developer/Xcode/DerivedData/Hermes-gayrmdhfnqltfgffycgkcqztcdfv/Build/Intermediates.noindex/Hermes.build/Debug/HermesTests.build/Objects-normal/arm64/e6072d4f65d7061329687fe24e3d63a7-common-args.resp -MMD -MT dependencies -MF /Users/user2/Library/Developer/Xcode/DerivedData/Hermes-gayrmdhfnqltfgffycgkcqztcdfv/Build/Intermediates.noindex/Hermes.build/Debug/HermesTests.build/Objects-normal/arm64/StationModeParserTests.d --serialize-diagnostics /Users/user2/Library/Developer/Xcode/DerivedData/Hermes-gayrmdhfnqltfgffycgkcqztcdfv/Build/Intermediates.noindex/Hermes.build/Debug/HermesTests.build/Objects-normal/arm64/StationModeParserTests.dia -c /Users/user2/Downloads/PersonalProgAppsWorking/Hermes-master/HermesTests/StationModeParserTests.m -o /Users/user2/Library/Developer/Xcode/DerivedData/Hermes-gayrmdhfnqltfgffycgkcqztcdfv/Build/Intermediates.noindex/Hermes.build/Debug/HermesTests.build/Objects-normal/arm64/StationModeParserTests.o -index-unit-output-path /Hermes.build/Debug/HermesTests.build/Objects-normal/arm64/StationModeParserTests.o

CompileC /Users/user2/Library/Developer/Xcode/DerivedData/Hermes-gayrmdhfnqltfgffycgkcqztcdfv/Build/Intermediates.noindex/Hermes.build/Debug/HermesTests.build/Objects-normal/arm64/StationControllerTests.o /Users/user2/Downloads/PersonalProgAppsWorking/Hermes-master/HermesTests/StationControllerTests.m normal arm64 objective-c com.apple.compilers.llvm.clang.1_0.compiler (in target 'HermesTests' from project 'Hermes')
    cd /Users/user2/Downloads/PersonalProgAppsWorking/Hermes-master
    
    Using response file: /Users/user2/Library/Developer/Xcode/DerivedData/Hermes-gayrmdhfnqltfgffycgkcqztcdfv/Build/Intermediates.noindex/Hermes.build/Debug/HermesTests.build/Objects-normal/arm64/e6072d4f65d7061329687fe24e3d63a7-common-args.resp
    
    /Applications/Xcode.app/Contents/Developer/Toolchains/XcodeDefault.xctoolchain/usr/bin/clang -x objective-c -ivfsstatcache /Users/user2/Library/Developer/Xcode/DerivedData/SDKStatCaches.noindex/macosx15.5-24F74-8254517eb8b97d462ccbc072ba9094c9.sdkstatcache -fmessage-length\=0 -fdiagnostics-show-note-include-stack -fmacro-backtrace-limit\=0 -fno-color-diagnostics -fmodules-prune-interval\=86400 -fmodules-prune-after\=345600 -fbuild-session-file\=/Users/user2/Library/Developer/Xcode/DerivedData/ModuleCache.noindex/Session.modulevalidation -fmodules-validate-once-per-build-session -Wnon-modular-include-in-framework-module -Werror\=non-modular-include-in-framework-module -Wno-trigraphs -Werror -Wno-missing-field-initializers -Wno-missing-prototypes -Werror\=return-type -Wdocumentation -Wunreachable-code -Wquoted-include-in-framework-header -Wno-implicit-atomic-properties -Werror\=deprecated-objc-isa-usage -Wno-objc-interface-ivars -Werror\=objc-root-class -Wno-arc-repeated-use-of-weak -Wimplicit-retain-self -Wduplicate-method-match -Wno-missing-braces -Wparentheses -Wswitch -Wunused-function -Wno-unused-label -Wno-unused-parameter -Wunused-variable -Wunused-value -Wempty-body -Wuninitialized -Wconditional-uninitialized -Wno-unknown-pragmas -Wno-shadow -Wno-four-char-constants -Wno-conversion -Wconstant-conversion -Wint-conversion -Wbool-conversion -Wenum-conversion -Wno-float-conversion -Wnon-literal-null-conversion -Wobjc-literal-conversion -Wshorten-64-to-32 -Wpointer-sign -Wno-newline-eof -Wno-selector -Wno-strict-selector-match -Wundeclared-selector -Wdeprecated-implementations -Wno-implicit-fallthrough -fstrict-aliasing -Wprotocol -Wdeprecated-declarations -Wno-sign-conversion -Winfinite-recursion -Wcomma -Wblock-capture-autoreleasing -Wstrict-prototypes -Wno-semicolon-before-method-body -Wunguarded-availability -index-store-path /Users/user2/Library/Developer/Xcode/DerivedData/Hermes-gayrmdhfnqltfgffycgkcqztcdfv/Index.noindex/DataStore -Wall @/Users/user2/Library/Developer/Xcode/DerivedData/Hermes-gayrmdhfnqltfgffycgkcqztcdfv/Build/Intermediates.noindex/Hermes.build/Debug/HermesTests.build/Objects-normal/arm64/e6072d4f65d7061329687fe24e3d63a7-common-args.resp -MMD -MT dependencies -MF /Users/user2/Library/Developer/Xcode/DerivedData/Hermes-gayrmdhfnqltfgffycgkcqztcdfv/Build/Intermediates.noindex/Hermes.build/Debug/HermesTests.build/Objects-normal/arm64/StationControllerTests.d --serialize-diagnostics /Users/user2/Library/Developer/Xcode/DerivedData/Hermes-gayrmdhfnqltfgffycgkcqztcdfv/Build/Intermediates.noindex/Hermes.build/Debug/HermesTests.build/Objects-normal/arm64/StationControllerTests.dia -c /Users/user2/Downloads/PersonalProgAppsWorking/Hermes-master/HermesTests/StationControllerTests.m -o /Users/user2/Library/Developer/Xcode/DerivedData/Hermes-gayrmdhfnqltfgffycgkcqztcdfv/Build/Intermediates.noindex/Hermes.build/Debug/HermesTests.build/Objects-normal/arm64/StationControllerTests.o -index-unit-output-path /Hermes.build/Debug/HermesTests.build/Objects-normal/arm64/StationControllerTests.o

CompileC /Users/user2/Library/Developer/Xcode/DerivedData/Hermes-gayrmdhfnqltfgffycgkcqztcdfv/Build/Intermediates.noindex/Hermes.build/Debug/HermesTests.build/Objects-normal/arm64/SecureCodingPersistenceTests.o /Users/user2/Downloads/PersonalProgAppsWorking/Hermes-master/HermesTests/SecureCodingPersistenceTests.m normal arm64 objective-c com.apple.compilers.llvm.clang.1_0.compiler (in target 'HermesTests' from project 'Hermes')
    cd /Users/user2/Downloads/PersonalProgAppsWorking/Hermes-master
    
    Using response file: /Users/user2/Library/Developer/Xcode/DerivedData/Hermes-gayrmdhfnqltfgffycgkcqztcdfv/Build/Intermediates.noindex/Hermes.build/Debug/HermesTests.build/Objects-normal/arm64/e6072d4f65d7061329687fe24e3d63a7-common-args.resp
    
    /Applications/Xcode.app/Contents/Developer/Toolchains/XcodeDefault.xctoolchain/usr/bin/clang -x objective-c -ivfsstatcache /Users/user2/Library/Developer/Xcode/DerivedData/SDKStatCaches.noindex/macosx15.5-24F74-8254517eb8b97d462ccbc072ba9094c9.sdkstatcache -fmessage-length\=0 -fdiagnostics-show-note-include-stack -fmacro-backtrace-limit\=0 -fno-color-diagnostics -fmodules-prune-interval\=86400 -fmodules-prune-after\=345600 -fbuild-session-file\=/Users/user2/Library/Developer/Xcode/DerivedData/ModuleCache.noindex/Session.modulevalidation -fmodules-validate-once-per-build-session -Wnon-modular-include-in-framework-module -Werror\=non-modular-include-in-framework-module -Wno-trigraphs -Werror -Wno-missing-field-initializers -Wno-missing-prototypes -Werror\=return-type -Wdocumentation -Wunreachable-code -Wquoted-include-in-framework-header -Wno-implicit-atomic-properties -Werror\=deprecated-objc-isa-usage -Wno-objc-interface-ivars -Werror\=objc-root-class -Wno-arc-repeated-use-of-weak -Wimplicit-retain-self -Wduplicate-method-match -Wno-missing-braces -Wparentheses -Wswitch -Wunused-function -Wno-unused-label -Wno-unused-parameter -Wunused-variable -Wunused-value -Wempty-body -Wuninitialized -Wconditional-uninitialized -Wno-unknown-pragmas -Wno-shadow -Wno-four-char-constants -Wno-conversion -Wconstant-conversion -Wint-conversion -Wbool-conversion -Wenum-conversion -Wno-float-conversion -Wnon-literal-null-conversion -Wobjc-literal-conversion -Wshorten-64-to-32 -Wpointer-sign -Wno-newline-eof -Wno-selector -Wno-strict-selector-match -Wundeclared-selector -Wdeprecated-implementations -Wno-implicit-fallthrough -fstrict-aliasing -Wprotocol -Wdeprecated-declarations -Wno-sign-conversion -Winfinite-recursion -Wcomma -Wblock-capture-autoreleasing -Wstrict-prototypes -Wno-semicolon-before-method-body -Wunguarded-availability -index-store-path /Users/user2/Library/Developer/Xcode/DerivedData/Hermes-gayrmdhfnqltfgffycgkcqztcdfv/Index.noindex/DataStore -Wall @/Users/user2/Library/Developer/Xcode/DerivedData/Hermes-gayrmdhfnqltfgffycgkcqztcdfv/Build/Intermediates.noindex/Hermes.build/Debug/HermesTests.build/Objects-normal/arm64/e6072d4f65d7061329687fe24e3d63a7-common-args.resp -MMD -MT dependencies -MF /Users/user2/Library/Developer/Xcode/DerivedData/Hermes-gayrmdhfnqltfgffycgkcqztcdfv/Build/Intermediates.noindex/Hermes.build/Debug/HermesTests.build/Objects-normal/arm64/SecureCodingPersistenceTests.d --serialize-diagnostics /Users/user2/Library/Developer/Xcode/DerivedData/Hermes-gayrmdhfnqltfgffycgkcqztcdfv/Build/Intermediates.noindex/Hermes.build/Debug/HermesTests.build/Objects-normal/arm64/SecureCodingPersistenceTests.dia -c /Users/user2/Downloads/PersonalProgAppsWorking/Hermes-master/HermesTests/SecureCodingPersistenceTests.m -o /Users/user2/Library/Developer/Xcode/DerivedData/Hermes-gayrmdhfnqltfgffycgkcqztcdfv/Build/Intermediates.noindex/Hermes.build/Debug/HermesTests.build/Objects-normal/arm64/SecureCodingPersistenceTests.o -index-unit-output-path /Hermes.build/Debug/HermesTests.build/Objects-normal/arm64/SecureCodingPersistenceTests.o

CompileC /Users/user2/Library/Developer/Xcode/DerivedData/Hermes-gayrmdhfnqltfgffycgkcqztcdfv/Build/Intermediates.noindex/Hermes.build/Debug/HermesTests.build/Objects-normal/arm64/ScrobblerTests.o /Users/user2/Downloads/PersonalProgAppsWorking/Hermes-master/HermesTests/ScrobblerTests.m normal arm64 objective-c com.apple.compilers.llvm.clang.1_0.compiler (in target 'HermesTests' from project 'Hermes')
    cd /Users/user2/Downloads/PersonalProgAppsWorking/Hermes-master
    
    Using response file: /Users/user2/Library/Developer/Xcode/DerivedData/Hermes-gayrmdhfnqltfgffycgkcqztcdfv/Build/Intermediates.noindex/Hermes.build/Debug/HermesTests.build/Objects-normal/arm64/e6072d4f65d7061329687fe24e3d63a7-common-args.resp
    
    /Applications/Xcode.app/Contents/Developer/Toolchains/XcodeDefault.xctoolchain/usr/bin/clang -x objective-c -ivfsstatcache /Users/user2/Library/Developer/Xcode/DerivedData/SDKStatCaches.noindex/macosx15.5-24F74-8254517eb8b97d462ccbc072ba9094c9.sdkstatcache -fmessage-length\=0 -fdiagnostics-show-note-include-stack -fmacro-backtrace-limit\=0 -fno-color-diagnostics -fmodules-prune-interval\=86400 -fmodules-prune-after\=345600 -fbuild-session-file\=/Users/user2/Library/Developer/Xcode/DerivedData/ModuleCache.noindex/Session.modulevalidation -fmodules-validate-once-per-build-session -Wnon-modular-include-in-framework-module -Werror\=non-modular-include-in-framework-module -Wno-trigraphs -Werror -Wno-missing-field-initializers -Wno-missing-prototypes -Werror\=return-type -Wdocumentation -Wunreachable-code -Wquoted-include-in-framework-header -Wno-implicit-atomic-properties -Werror\=deprecated-objc-isa-usage -Wno-objc-interface-ivars -Werror\=objc-root-class -Wno-arc-repeated-use-of-weak -Wimplicit-retain-self -Wduplicate-method-match -Wno-missing-braces -Wparentheses -Wswitch -Wunused-function -Wno-unused-label -Wno-unused-parameter -Wunused-variable -Wunused-value -Wempty-body -Wuninitialized -Wconditional-uninitialized -Wno-unknown-pragmas -Wno-shadow -Wno-four-char-constants -Wno-conversion -Wconstant-conversion -Wint-conversion -Wbool-conversion -Wenum-conversion -Wno-float-conversion -Wnon-literal-null-conversion -Wobjc-literal-conversion -Wshorten-64-to-32 -Wpointer-sign -Wno-newline-eof -Wno-selector -Wno-strict-selector-match -Wundeclared-selector -Wdeprecated-implementations -Wno-implicit-fallthrough -fstrict-aliasing -Wprotocol -Wdeprecated-declarations -Wno-sign-conversion -Winfinite-recursion -Wcomma -Wblock-capture-autoreleasing -Wstrict-prototypes -Wno-semicolon-before-method-body -Wunguarded-availability -index-store-path /Users/user2/Library/Developer/Xcode/DerivedData/Hermes-gayrmdhfnqltfgffycgkcqztcdfv/Index.noindex/DataStore -Wall @/Users/user2/Library/Developer/Xcode/DerivedData/Hermes-gayrmdhfnqltfgffycgkcqztcdfv/Build/Intermediates.noindex/Hermes.build/Debug/HermesTests.build/Objects-normal/arm64/e6072d4f65d7061329687fe24e3d63a7-common-args.resp -MMD -MT dependencies -MF /Users/user2/Library/Developer/Xcode/DerivedData/Hermes-gayrmdhfnqltfgffycgkcqztcdfv/Build/Intermediates.noindex/Hermes.build/Debug/HermesTests.build/Objects-normal/arm64/ScrobblerTests.d --serialize-diagnostics /Users/user2/Library/Developer/Xcode/DerivedData/Hermes-gayrmdhfnqltfgffycgkcqztcdfv/Build/Intermediates.noindex/Hermes.build/Debug/HermesTests.build/Objects-normal/arm64/ScrobblerTests.dia -c /Users/user2/Downloads/PersonalProgAppsWorking/Hermes-master/HermesTests/ScrobblerTests.m -o /Users/user2/Library/Developer/Xcode/DerivedData/Hermes-gayrmdhfnqltfgffycgkcqztcdfv/Build/Intermediates.noindex/Hermes.build/Debug/HermesTests.build/Objects-normal/arm64/ScrobblerTests.o -index-unit-output-path /Hermes.build/Debug/HermesTests.build/Objects-normal/arm64/ScrobblerTests.o

CompileC /Users/user2/Library/Developer/Xcode/DerivedData/Hermes-gayrmdhfnqltfgffycgkcqztcdfv/Build/Intermediates.noindex/Hermes.build/Debug/HermesTests.build/Objects-normal/arm64/URLConnectionProxyTests.o /Users/user2/Downloads/PersonalProgAppsWorking/Hermes-master/HermesTests/URLConnectionProxyTests.m normal arm64 objective-c com.apple.compilers.llvm.clang.1_0.compiler (in target 'HermesTests' from project 'Hermes')
    cd /Users/user2/Downloads/PersonalProgAppsWorking/Hermes-master
    
    Using response file: /Users/user2/Library/Developer/Xcode/DerivedData/Hermes-gayrmdhfnqltfgffycgkcqztcdfv/Build/Intermediates.noindex/Hermes.build/Debug/HermesTests.build/Objects-normal/arm64/e6072d4f65d7061329687fe24e3d63a7-common-args.resp
    
    /Applications/Xcode.app/Contents/Developer/Toolchains/XcodeDefault.xctoolchain/usr/bin/clang -x objective-c -ivfsstatcache /Users/user2/Library/Developer/Xcode/DerivedData/SDKStatCaches.noindex/macosx15.5-24F74-8254517eb8b97d462ccbc072ba9094c9.sdkstatcache -fmessage-length\=0 -fdiagnostics-show-note-include-stack -fmacro-backtrace-limit\=0 -fno-color-diagnostics -fmodules-prune-interval\=86400 -fmodules-prune-after\=345600 -fbuild-session-file\=/Users/user2/Library/Developer/Xcode/DerivedData/ModuleCache.noindex/Session.modulevalidation -fmodules-validate-once-per-build-session -Wnon-modular-include-in-framework-module -Werror\=non-modular-include-in-framework-module -Wno-trigraphs -Werror -Wno-missing-field-initializers -Wno-missing-prototypes -Werror\=return-type -Wdocumentation -Wunreachable-code -Wquoted-include-in-framework-header -Wno-implicit-atomic-properties -Werror\=deprecated-objc-isa-usage -Wno-objc-interface-ivars -Werror\=objc-root-class -Wno-arc-repeated-use-of-weak -Wimplicit-retain-self -Wduplicate-method-match -Wno-missing-braces -Wparentheses -Wswitch -Wunused-function -Wno-unused-label -Wno-unused-parameter -Wunused-variable -Wunused-value -Wempty-body -Wuninitialized -Wconditional-uninitialized -Wno-unknown-pragmas -Wno-shadow -Wno-four-char-constants -Wno-conversion -Wconstant-conversion -Wint-conversion -Wbool-conversion -Wenum-conversion -Wno-float-conversion -Wnon-literal-null-conversion -Wobjc-literal-conversion -Wshorten-64-to-32 -Wpointer-sign -Wno-newline-eof -Wno-selector -Wno-strict-selector-match -Wundeclared-selector -Wdeprecated-implementations -Wno-implicit-fallthrough -fstrict-aliasing -Wprotocol -Wdeprecated-declarations -Wno-sign-conversion -Winfinite-recursion -Wcomma -Wblock-capture-autoreleasing -Wstrict-prototypes -Wno-semicolon-before-method-body -Wunguarded-availability -index-store-path /Users/user2/Library/Developer/Xcode/DerivedData/Hermes-gayrmdhfnqltfgffycgkcqztcdfv/Index.noindex/DataStore -Wall @/Users/user2/Library/Developer/Xcode/DerivedData/Hermes-gayrmdhfnqltfgffycgkcqztcdfv/Build/Intermediates.noindex/Hermes.build/Debug/HermesTests.build/Objects-normal/arm64/e6072d4f65d7061329687fe24e3d63a7-common-args.resp -MMD -MT dependencies -MF /Users/user2/Library/Developer/Xcode/DerivedData/Hermes-gayrmdhfnqltfgffycgkcqztcdfv/Build/Intermediates.noindex/Hermes.build/Debug/HermesTests.build/Objects-normal/arm64/URLConnectionProxyTests.d --serialize-diagnostics /Users/user2/Library/Developer/Xcode/DerivedData/Hermes-gayrmdhfnqltfgffycgkcqztcdfv/Build/Intermediates.noindex/Hermes.build/Debug/HermesTests.build/Objects-normal/arm64/URLConnectionProxyTests.dia -c /Users/user2/Downloads/PersonalProgAppsWorking/Hermes-master/HermesTests/URLConnectionProxyTests.m -o /Users/user2/Library/Developer/Xcode/DerivedData/Hermes-gayrmdhfnqltfgffycgkcqztcdfv/Build/Intermediates.noindex/Hermes.build/Debug/HermesTests.build/Objects-normal/arm64/URLConnectionProxyTests.o -index-unit-output-path /Hermes.build/Debug/HermesTests.build/Objects-normal/arm64/URLConnectionProxyTests.o

CompileC /Users/user2/Library/Developer/Xcode/DerivedData/Hermes-gayrmdhfnqltfgffycgkcqztcdfv/Build/Intermediates.noindex/Hermes.build/Debug/HermesTests.build/Objects-normal/arm64/PlaybackSleepLockTests.o /Users/user2/Downloads/PersonalProgAppsWorking/Hermes-master/HermesTests/PlaybackSleepLockTests.m normal arm64 objective-c com.apple.compilers.llvm.clang.1_0.compiler (in target 'HermesTests' from project 'Hermes')
    cd /Users/user2/Downloads/PersonalProgAppsWorking/Hermes-master
    
    Using response file: /Users/user2/Library/Developer/Xcode/DerivedData/Hermes-gayrmdhfnqltfgffycgkcqztcdfv/Build/Intermediates.noindex/Hermes.build/Debug/HermesTests.build/Objects-normal/arm64/e6072d4f65d7061329687fe24e3d63a7-common-args.resp
    
    /Applications/Xcode.app/Contents/Developer/Toolchains/XcodeDefault.xctoolchain/usr/bin/clang -x objective-c -ivfsstatcache /Users/user2/Library/Developer/Xcode/DerivedData/SDKStatCaches.noindex/macosx15.5-24F74-8254517eb8b97d462ccbc072ba9094c9.sdkstatcache -fmessage-length\=0 -fdiagnostics-show-note-include-stack -fmacro-backtrace-limit\=0 -fno-color-diagnostics -fmodules-prune-interval\=86400 -fmodules-prune-after\=345600 -fbuild-session-file\=/Users/user2/Library/Developer/Xcode/DerivedData/ModuleCache.noindex/Session.modulevalidation -fmodules-validate-once-per-build-session -Wnon-modular-include-in-framework-module -Werror\=non-modular-include-in-framework-module -Wno-trigraphs -Werror -Wno-missing-field-initializers -Wno-missing-prototypes -Werror\=return-type -Wdocumentation -Wunreachable-code -Wquoted-include-in-framework-header -Wno-implicit-atomic-properties -Werror\=deprecated-objc-isa-usage -Wno-objc-interface-ivars -Werror\=objc-root-class -Wno-arc-repeated-use-of-weak -Wimplicit-retain-self -Wduplicate-method-match -Wno-missing-braces -Wparentheses -Wswitch -Wunused-function -Wno-unused-label -Wno-unused-parameter -Wunused-variable -Wunused-value -Wempty-body -Wuninitialized -Wconditional-uninitialized -Wno-unknown-pragmas -Wno-shadow -Wno-four-char-constants -Wno-conversion -Wconstant-conversion -Wint-conversion -Wbool-conversion -Wenum-conversion -Wno-float-conversion -Wnon-literal-null-conversion -Wobjc-literal-conversion -Wshorten-64-to-32 -Wpointer-sign -Wno-newline-eof -Wno-selector -Wno-strict-selector-match -Wundeclared-selector -Wdeprecated-implementations -Wno-implicit-fallthrough -fstrict-aliasing -Wprotocol -Wdeprecated-declarations -Wno-sign-conversion -Winfinite-recursion -Wcomma -Wblock-capture-autoreleasing -Wstrict-prototypes -Wno-semicolon-before-method-body -Wunguarded-availability -index-store-path /Users/user2/Library/Developer/Xcode/DerivedData/Hermes-gayrmdhfnqltfgffycgkcqztcdfv/Index.noindex/DataStore -Wall @/Users/user2/Library/Developer/Xcode/DerivedData/Hermes-gayrmdhfnqltfgffycgkcqztcdfv/Build/Intermediates.noindex/Hermes.build/Debug/HermesTests.build/Objects-normal/arm64/e6072d4f65d7061329687fe24e3d63a7-common-args.resp -MMD -MT dependencies -MF /Users/user2/Library/Developer/Xcode/DerivedData/Hermes-gayrmdhfnqltfgffycgkcqztcdfv/Build/Intermediates.noindex/Hermes.build/Debug/HermesTests.build/Objects-normal/arm64/PlaybackSleepLockTests.d --serialize-diagnostics /Users/user2/Library/Developer/Xcode/DerivedData/Hermes-gayrmdhfnqltfgffycgkcqztcdfv/Build/Intermediates.noindex/Hermes.build/Debug/HermesTests.build/Objects-normal/arm64/PlaybackSleepLockTests.dia -c /Users/user2/Downloads/PersonalProgAppsWorking/Hermes-master/HermesTests/PlaybackSleepLockTests.m -o /Users/user2/Library/Developer/Xcode/DerivedData/Hermes-gayrmdhfnqltfgffycgkcqztcdfv/Build/Intermediates.noindex/Hermes.build/Debug/HermesTests.build/Objects-normal/arm64/PlaybackSleepLockTests.o -index-unit-output-path /Hermes.build/Debug/HermesTests.build/Objects-normal/arm64/PlaybackSleepLockTests.o

CompileC /Users/user2/Library/Developer/Xcode/DerivedData/Hermes-gayrmdhfnqltfgffycgkcqztcdfv/Build/Intermediates.noindex/Hermes.build/Debug/HermesTests.build/Objects-normal/arm64/PlaybackControllerTests.o /Users/user2/Downloads/PersonalProgAppsWorking/Hermes-master/HermesTests/PlaybackControllerTests.m normal arm64 objective-c com.apple.compilers.llvm.clang.1_0.compiler (in target 'HermesTests' from project 'Hermes')
    cd /Users/user2/Downloads/PersonalProgAppsWorking/Hermes-master
    
    Using response file: /Users/user2/Library/Developer/Xcode/DerivedData/Hermes-gayrmdhfnqltfgffycgkcqztcdfv/Build/Intermediates.noindex/Hermes.build/Debug/HermesTests.build/Objects-normal/arm64/e6072d4f65d7061329687fe24e3d63a7-common-args.resp
    
    /Applications/Xcode.app/Contents/Developer/Toolchains/XcodeDefault.xctoolchain/usr/bin/clang -x objective-c -ivfsstatcache /Users/user2/Library/Developer/Xcode/DerivedData/SDKStatCaches.noindex/macosx15.5-24F74-8254517eb8b97d462ccbc072ba9094c9.sdkstatcache -fmessage-length\=0 -fdiagnostics-show-note-include-stack -fmacro-backtrace-limit\=0 -fno-color-diagnostics -fmodules-prune-interval\=86400 -fmodules-prune-after\=345600 -fbuild-session-file\=/Users/user2/Library/Developer/Xcode/DerivedData/ModuleCache.noindex/Session.modulevalidation -fmodules-validate-once-per-build-session -Wnon-modular-include-in-framework-module -Werror\=non-modular-include-in-framework-module -Wno-trigraphs -Werror -Wno-missing-field-initializers -Wno-missing-prototypes -Werror\=return-type -Wdocumentation -Wunreachable-code -Wquoted-include-in-framework-header -Wno-implicit-atomic-properties -Werror\=deprecated-objc-isa-usage -Wno-objc-interface-ivars -Werror\=objc-root-class -Wno-arc-repeated-use-of-weak -Wimplicit-retain-self -Wduplicate-method-match -Wno-missing-braces -Wparentheses -Wswitch -Wunused-function -Wno-unused-label -Wno-unused-parameter -Wunused-variable -Wunused-value -Wempty-body -Wuninitialized -Wconditional-uninitialized -Wno-unknown-pragmas -Wno-shadow -Wno-four-char-constants -Wno-conversion -Wconstant-conversion -Wint-conversion -Wbool-conversion -Wenum-conversion -Wno-float-conversion -Wnon-literal-null-conversion -Wobjc-literal-conversion -Wshorten-64-to-32 -Wpointer-sign -Wno-newline-eof -Wno-selector -Wno-strict-selector-match -Wundeclared-selector -Wdeprecated-implementations -Wno-implicit-fallthrough -fstrict-aliasing -Wprotocol -Wdeprecated-declarations -Wno-sign-conversion -Winfinite-recursion -Wcomma -Wblock-capture-autoreleasing -Wstrict-prototypes -Wno-semicolon-before-method-body -Wunguarded-availability -index-store-path /Users/user2/Library/Developer/Xcode/DerivedData/Hermes-gayrmdhfnqltfgffycgkcqztcdfv/Index.noindex/DataStore -Wall @/Users/user2/Library/Developer/Xcode/DerivedData/Hermes-gayrmdhfnqltfgffycgkcqztcdfv/Build/Intermediates.noindex/Hermes.build/Debug/HermesTests.build/Objects-normal/arm64/e6072d4f65d7061329687fe24e3d63a7-common-args.resp -MMD -MT dependencies -MF /Users/user2/Library/Developer/Xcode/DerivedData/Hermes-gayrmdhfnqltfgffycgkcqztcdfv/Build/Intermediates.noindex/Hermes.build/Debug/HermesTests.build/Objects-normal/arm64/PlaybackControllerTests.d --serialize-diagnostics /Users/user2/Library/Developer/Xcode/DerivedData/Hermes-gayrmdhfnqltfgffycgkcqztcdfv/Build/Intermediates.noindex/Hermes.build/Debug/HermesTests.build/Objects-normal/arm64/PlaybackControllerTests.dia -c /Users/user2/Downloads/PersonalProgAppsWorking/Hermes-master/HermesTests/PlaybackControllerTests.m -o /Users/user2/Library/Developer/Xcode/DerivedData/Hermes-gayrmdhfnqltfgffycgkcqztcdfv/Build/Intermediates.noindex/Hermes.build/Debug/HermesTests.build/Objects-normal/arm64/PlaybackControllerTests.o -index-unit-output-path /Hermes.build/Debug/HermesTests.build/Objects-normal/arm64/PlaybackControllerTests.o

CompileC /Users/user2/Library/Developer/Xcode/DerivedData/Hermes-gayrmdhfnqltfgffycgkcqztcdfv/Build/Intermediates.noindex/Hermes.build/Debug/HermesTests.build/Objects-normal/arm64/PandoraSendRequestTests.o /Users/user2/Downloads/PersonalProgAppsWorking/Hermes-master/HermesTests/PandoraSendRequestTests.m normal arm64 objective-c com.apple.compilers.llvm.clang.1_0.compiler (in target 'HermesTests' from project 'Hermes')
    cd /Users/user2/Downloads/PersonalProgAppsWorking/Hermes-master
    
    Using response file: /Users/user2/Library/Developer/Xcode/DerivedData/Hermes-gayrmdhfnqltfgffycgkcqztcdfv/Build/Intermediates.noindex/Hermes.build/Debug/HermesTests.build/Objects-normal/arm64/e6072d4f65d7061329687fe24e3d63a7-common-args.resp
    
    /Applications/Xcode.app/Contents/Developer/Toolchains/XcodeDefault.xctoolchain/usr/bin/clang -x objective-c -ivfsstatcache /Users/user2/Library/Developer/Xcode/DerivedData/SDKStatCaches.noindex/macosx15.5-24F74-8254517eb8b97d462ccbc072ba9094c9.sdkstatcache -fmessage-length\=0 -fdiagnostics-show-note-include-stack -fmacro-backtrace-limit\=0 -fno-color-diagnostics -fmodules-prune-interval\=86400 -fmodules-prune-after\=345600 -fbuild-session-file\=/Users/user2/Library/Developer/Xcode/DerivedData/ModuleCache.noindex/Session.modulevalidation -fmodules-validate-once-per-build-session -Wnon-modular-include-in-framework-module -Werror\=non-modular-include-in-framework-module -Wno-trigraphs -Werror -Wno-missing-field-initializers -Wno-missing-prototypes -Werror\=return-type -Wdocumentation -Wunreachable-code -Wquoted-include-in-framework-header -Wno-implicit-atomic-properties -Werror\=deprecated-objc-isa-usage -Wno-objc-interface-ivars -Werror\=objc-root-class -Wno-arc-repeated-use-of-weak -Wimplicit-retain-self -Wduplicate-method-match -Wno-missing-braces -Wparentheses -Wswitch -Wunused-function -Wno-unused-label -Wno-unused-parameter -Wunused-variable -Wunused-value -Wempty-body -Wuninitialized -Wconditional-uninitialized -Wno-unknown-pragmas -Wno-shadow -Wno-four-char-constants -Wno-conversion -Wconstant-conversion -Wint-conversion -Wbool-conversion -Wenum-conversion -Wno-float-conversion -Wnon-literal-null-conversion -Wobjc-literal-conversion -Wshorten-64-to-32 -Wpointer-sign -Wno-newline-eof -Wno-selector -Wno-strict-selector-match -Wundeclared-selector -Wdeprecated-implementations -Wno-implicit-fallthrough -fstrict-aliasing -Wprotocol -Wdeprecated-declarations -Wno-sign-conversion -Winfinite-recursion -Wcomma -Wblock-capture-autoreleasing -Wstrict-prototypes -Wno-semicolon-before-method-body -Wunguarded-availability -index-store-path /Users/user2/Library/Developer/Xcode/DerivedData/Hermes-gayrmdhfnqltfgffycgkcqztcdfv/Index.noindex/DataStore -Wall @/Users/user2/Library/Developer/Xcode/DerivedData/Hermes-gayrmdhfnqltfgffycgkcqztcdfv/Build/Intermediates.noindex/Hermes.build/Debug/HermesTests.build/Objects-normal/arm64/e6072d4f65d7061329687fe24e3d63a7-common-args.resp -MMD -MT dependencies -MF /Users/user2/Library/Developer/Xcode/DerivedData/Hermes-gayrmdhfnqltfgffycgkcqztcdfv/Build/Intermediates.noindex/Hermes.build/Debug/HermesTests.build/Objects-normal/arm64/PandoraSendRequestTests.d --serialize-diagnostics /Users/user2/Library/Developer/Xcode/DerivedData/Hermes-gayrmdhfnqltfgffycgkcqztcdfv/Build/Intermediates.noindex/Hermes.build/Debug/HermesTests.build/Objects-normal/arm64/PandoraSendRequestTests.dia -c /Users/user2/Downloads/PersonalProgAppsWorking/Hermes-master/HermesTests/PandoraSendRequestTests.m -o /Users/user2/Library/Developer/Xcode/DerivedData/Hermes-gayrmdhfnqltfgffycgkcqztcdfv/Build/Intermediates.noindex/Hermes.build/Debug/HermesTests.build/Objects-normal/arm64/PandoraSendRequestTests.o -index-unit-output-path /Hermes.build/Debug/HermesTests.build/Objects-normal/arm64/PandoraSendRequestTests.o

CompileC /Users/user2/Library/Developer/Xcode/DerivedData/Hermes-gayrmdhfnqltfgffycgkcqztcdfv/Build/Intermediates.noindex/Hermes.build/Debug/HermesTests.build/Objects-normal/arm64/MediaPermissionTests.o /Users/user2/Downloads/PersonalProgAppsWorking/Hermes-master/HermesTests/MediaPermissionTests.m normal arm64 objective-c com.apple.compilers.llvm.clang.1_0.compiler (in target 'HermesTests' from project 'Hermes')
    cd /Users/user2/Downloads/PersonalProgAppsWorking/Hermes-master
    
    Using response file: /Users/user2/Library/Developer/Xcode/DerivedData/Hermes-gayrmdhfnqltfgffycgkcqztcdfv/Build/Intermediates.noindex/Hermes.build/Debug/HermesTests.build/Objects-normal/arm64/e6072d4f65d7061329687fe24e3d63a7-common-args.resp
    
    /Applications/Xcode.app/Contents/Developer/Toolchains/XcodeDefault.xctoolchain/usr/bin/clang -x objective-c -ivfsstatcache /Users/user2/Library/Developer/Xcode/DerivedData/SDKStatCaches.noindex/macosx15.5-24F74-8254517eb8b97d462ccbc072ba9094c9.sdkstatcache -fmessage-length\=0 -fdiagnostics-show-note-include-stack -fmacro-backtrace-limit\=0 -fno-color-diagnostics -fmodules-prune-interval\=86400 -fmodules-prune-after\=345600 -fbuild-session-file\=/Users/user2/Library/Developer/Xcode/DerivedData/ModuleCache.noindex/Session.modulevalidation -fmodules-validate-once-per-build-session -Wnon-modular-include-in-framework-module -Werror\=non-modular-include-in-framework-module -Wno-trigraphs -Werror -Wno-missing-field-initializers -Wno-missing-prototypes -Werror\=return-type -Wdocumentation -Wunreachable-code -Wquoted-include-in-framework-header -Wno-implicit-atomic-properties -Werror\=deprecated-objc-isa-usage -Wno-objc-interface-ivars -Werror\=objc-root-class -Wno-arc-repeated-use-of-weak -Wimplicit-retain-self -Wduplicate-method-match -Wno-missing-braces -Wparentheses -Wswitch -Wunused-function -Wno-unused-label -Wno-unused-parameter -Wunused-variable -Wunused-value -Wempty-body -Wuninitialized -Wconditional-uninitialized -Wno-unknown-pragmas -Wno-shadow -Wno-four-char-constants -Wno-conversion -Wconstant-conversion -Wint-conversion -Wbool-conversion -Wenum-conversion -Wno-float-conversion -Wnon-literal-null-conversion -Wobjc-literal-conversion -Wshorten-64-to-32 -Wpointer-sign -Wno-newline-eof -Wno-selector -Wno-strict-selector-match -Wundeclared-selector -Wdeprecated-implementations -Wno-implicit-fallthrough -fstrict-aliasing -Wprotocol -Wdeprecated-declarations -Wno-sign-conversion -Winfinite-recursion -Wcomma -Wblock-capture-autoreleasing -Wstrict-prototypes -Wno-semicolon-before-method-body -Wunguarded-availability -index-store-path /Users/user2/Library/Developer/Xcode/DerivedData/Hermes-gayrmdhfnqltfgffycgkcqztcdfv/Index.noindex/DataStore -Wall @/Users/user2/Library/Developer/Xcode/DerivedData/Hermes-gayrmdhfnqltfgffycgkcqztcdfv/Build/Intermediates.noindex/Hermes.build/Debug/HermesTests.build/Objects-normal/arm64/e6072d4f65d7061329687fe24e3d63a7-common-args.resp -MMD -MT dependencies -MF /Users/user2/Library/Developer/Xcode/DerivedData/Hermes-gayrmdhfnqltfgffycgkcqztcdfv/Build/Intermediates.noindex/Hermes.build/Debug/HermesTests.build/Objects-normal/arm64/MediaPermissionTests.d --serialize-diagnostics /Users/user2/Library/Developer/Xcode/DerivedData/Hermes-gayrmdhfnqltfgffycgkcqztcdfv/Build/Intermediates.noindex/Hermes.build/Debug/HermesTests.build/Objects-normal/arm64/MediaPermissionTests.dia -c /Users/user2/Downloads/PersonalProgAppsWorking/Hermes-master/HermesTests/MediaPermissionTests.m -o /Users/user2/Library/Developer/Xcode/DerivedData/Hermes-gayrmdhfnqltfgffycgkcqztcdfv/Build/Intermediates.noindex/Hermes.build/Debug/HermesTests.build/Objects-normal/arm64/MediaPermissionTests.o -index-unit-output-path /Hermes.build/Debug/HermesTests.build/Objects-normal/arm64/MediaPermissionTests.o

CompileC /Users/user2/Library/Developer/Xcode/DerivedData/Hermes-gayrmdhfnqltfgffycgkcqztcdfv/Build/Intermediates.noindex/Hermes.build/Debug/HermesTests.build/Objects-normal/arm64/InputMonitoringReminderTests.o /Users/user2/Downloads/PersonalProgAppsWorking/Hermes-master/HermesTests/InputMonitoringReminderTests.m normal arm64 objective-c com.apple.compilers.llvm.clang.1_0.compiler (in target 'HermesTests' from project 'Hermes')
    cd /Users/user2/Downloads/PersonalProgAppsWorking/Hermes-master
    
    Using response file: /Users/user2/Library/Developer/Xcode/DerivedData/Hermes-gayrmdhfnqltfgffycgkcqztcdfv/Build/Intermediates.noindex/Hermes.build/Debug/HermesTests.build/Objects-normal/arm64/e6072d4f65d7061329687fe24e3d63a7-common-args.resp
    
    /Applications/Xcode.app/Contents/Developer/Toolchains/XcodeDefault.xctoolchain/usr/bin/clang -x objective-c -ivfsstatcache /Users/user2/Library/Developer/Xcode/DerivedData/SDKStatCaches.noindex/macosx15.5-24F74-8254517eb8b97d462ccbc072ba9094c9.sdkstatcache -fmessage-length\=0 -fdiagnostics-show-note-include-stack -fmacro-backtrace-limit\=0 -fno-color-diagnostics -fmodules-prune-interval\=86400 -fmodules-prune-after\=345600 -fbuild-session-file\=/Users/user2/Library/Developer/Xcode/DerivedData/ModuleCache.noindex/Session.modulevalidation -fmodules-validate-once-per-build-session -Wnon-modular-include-in-framework-module -Werror\=non-modular-include-in-framework-module -Wno-trigraphs -Werror -Wno-missing-field-initializers -Wno-missing-prototypes -Werror\=return-type -Wdocumentation -Wunreachable-code -Wquoted-include-in-framework-header -Wno-implicit-atomic-properties -Werror\=deprecated-objc-isa-usage -Wno-objc-interface-ivars -Werror\=objc-root-class -Wno-arc-repeated-use-of-weak -Wimplicit-retain-self -Wduplicate-method-match -Wno-missing-braces -Wparentheses -Wswitch -Wunused-function -Wno-unused-label -Wno-unused-parameter -Wunused-variable -Wunused-value -Wempty-body -Wuninitialized -Wconditional-uninitialized -Wno-unknown-pragmas -Wno-shadow -Wno-four-char-constants -Wno-conversion -Wconstant-conversion -Wint-conversion -Wbool-conversion -Wenum-conversion -Wno-float-conversion -Wnon-literal-null-conversion -Wobjc-literal-conversion -Wshorten-64-to-32 -Wpointer-sign -Wno-newline-eof -Wno-selector -Wno-strict-selector-match -Wundeclared-selector -Wdeprecated-implementations -Wno-implicit-fallthrough -fstrict-aliasing -Wprotocol -Wdeprecated-declarations -Wno-sign-conversion -Winfinite-recursion -Wcomma -Wblock-capture-autoreleasing -Wstrict-prototypes -Wno-semicolon-before-method-body -Wunguarded-availability -index-store-path /Users/user2/Library/Developer/Xcode/DerivedData/Hermes-gayrmdhfnqltfgffycgkcqztcdfv/Index.noindex/DataStore -Wall @/Users/user2/Library/Developer/Xcode/DerivedData/Hermes-gayrmdhfnqltfgffycgkcqztcdfv/Build/Intermediates.noindex/Hermes.build/Debug/HermesTests.build/Objects-normal/arm64/e6072d4f65d7061329687fe24e3d63a7-common-args.resp -MMD -MT dependencies -MF /Users/user2/Library/Developer/Xcode/DerivedData/Hermes-gayrmdhfnqltfgffycgkcqztcdfv/Build/Intermediates.noindex/Hermes.build/Debug/HermesTests.build/Objects-normal/arm64/InputMonitoringReminderTests.d --serialize-diagnostics /Users/user2/Library/Developer/Xcode/DerivedData/Hermes-gayrmdhfnqltfgffycgkcqztcdfv/Build/Intermediates.noindex/Hermes.build/Debug/HermesTests.build/Objects-normal/arm64/InputMonitoringReminderTests.dia -c /Users/user2/Downloads/PersonalProgAppsWorking/Hermes-master/HermesTests/InputMonitoringReminderTests.m -o /Users/user2/Library/Developer/Xcode/DerivedData/Hermes-gayrmdhfnqltfgffycgkcqztcdfv/Build/Intermediates.noindex/Hermes.build/Debug/HermesTests.build/Objects-normal/arm64/InputMonitoringReminderTests.o -index-unit-output-path /Hermes.build/Debug/HermesTests.build/Objects-normal/arm64/InputMonitoringReminderTests.o

CompileC /Users/user2/Library/Developer/Xcode/DerivedData/Hermes-gayrmdhfnqltfgffycgkcqztcdfv/Build/Intermediates.noindex/Hermes.build/Debug/HermesTests.build/Objects-normal/arm64/ImageLoaderTests.o /Users/user2/Downloads/PersonalProgAppsWorking/Hermes-master/HermesTests/ImageLoaderTests.m normal arm64 objective-c com.apple.compilers.llvm.clang.1_0.compiler (in target 'HermesTests' from project 'Hermes')
    cd /Users/user2/Downloads/PersonalProgAppsWorking/Hermes-master
    
    Using response file: /Users/user2/Library/Developer/Xcode/DerivedData/Hermes-gayrmdhfnqltfgffycgkcqztcdfv/Build/Intermediates.noindex/Hermes.build/Debug/HermesTests.build/Objects-normal/arm64/e6072d4f65d7061329687fe24e3d63a7-common-args.resp
    
    /Applications/Xcode.app/Contents/Developer/Toolchains/XcodeDefault.xctoolchain/usr/bin/clang -x objective-c -ivfsstatcache /Users/user2/Library/Developer/Xcode/DerivedData/SDKStatCaches.noindex/macosx15.5-24F74-8254517eb8b97d462ccbc072ba9094c9.sdkstatcache -fmessage-length\=0 -fdiagnostics-show-note-include-stack -fmacro-backtrace-limit\=0 -fno-color-diagnostics -fmodules-prune-interval\=86400 -fmodules-prune-after\=345600 -fbuild-session-file\=/Users/user2/Library/Developer/Xcode/DerivedData/ModuleCache.noindex/Session.modulevalidation -fmodules-validate-once-per-build-session -Wnon-modular-include-in-framework-module -Werror\=non-modular-include-in-framework-module -Wno-trigraphs -Werror -Wno-missing-field-initializers -Wno-missing-prototypes -Werror\=return-type -Wdocumentation -Wunreachable-code -Wquoted-include-in-framework-header -Wno-implicit-atomic-properties -Werror\=deprecated-objc-isa-usage -Wno-objc-interface-ivars -Werror\=objc-root-class -Wno-arc-repeated-use-of-weak -Wimplicit-retain-self -Wduplicate-method-match -Wno-missing-braces -Wparentheses -Wswitch -Wunused-function -Wno-unused-label -Wno-unused-parameter -Wunused-variable -Wunused-value -Wempty-body -Wuninitialized -Wconditional-uninitialized -Wno-unknown-pragmas -Wno-shadow -Wno-four-char-constants -Wno-conversion -Wconstant-conversion -Wint-conversion -Wbool-conversion -Wenum-conversion -Wno-float-conversion -Wnon-literal-null-conversion -Wobjc-literal-conversion -Wshorten-64-to-32 -Wpointer-sign -Wno-newline-eof -Wno-selector -Wno-strict-selector-match -Wundeclared-selector -Wdeprecated-implementations -Wno-implicit-fallthrough -fstrict-aliasing -Wprotocol -Wdeprecated-declarations -Wno-sign-conversion -Winfinite-recursion -Wcomma -Wblock-capture-autoreleasing -Wstrict-prototypes -Wno-semicolon-before-method-body -Wunguarded-availability -index-store-path /Users/user2/Library/Developer/Xcode/DerivedData/Hermes-gayrmdhfnqltfgffycgkcqztcdfv/Index.noindex/DataStore -Wall @/Users/user2/Library/Developer/Xcode/DerivedData/Hermes-gayrmdhfnqltfgffycgkcqztcdfv/Build/Intermediates.noindex/Hermes.build/Debug/HermesTests.build/Objects-normal/arm64/e6072d4f65d7061329687fe24e3d63a7-common-args.resp -MMD -MT dependencies -MF /Users/user2/Library/Developer/Xcode/DerivedData/Hermes-gayrmdhfnqltfgffycgkcqztcdfv/Build/Intermediates.noindex/Hermes.build/Debug/HermesTests.build/Objects-normal/arm64/ImageLoaderTests.d --serialize-diagnostics /Users/user2/Library/Developer/Xcode/DerivedData/Hermes-gayrmdhfnqltfgffycgkcqztcdfv/Build/Intermediates.noindex/Hermes.build/Debug/HermesTests.build/Objects-normal/arm64/ImageLoaderTests.dia -c /Users/user2/Downloads/PersonalProgAppsWorking/Hermes-master/HermesTests/ImageLoaderTests.m -o /Users/user2/Library/Developer/Xcode/DerivedData/Hermes-gayrmdhfnqltfgffycgkcqztcdfv/Build/Intermediates.noindex/Hermes.build/Debug/HermesTests.build/Objects-normal/arm64/ImageLoaderTests.o -index-unit-output-path /Hermes.build/Debug/HermesTests.build/Objects-normal/arm64/ImageLoaderTests.o

CompileC /Users/user2/Library/Developer/Xcode/DerivedData/Hermes-gayrmdhfnqltfgffycgkcqztcdfv/Build/Intermediates.noindex/Hermes.build/Debug/HermesTests.build/Objects-normal/arm64/HermesTests-4fe116b4e77b276a743ec544112b608c.o /Users/user2/Downloads/PersonalProgAppsWorking/Hermes-master/HermesTests/HermesTests.m normal arm64 objective-c com.apple.compilers.llvm.clang.1_0.compiler (in target 'HermesTests' from project 'Hermes')
    cd /Users/user2/Downloads/PersonalProgAppsWorking/Hermes-master
    
    Using response file: /Users/user2/Library/Developer/Xcode/DerivedData/Hermes-gayrmdhfnqltfgffycgkcqztcdfv/Build/Intermediates.noindex/Hermes.build/Debug/HermesTests.build/Objects-normal/arm64/e6072d4f65d7061329687fe24e3d63a7-common-args.resp
    
    /Applications/Xcode.app/Contents/Developer/Toolchains/XcodeDefault.xctoolchain/usr/bin/clang -x objective-c -ivfsstatcache /Users/user2/Library/Developer/Xcode/DerivedData/SDKStatCaches.noindex/macosx15.5-24F74-8254517eb8b97d462ccbc072ba9094c9.sdkstatcache -fmessage-length\=0 -fdiagnostics-show-note-include-stack -fmacro-backtrace-limit\=0 -fno-color-diagnostics -fmodules-prune-interval\=86400 -fmodules-prune-after\=345600 -fbuild-session-file\=/Users/user2/Library/Developer/Xcode/DerivedData/ModuleCache.noindex/Session.modulevalidation -fmodules-validate-once-per-build-session -Wnon-modular-include-in-framework-module -Werror\=non-modular-include-in-framework-module -Wno-trigraphs -Werror -Wno-missing-field-initializers -Wno-missing-prototypes -Werror\=return-type -Wdocumentation -Wunreachable-code -Wquoted-include-in-framework-header -Wno-implicit-atomic-properties -Werror\=deprecated-objc-isa-usage -Wno-objc-interface-ivars -Werror\=objc-root-class -Wno-arc-repeated-use-of-weak -Wimplicit-retain-self -Wduplicate-method-match -Wno-missing-braces -Wparentheses -Wswitch -Wunused-function -Wno-unused-label -Wno-unused-parameter -Wunused-variable -Wunused-value -Wempty-body -Wuninitialized -Wconditional-uninitialized -Wno-unknown-pragmas -Wno-shadow -Wno-four-char-constants -Wno-conversion -Wconstant-conversion -Wint-conversion -Wbool-conversion -Wenum-conversion -Wno-float-conversion -Wnon-literal-null-conversion -Wobjc-literal-conversion -Wshorten-64-to-32 -Wpointer-sign -Wno-newline-eof -Wno-selector -Wno-strict-selector-match -Wundeclared-selector -Wdeprecated-implementations -Wno-implicit-fallthrough -fstrict-aliasing -Wprotocol -Wdeprecated-declarations -Wno-sign-conversion -Winfinite-recursion -Wcomma -Wblock-capture-autoreleasing -Wstrict-prototypes -Wno-semicolon-before-method-body -Wunguarded-availability -index-store-path /Users/user2/Library/Developer/Xcode/DerivedData/Hermes-gayrmdhfnqltfgffycgkcqztcdfv/Index.noindex/DataStore -Wall @/Users/user2/Library/Developer/Xcode/DerivedData/Hermes-gayrmdhfnqltfgffycgkcqztcdfv/Build/Intermediates.noindex/Hermes.build/Debug/HermesTests.build/Objects-normal/arm64/e6072d4f65d7061329687fe24e3d63a7-common-args.resp -MMD -MT dependencies -MF /Users/user2/Library/Developer/Xcode/DerivedData/Hermes-gayrmdhfnqltfgffycgkcqztcdfv/Build/Intermediates.noindex/Hermes.build/Debug/HermesTests.build/Objects-normal/arm64/HermesTests-4fe116b4e77b276a743ec544112b608c.d --serialize-diagnostics /Users/user2/Library/Developer/Xcode/DerivedData/Hermes-gayrmdhfnqltfgffycgkcqztcdfv/Build/Intermediates.noindex/Hermes.build/Debug/HermesTests.build/Objects-normal/arm64/HermesTests-4fe116b4e77b276a743ec544112b608c.dia -c /Users/user2/Downloads/PersonalProgAppsWorking/Hermes-master/HermesTests/HermesTests.m -o /Users/user2/Library/Developer/Xcode/DerivedData/Hermes-gayrmdhfnqltfgffycgkcqztcdfv/Build/Intermediates.noindex/Hermes.build/Debug/HermesTests.build/Objects-normal/arm64/HermesTests-4fe116b4e77b276a743ec544112b608c.o -index-unit-output-path /Hermes.build/Debug/HermesTests.build/Objects-normal/arm64/HermesTests-4fe116b4e77b276a743ec544112b608c.o

CompileC /Users/user2/Library/Developer/Xcode/DerivedData/Hermes-gayrmdhfnqltfgffycgkcqztcdfv/Build/Intermediates.noindex/Hermes.build/Debug/HermesTests.build/Objects-normal/arm64/AuthControllerTests.o /Users/user2/Downloads/PersonalProgAppsWorking/Hermes-master/HermesTests/AuthControllerTests.m normal arm64 objective-c com.apple.compilers.llvm.clang.1_0.compiler (in target 'HermesTests' from project 'Hermes')
    cd /Users/user2/Downloads/PersonalProgAppsWorking/Hermes-master
    
    Using response file: /Users/user2/Library/Developer/Xcode/DerivedData/Hermes-gayrmdhfnqltfgffycgkcqztcdfv/Build/Intermediates.noindex/Hermes.build/Debug/HermesTests.build/Objects-normal/arm64/e6072d4f65d7061329687fe24e3d63a7-common-args.resp
    
    /Applications/Xcode.app/Contents/Developer/Toolchains/XcodeDefault.xctoolchain/usr/bin/clang -x objective-c -ivfsstatcache /Users/user2/Library/Developer/Xcode/DerivedData/SDKStatCaches.noindex/macosx15.5-24F74-8254517eb8b97d462ccbc072ba9094c9.sdkstatcache -fmessage-length\=0 -fdiagnostics-show-note-include-stack -fmacro-backtrace-limit\=0 -fno-color-diagnostics -fmodules-prune-interval\=86400 -fmodules-prune-after\=345600 -fbuild-session-file\=/Users/user2/Library/Developer/Xcode/DerivedData/ModuleCache.noindex/Session.modulevalidation -fmodules-validate-once-per-build-session -Wnon-modular-include-in-framework-module -Werror\=non-modular-include-in-framework-module -Wno-trigraphs -Werror -Wno-missing-field-initializers -Wno-missing-prototypes -Werror\=return-type -Wdocumentation -Wunreachable-code -Wquoted-include-in-framework-header -Wno-implicit-atomic-properties -Werror\=deprecated-objc-isa-usage -Wno-objc-interface-ivars -Werror\=objc-root-class -Wno-arc-repeated-use-of-weak -Wimplicit-retain-self -Wduplicate-method-match -Wno-missing-braces -Wparentheses -Wswitch -Wunused-function -Wno-unused-label -Wno-unused-parameter -Wunused-variable -Wunused-value -Wempty-body -Wuninitialized -Wconditional-uninitialized -Wno-unknown-pragmas -Wno-shadow -Wno-four-char-constants -Wno-conversion -Wconstant-conversion -Wint-conversion -Wbool-conversion -Wenum-conversion -Wno-float-conversion -Wnon-literal-null-conversion -Wobjc-literal-conversion -Wshorten-64-to-32 -Wpointer-sign -Wno-newline-eof -Wno-selector -Wno-strict-selector-match -Wundeclared-selector -Wdeprecated-implementations -Wno-implicit-fallthrough -fstrict-aliasing -Wprotocol -Wdeprecated-declarations -Wno-sign-conversion -Winfinite-recursion -Wcomma -Wblock-capture-autoreleasing -Wstrict-prototypes -Wno-semicolon-before-method-body -Wunguarded-availability -index-store-path /Users/user2/Library/Developer/Xcode/DerivedData/Hermes-gayrmdhfnqltfgffycgkcqztcdfv/Index.noindex/DataStore -Wall @/Users/user2/Library/Developer/Xcode/DerivedData/Hermes-gayrmdhfnqltfgffycgkcqztcdfv/Build/Intermediates.noindex/Hermes.build/Debug/HermesTests.build/Objects-normal/arm64/e6072d4f65d7061329687fe24e3d63a7-common-args.resp -MMD -MT dependencies -MF /Users/user2/Library/Developer/Xcode/DerivedData/Hermes-gayrmdhfnqltfgffycgkcqztcdfv/Build/Intermediates.noindex/Hermes.build/Debug/HermesTests.build/Objects-normal/arm64/AuthControllerTests.d --serialize-diagnostics /Users/user2/Library/Developer/Xcode/DerivedData/Hermes-gayrmdhfnqltfgffycgkcqztcdfv/Build/Intermediates.noindex/Hermes.build/Debug/HermesTests.build/Objects-normal/arm64/AuthControllerTests.dia -c /Users/user2/Downloads/PersonalProgAppsWorking/Hermes-master/HermesTests/AuthControllerTests.m -o /Users/user2/Library/Developer/Xcode/DerivedData/Hermes-gayrmdhfnqltfgffycgkcqztcdfv/Build/Intermediates.noindex/Hermes.build/Debug/HermesTests.build/Objects-normal/arm64/AuthControllerTests.o -index-unit-output-path /Hermes.build/Debug/HermesTests.build/Objects-normal/arm64/AuthControllerTests.o

CompileC /Users/user2/Library/Developer/Xcode/DerivedData/Hermes-gayrmdhfnqltfgffycgkcqztcdfv/Build/Intermediates.noindex/Hermes.build/Debug/HermesTests.build/Objects-normal/arm64/AudioStreamerRetryTests.o /Users/user2/Downloads/PersonalProgAppsWorking/Hermes-master/HermesTests/AudioStreamerRetryTests.m normal arm64 objective-c com.apple.compilers.llvm.clang.1_0.compiler (in target 'HermesTests' from project 'Hermes')
    cd /Users/user2/Downloads/PersonalProgAppsWorking/Hermes-master
    
    Using response file: /Users/user2/Library/Developer/Xcode/DerivedData/Hermes-gayrmdhfnqltfgffycgkcqztcdfv/Build/Intermediates.noindex/Hermes.build/Debug/HermesTests.build/Objects-normal/arm64/e6072d4f65d7061329687fe24e3d63a7-common-args.resp
    
    /Applications/Xcode.app/Contents/Developer/Toolchains/XcodeDefault.xctoolchain/usr/bin/clang -x objective-c -ivfsstatcache /Users/user2/Library/Developer/Xcode/DerivedData/SDKStatCaches.noindex/macosx15.5-24F74-8254517eb8b97d462ccbc072ba9094c9.sdkstatcache -fmessage-length\=0 -fdiagnostics-show-note-include-stack -fmacro-backtrace-limit\=0 -fno-color-diagnostics -fmodules-prune-interval\=86400 -fmodules-prune-after\=345600 -fbuild-session-file\=/Users/user2/Library/Developer/Xcode/DerivedData/ModuleCache.noindex/Session.modulevalidation -fmodules-validate-once-per-build-session -Wnon-modular-include-in-framework-module -Werror\=non-modular-include-in-framework-module -Wno-trigraphs -Werror -Wno-missing-field-initializers -Wno-missing-prototypes -Werror\=return-type -Wdocumentation -Wunreachable-code -Wquoted-include-in-framework-header -Wno-implicit-atomic-properties -Werror\=deprecated-objc-isa-usage -Wno-objc-interface-ivars -Werror\=objc-root-class -Wno-arc-repeated-use-of-weak -Wimplicit-retain-self -Wduplicate-method-match -Wno-missing-braces -Wparentheses -Wswitch -Wunused-function -Wno-unused-label -Wno-unused-parameter -Wunused-variable -Wunused-value -Wempty-body -Wuninitialized -Wconditional-uninitialized -Wno-unknown-pragmas -Wno-shadow -Wno-four-char-constants -Wno-conversion -Wconstant-conversion -Wint-conversion -Wbool-conversion -Wenum-conversion -Wno-float-conversion -Wnon-literal-null-conversion -Wobjc-literal-conversion -Wshorten-64-to-32 -Wpointer-sign -Wno-newline-eof -Wno-selector -Wno-strict-selector-match -Wundeclared-selector -Wdeprecated-implementations -Wno-implicit-fallthrough -fstrict-aliasing -Wprotocol -Wdeprecated-declarations -Wno-sign-conversion -Winfinite-recursion -Wcomma -Wblock-capture-autoreleasing -Wstrict-prototypes -Wno-semicolon-before-method-body -Wunguarded-availability -index-store-path /Users/user2/Library/Developer/Xcode/DerivedData/Hermes-gayrmdhfnqltfgffycgkcqztcdfv/Index.noindex/DataStore -Wall @/Users/user2/Library/Developer/Xcode/DerivedData/Hermes-gayrmdhfnqltfgffycgkcqztcdfv/Build/Intermediates.noindex/Hermes.build/Debug/HermesTests.build/Objects-normal/arm64/e6072d4f65d7061329687fe24e3d63a7-common-args.resp -MMD -MT dependencies -MF /Users/user2/Library/Developer/Xcode/DerivedData/Hermes-gayrmdhfnqltfgffycgkcqztcdfv/Build/Intermediates.noindex/Hermes.build/Debug/HermesTests.build/Objects-normal/arm64/AudioStreamerRetryTests.d --serialize-diagnostics /Users/user2/Library/Developer/Xcode/DerivedData/Hermes-gayrmdhfnqltfgffycgkcqztcdfv/Build/Intermediates.noindex/Hermes.build/Debug/HermesTests.build/Objects-normal/arm64/AudioStreamerRetryTests.dia -c /Users/user2/Downloads/PersonalProgAppsWorking/Hermes-master/HermesTests/AudioStreamerRetryTests.m -o /Users/user2/Library/Developer/Xcode/DerivedData/Hermes-gayrmdhfnqltfgffycgkcqztcdfv/Build/Intermediates.noindex/Hermes.build/Debug/HermesTests.build/Objects-normal/arm64/AudioStreamerRetryTests.o -index-unit-output-path /Hermes.build/Debug/HermesTests.build/Objects-normal/arm64/AudioStreamerRetryTests.o

CompileC /Users/user2/Library/Developer/Xcode/DerivedData/Hermes-gayrmdhfnqltfgffycgkcqztcdfv/Build/Intermediates.noindex/Hermes.build/Debug/HermesTests.build/Objects-normal/arm64/AudioStreamerErrorClassificationTests.o /Users/user2/Downloads/PersonalProgAppsWorking/Hermes-master/HermesTests/AudioStreamerErrorClassificationTests.m normal arm64 objective-c com.apple.compilers.llvm.clang.1_0.compiler (in target 'HermesTests' from project 'Hermes')
    cd /Users/user2/Downloads/PersonalProgAppsWorking/Hermes-master
    
    Using response file: /Users/user2/Library/Developer/Xcode/DerivedData/Hermes-gayrmdhfnqltfgffycgkcqztcdfv/Build/Intermediates.noindex/Hermes.build/Debug/HermesTests.build/Objects-normal/arm64/e6072d4f65d7061329687fe24e3d63a7-common-args.resp
    
    /Applications/Xcode.app/Contents/Developer/Toolchains/XcodeDefault.xctoolchain/usr/bin/clang -x objective-c -ivfsstatcache /Users/user2/Library/Developer/Xcode/DerivedData/SDKStatCaches.noindex/macosx15.5-24F74-8254517eb8b97d462ccbc072ba9094c9.sdkstatcache -fmessage-length\=0 -fdiagnostics-show-note-include-stack -fmacro-backtrace-limit\=0 -fno-color-diagnostics -fmodules-prune-interval\=86400 -fmodules-prune-after\=345600 -fbuild-session-file\=/Users/user2/Library/Developer/Xcode/DerivedData/ModuleCache.noindex/Session.modulevalidation -fmodules-validate-once-per-build-session -Wnon-modular-include-in-framework-module -Werror\=non-modular-include-in-framework-module -Wno-trigraphs -Werror -Wno-missing-field-initializers -Wno-missing-prototypes -Werror\=return-type -Wdocumentation -Wunreachable-code -Wquoted-include-in-framework-header -Wno-implicit-atomic-properties -Werror\=deprecated-objc-isa-usage -Wno-objc-interface-ivars -Werror\=objc-root-class -Wno-arc-repeated-use-of-weak -Wimplicit-retain-self -Wduplicate-method-match -Wno-missing-braces -Wparentheses -Wswitch -Wunused-function -Wno-unused-label -Wno-unused-parameter -Wunused-variable -Wunused-value -Wempty-body -Wuninitialized -Wconditional-uninitialized -Wno-unknown-pragmas -Wno-shadow -Wno-four-char-constants -Wno-conversion -Wconstant-conversion -Wint-conversion -Wbool-conversion -Wenum-conversion -Wno-float-conversion -Wnon-literal-null-conversion -Wobjc-literal-conversion -Wshorten-64-to-32 -Wpointer-sign -Wno-newline-eof -Wno-selector -Wno-strict-selector-match -Wundeclared-selector -Wdeprecated-implementations -Wno-implicit-fallthrough -fstrict-aliasing -Wprotocol -Wdeprecated-declarations -Wno-sign-conversion -Winfinite-recursion -Wcomma -Wblock-capture-autoreleasing -Wstrict-prototypes -Wno-semicolon-before-method-body -Wunguarded-availability -index-store-path /Users/user2/Library/Developer/Xcode/DerivedData/Hermes-gayrmdhfnqltfgffycgkcqztcdfv/Index.noindex/DataStore -Wall @/Users/user2/Library/Developer/Xcode/DerivedData/Hermes-gayrmdhfnqltfgffycgkcqztcdfv/Build/Intermediates.noindex/Hermes.build/Debug/HermesTests.build/Objects-normal/arm64/e6072d4f65d7061329687fe24e3d63a7-common-args.resp -MMD -MT dependencies -MF /Users/user2/Library/Developer/Xcode/DerivedData/Hermes-gayrmdhfnqltfgffycgkcqztcdfv/Build/Intermediates.noindex/Hermes.build/Debug/HermesTests.build/Objects-normal/arm64/AudioStreamerErrorClassificationTests.d --serialize-diagnostics /Users/user2/Library/Developer/Xcode/DerivedData/Hermes-gayrmdhfnqltfgffycgkcqztcdfv/Build/Intermediates.noindex/Hermes.build/Debug/HermesTests.build/Objects-normal/arm64/AudioStreamerErrorClassificationTests.dia -c /Users/user2/Downloads/PersonalProgAppsWorking/Hermes-master/HermesTests/AudioStreamerErrorClassificationTests.m -o /Users/user2/Library/Developer/Xcode/DerivedData/Hermes-gayrmdhfnqltfgffycgkcqztcdfv/Build/Intermediates.noindex/Hermes.build/Debug/HermesTests.build/Objects-normal/arm64/AudioStreamerErrorClassificationTests.o -index-unit-output-path /Hermes.build/Debug/HermesTests.build/Objects-normal/arm64/AudioStreamerErrorClassificationTests.o

CompileC /Users/user2/Library/Developer/Xcode/DerivedData/Hermes-gayrmdhfnqltfgffycgkcqztcdfv/Build/Intermediates.noindex/Hermes.build/Debug/HermesTests.build/Objects-normal/arm64/AudioBufferManagerTests.o /Users/user2/Downloads/PersonalProgAppsWorking/Hermes-master/HermesTests/AudioBufferManagerTests.m normal arm64 objective-c com.apple.compilers.llvm.clang.1_0.compiler (in target 'HermesTests' from project 'Hermes')
    cd /Users/user2/Downloads/PersonalProgAppsWorking/Hermes-master
    
    Using response file: /Users/user2/Library/Developer/Xcode/DerivedData/Hermes-gayrmdhfnqltfgffycgkcqztcdfv/Build/Intermediates.noindex/Hermes.build/Debug/HermesTests.build/Objects-normal/arm64/e6072d4f65d7061329687fe24e3d63a7-common-args.resp
    
    /Applications/Xcode.app/Contents/Developer/Toolchains/XcodeDefault.xctoolchain/usr/bin/clang -x objective-c -ivfsstatcache /Users/user2/Library/Developer/Xcode/DerivedData/SDKStatCaches.noindex/macosx15.5-24F74-8254517eb8b97d462ccbc072ba9094c9.sdkstatcache -fmessage-length\=0 -fdiagnostics-show-note-include-stack -fmacro-backtrace-limit\=0 -fno-color-diagnostics -fmodules-prune-interval\=86400 -fmodules-prune-after\=345600 -fbuild-session-file\=/Users/user2/Library/Developer/Xcode/DerivedData/ModuleCache.noindex/Session.modulevalidation -fmodules-validate-once-per-build-session -Wnon-modular-include-in-framework-module -Werror\=non-modular-include-in-framework-module -Wno-trigraphs -Werror -Wno-missing-field-initializers -Wno-missing-prototypes -Werror\=return-type -Wdocumentation -Wunreachable-code -Wquoted-include-in-framework-header -Wno-implicit-atomic-properties -Werror\=deprecated-objc-isa-usage -Wno-objc-interface-ivars -Werror\=objc-root-class -Wno-arc-repeated-use-of-weak -Wimplicit-retain-self -Wduplicate-method-match -Wno-missing-braces -Wparentheses -Wswitch -Wunused-function -Wno-unused-label -Wno-unused-parameter -Wunused-variable -Wunused-value -Wempty-body -Wuninitialized -Wconditional-uninitialized -Wno-unknown-pragmas -Wno-shadow -Wno-four-char-constants -Wno-conversion -Wconstant-conversion -Wint-conversion -Wbool-conversion -Wenum-conversion -Wno-float-conversion -Wnon-literal-null-conversion -Wobjc-literal-conversion -Wshorten-64-to-32 -Wpointer-sign -Wno-newline-eof -Wno-selector -Wno-strict-selector-match -Wundeclared-selector -Wdeprecated-implementations -Wno-implicit-fallthrough -fstrict-aliasing -Wprotocol -Wdeprecated-declarations -Wno-sign-conversion -Winfinite-recursion -Wcomma -Wblock-capture-autoreleasing -Wstrict-prototypes -Wno-semicolon-before-method-body -Wunguarded-availability -index-store-path /Users/user2/Library/Developer/Xcode/DerivedData/Hermes-gayrmdhfnqltfgffycgkcqztcdfv/Index.noindex/DataStore -Wall @/Users/user2/Library/Developer/Xcode/DerivedData/Hermes-gayrmdhfnqltfgffycgkcqztcdfv/Build/Intermediates.noindex/Hermes.build/Debug/HermesTests.build/Objects-normal/arm64/e6072d4f65d7061329687fe24e3d63a7-common-args.resp -MMD -MT dependencies -MF /Users/user2/Library/Developer/Xcode/DerivedData/Hermes-gayrmdhfnqltfgffycgkcqztcdfv/Build/Intermediates.noindex/Hermes.build/Debug/HermesTests.build/Objects-normal/arm64/AudioBufferManagerTests.d --serialize-diagnostics /Users/user2/Library/Developer/Xcode/DerivedData/Hermes-gayrmdhfnqltfgffycgkcqztcdfv/Build/Intermediates.noindex/Hermes.build/Debug/HermesTests.build/Objects-normal/arm64/AudioBufferManagerTests.dia -c /Users/user2/Downloads/PersonalProgAppsWorking/Hermes-master/HermesTests/AudioBufferManagerTests.m -o /Users/user2/Library/Developer/Xcode/DerivedData/Hermes-gayrmdhfnqltfgffycgkcqztcdfv/Build/Intermediates.noindex/Hermes.build/Debug/HermesTests.build/Objects-normal/arm64/AudioBufferManagerTests.o -index-unit-output-path /Hermes.build/Debug/HermesTests.build/Objects-normal/arm64/AudioBufferManagerTests.o

CompileC /Users/user2/Library/Developer/Xcode/DerivedData/Hermes-gayrmdhfnqltfgffycgkcqztcdfv/Build/Intermediates.noindex/Hermes.build/Debug/HermesTests.build/Objects-normal/arm64/ASPlaylistRetryTests.o /Users/user2/Downloads/PersonalProgAppsWorking/Hermes-master/HermesTests/ASPlaylistRetryTests.m normal arm64 objective-c com.apple.compilers.llvm.clang.1_0.compiler (in target 'HermesTests' from project 'Hermes')
    cd /Users/user2/Downloads/PersonalProgAppsWorking/Hermes-master
    
    Using response file: /Users/user2/Library/Developer/Xcode/DerivedData/Hermes-gayrmdhfnqltfgffycgkcqztcdfv/Build/Intermediates.noindex/Hermes.build/Debug/HermesTests.build/Objects-normal/arm64/e6072d4f65d7061329687fe24e3d63a7-common-args.resp
    
    /Applications/Xcode.app/Contents/Developer/Toolchains/XcodeDefault.xctoolchain/usr/bin/clang -x objective-c -ivfsstatcache /Users/user2/Library/Developer/Xcode/DerivedData/SDKStatCaches.noindex/macosx15.5-24F74-8254517eb8b97d462ccbc072ba9094c9.sdkstatcache -fmessage-length\=0 -fdiagnostics-show-note-include-stack -fmacro-backtrace-limit\=0 -fno-color-diagnostics -fmodules-prune-interval\=86400 -fmodules-prune-after\=345600 -fbuild-session-file\=/Users/user2/Library/Developer/Xcode/DerivedData/ModuleCache.noindex/Session.modulevalidation -fmodules-validate-once-per-build-session -Wnon-modular-include-in-framework-module -Werror\=non-modular-include-in-framework-module -Wno-trigraphs -Werror -Wno-missing-field-initializers -Wno-missing-prototypes -Werror\=return-type -Wdocumentation -Wunreachable-code -Wquoted-include-in-framework-header -Wno-implicit-atomic-properties -Werror\=deprecated-objc-isa-usage -Wno-objc-interface-ivars -Werror\=objc-root-class -Wno-arc-repeated-use-of-weak -Wimplicit-retain-self -Wduplicate-method-match -Wno-missing-braces -Wparentheses -Wswitch -Wunused-function -Wno-unused-label -Wno-unused-parameter -Wunused-variable -Wunused-value -Wempty-body -Wuninitialized -Wconditional-uninitialized -Wno-unknown-pragmas -Wno-shadow -Wno-four-char-constants -Wno-conversion -Wconstant-conversion -Wint-conversion -Wbool-conversion -Wenum-conversion -Wno-float-conversion -Wnon-literal-null-conversion -Wobjc-literal-conversion -Wshorten-64-to-32 -Wpointer-sign -Wno-newline-eof -Wno-selector -Wno-strict-selector-match -Wundeclared-selector -Wdeprecated-implementations -Wno-implicit-fallthrough -fstrict-aliasing -Wprotocol -Wdeprecated-declarations -Wno-sign-conversion -Winfinite-recursion -Wcomma -Wblock-capture-autoreleasing -Wstrict-prototypes -Wno-semicolon-before-method-body -Wunguarded-availability -index-store-path /Users/user2/Library/Developer/Xcode/DerivedData/Hermes-gayrmdhfnqltfgffycgkcqztcdfv/Index.noindex/DataStore -Wall @/Users/user2/Library/Developer/Xcode/DerivedData/Hermes-gayrmdhfnqltfgffycgkcqztcdfv/Build/Intermediates.noindex/Hermes.build/Debug/HermesTests.build/Objects-normal/arm64/e6072d4f65d7061329687fe24e3d63a7-common-args.resp -MMD -MT dependencies -MF /Users/user2/Library/Developer/Xcode/DerivedData/Hermes-gayrmdhfnqltfgffycgkcqztcdfv/Build/Intermediates.noindex/Hermes.build/Debug/HermesTests.build/Objects-normal/arm64/ASPlaylistRetryTests.d --serialize-diagnostics /Users/user2/Library/Developer/Xcode/DerivedData/Hermes-gayrmdhfnqltfgffycgkcqztcdfv/Build/Intermediates.noindex/Hermes.build/Debug/HermesTests.build/Objects-normal/arm64/ASPlaylistRetryTests.dia -c /Users/user2/Downloads/PersonalProgAppsWorking/Hermes-master/HermesTests/ASPlaylistRetryTests.m -o /Users/user2/Library/Developer/Xcode/DerivedData/Hermes-gayrmdhfnqltfgffycgkcqztcdfv/Build/Intermediates.noindex/Hermes.build/Debug/HermesTests.build/Objects-normal/arm64/ASPlaylistRetryTests.o -index-unit-output-path /Hermes.build/Debug/HermesTests.build/Objects-normal/arm64/ASPlaylistRetryTests.o

Ld /Users/user2/Library/Developer/Xcode/DerivedData/Hermes-gayrmdhfnqltfgffycgkcqztcdfv/Build/Products/Debug/Hermes.app/Contents/PlugIns/HermesTests.xctest/Contents/MacOS/HermesTests normal (in target 'HermesTests' from project 'Hermes')
    cd /Users/user2/Downloads/PersonalProgAppsWorking/Hermes-master
    /Applications/Xcode.app/Contents/Developer/Toolchains/XcodeDefault.xctoolchain/usr/bin/clang -Xlinker -reproducible -target arm64-apple-macos11.0 -bundle -isysroot /Applications/Xcode.app/Contents/Developer/Platforms/MacOSX.platform/Developer/SDKs/MacOSX15.5.sdk -O0 -L/Users/user2/Library/Developer/Xcode/DerivedData/Hermes-gayrmdhfnqltfgffycgkcqztcdfv/Build/Intermediates.noindex/EagerLinkingTBDs/Debug -L/Users/user2/Library/Developer/Xcode/DerivedData/Hermes-gayrmdhfnqltfgffycgkcqztcdfv/Build/Products/Debug -L/Applications/Xcode.app/Contents/Developer/Platforms/MacOSX.platform/Developer/usr/lib -F/Users/user2/Library/Developer/Xcode/DerivedData/Hermes-gayrmdhfnqltfgffycgkcqztcdfv/Build/Intermediates.noindex/EagerLinkingTBDs/Debug -F/Users/user2/Library/Developer/Xcode/DerivedData/Hermes-gayrmdhfnqltfgffycgkcqztcdfv/Build/Products/Debug -iframework /Applications/Xcode.app/Contents/Developer/Platforms/MacOSX.platform/Developer/Library/Frameworks -filelist /Users/user2/Library/Developer/Xcode/DerivedData/Hermes-gayrmdhfnqltfgffycgkcqztcdfv/Build/Intermediates.noindex/Hermes.build/Debug/HermesTests.build/Objects-normal/arm64/HermesTests.LinkFileList -Xlinker -rpath -Xlinker @loader_path/../Frameworks -Xlinker -rpath -Xlinker @executable_path/../Frameworks -dead_strip -bundle_loader /Users/user2/Library/Developer/Xcode/DerivedData/Hermes-gayrmdhfnqltfgffycgkcqztcdfv/Build/Products/Debug/Hermes.app/Contents/MacOS/Hermes -Xlinker -object_path_lto -Xlinker /Users/user2/Library/Developer/Xcode/DerivedData/Hermes-gayrmdhfnqltfgffycgkcqztcdfv/Build/Intermediates.noindex/Hermes.build/Debug/HermesTests.build/Objects-normal/arm64/HermesTests_lto.o -rdynamic -Xlinker -no_deduplicate -Xlinker -dependency_info -Xlinker /Users/user2/Library/Developer/Xcode/DerivedData/Hermes-gayrmdhfnqltfgffycgkcqztcdfv/Build/Intermediates.noindex/Hermes.build/Debug/HermesTests.build/Objects-normal/arm64/HermesTests_dependency_info.dat -fobjc-arc -fobjc-link-runtime -L/Applications/Xcode.app/Contents/Developer/Toolchains/XcodeDefault.xctoolchain/usr/lib/swift/macosx -L/usr/lib/swift -Xlinker -add_ast_path -Xlinker /Users/user2/Library/Developer/Xcode/DerivedData/Hermes-gayrmdhfnqltfgffycgkcqztcdfv/Build/Intermediates.noindex/Hermes.build/Debug/HermesTests.build/Objects-normal/arm64/HermesTests.swiftmodule -framework XCTest -lXCTestSwiftSupport -Xlinker -no_adhoc_codesign -o /Users/user2/Library/Developer/Xcode/DerivedData/Hermes-gayrmdhfnqltfgffycgkcqztcdfv/Build/Products/Debug/Hermes.app/Contents/PlugIns/HermesTests.xctest/Contents/MacOS/HermesTests

ExtractAppIntentsMetadata (in target 'HermesTests' from project 'Hermes')
    cd /Users/user2/Downloads/PersonalProgAppsWorking/Hermes-master
    /Applications/Xcode.app/Contents/Developer/Toolchains/XcodeDefault.xctoolchain/usr/bin/appintentsmetadataprocessor --toolchain-dir /Applications/Xcode.app/Contents/Developer/Toolchains/XcodeDefault.xctoolchain --module-name HermesTests --sdk-root /Applications/Xcode.app/Contents/Developer/Platforms/MacOSX.platform/Developer/SDKs/MacOSX15.5.sdk --xcode-version 16F6 --platform-family macOS --deployment-target 11.0 --bundle-identifier Hermes.HermesTests --output /Users/user2/Library/Developer/Xcode/DerivedData/Hermes-gayrmdhfnqltfgffycgkcqztcdfv/Build/Products/Debug/Hermes.app/Contents/PlugIns/HermesTests.xctest/Contents/Resources --target-triple arm64-apple-macos11.0 --binary-file /Users/user2/Library/Developer/Xcode/DerivedData/Hermes-gayrmdhfnqltfgffycgkcqztcdfv/Build/Products/Debug/Hermes.app/Contents/PlugIns/HermesTests.xctest/Contents/MacOS/HermesTests --dependency-file /Users/user2/Library/Developer/Xcode/DerivedData/Hermes-gayrmdhfnqltfgffycgkcqztcdfv/Build/Intermediates.noindex/Hermes.build/Debug/HermesTests.build/Objects-normal/arm64/HermesTests_dependency_info.dat --stringsdata-file /Users/user2/Library/Developer/Xcode/DerivedData/Hermes-gayrmdhfnqltfgffycgkcqztcdfv/Build/Intermediates.noindex/Hermes.build/Debug/HermesTests.build/Objects-normal/arm64/ExtractedAppShortcutsMetadata.stringsdata --source-file-list /Users/user2/Library/Developer/Xcode/DerivedData/Hermes-gayrmdhfnqltfgffycgkcqztcdfv/Build/Intermediates.noindex/Hermes.build/Debug/HermesTests.build/Objects-normal/arm64/HermesTests.SwiftFileList --metadata-file-list /Users/user2/Library/Developer/Xcode/DerivedData/Hermes-gayrmdhfnqltfgffycgkcqztcdfv/Build/Intermediates.noindex/Hermes.build/Debug/HermesTests.build/HermesTests.DependencyMetadataFileList --static-metadata-file-list /Users/user2/Library/Developer/Xcode/DerivedData/Hermes-gayrmdhfnqltfgffycgkcqztcdfv/Build/Intermediates.noindex/Hermes.build/Debug/HermesTests.build/HermesTests.DependencyStaticMetadataFileList --swift-const-vals-list /Users/user2/Library/Developer/Xcode/DerivedData/Hermes-gayrmdhfnqltfgffycgkcqztcdfv/Build/Intermediates.noindex/Hermes.build/Debug/HermesTests.build/Objects-normal/arm64/HermesTests.SwiftConstValuesFileList --compile-time-extraction --deployment-aware-processing --validate-assistant-intents --no-app-shortcuts-localization
2025-11-22 14:31:08.312 appintentsmetadataprocessor[10220:4506355] Starting appintentsmetadataprocessor export
2025-11-22 14:31:08.315 appintentsmetadataprocessor[10220:4506355] warning: Metadata extraction skipped. No AppIntents.framework dependency found.

CopySwiftLibs /Users/user2/Library/Developer/Xcode/DerivedData/Hermes-gayrmdhfnqltfgffycgkcqztcdfv/Build/Products/Debug/Hermes.app/Contents/PlugIns/HermesTests.xctest (in target 'HermesTests' from project 'Hermes')
    cd /Users/user2/Downloads/PersonalProgAppsWorking/Hermes-master
    builtin-swiftStdLibTool --copy --verbose --sign 7A8F39217C1F3C5B0073284622261E2CDF4234C7 --scan-executable /Users/user2/Library/Developer/Xcode/DerivedData/Hermes-gayrmdhfnqltfgffycgkcqztcdfv/Build/Products/Debug/Hermes.app/Contents/PlugIns/HermesTests.xctest/Contents/MacOS/HermesTests --scan-folder /Users/user2/Library/Developer/Xcode/DerivedData/Hermes-gayrmdhfnqltfgffycgkcqztcdfv/Build/Products/Debug/Hermes.app/Contents/PlugIns/HermesTests.xctest/Contents/Frameworks --scan-folder /Users/user2/Library/Developer/Xcode/DerivedData/Hermes-gayrmdhfnqltfgffycgkcqztcdfv/Build/Products/Debug/Hermes.app/Contents/PlugIns/HermesTests.xctest/Contents/PlugIns --scan-folder /Users/user2/Library/Developer/Xcode/DerivedData/Hermes-gayrmdhfnqltfgffycgkcqztcdfv/Build/Products/Debug/Hermes.app/Contents/PlugIns/HermesTests.xctest/Contents/Library/SystemExtensions --scan-folder /Users/user2/Library/Developer/Xcode/DerivedData/Hermes-gayrmdhfnqltfgffycgkcqztcdfv/Build/Products/Debug/Hermes.app/Contents/PlugIns/HermesTests.xctest/Contents/Extensions --platform macosx --toolchain /Applications/Xcode.app/Contents/Developer/Toolchains/XcodeDefault.xctoolchain --destination /Users/user2/Library/Developer/Xcode/DerivedData/Hermes-gayrmdhfnqltfgffycgkcqztcdfv/Build/Products/Debug/Hermes.app/Contents/PlugIns/HermesTests.xctest/Contents/Frameworks --strip-bitcode --scan-executable /Applications/Xcode.app/Contents/Developer/Platforms/MacOSX.platform/Developer/usr/lib/libXCTestSwiftSupport.dylib --strip-bitcode-tool /Applications/Xcode.app/Contents/Developer/Toolchains/XcodeDefault.xctoolchain/usr/bin/bitcode_strip --emit-dependency-info /Users/user2/Library/Developer/Xcode/DerivedData/Hermes-gayrmdhfnqltfgffycgkcqztcdfv/Build/Intermediates.noindex/Hermes.build/Debug/HermesTests.build/SwiftStdLibToolInputDependencies.dep
libswiftCoreGraphics.dylib is up to date at /Users/user2/Library/Developer/Xcode/DerivedData/Hermes-gayrmdhfnqltfgffycgkcqztcdfv/Build/Products/Debug/Hermes.app/Contents/PlugIns/HermesTests.xctest/Contents/Frameworks/libswiftCoreGraphics.dylib
libswiftos.dylib is up to date at /Users/user2/Library/Developer/Xcode/DerivedData/Hermes-gayrmdhfnqltfgffycgkcqztcdfv/Build/Products/Debug/Hermes.app/Contents/PlugIns/HermesTests.xctest/Contents/Frameworks/libswiftos.dylib
libswiftMetal.dylib is up to date at /Users/user2/Library/Developer/Xcode/DerivedData/Hermes-gayrmdhfnqltfgffycgkcqztcdfv/Build/Products/Debug/Hermes.app/Contents/PlugIns/HermesTests.xctest/Contents/Frameworks/libswiftMetal.dylib
libswiftObjectiveC.dylib is up to date at /Users/user2/Library/Developer/Xcode/DerivedData/Hermes-gayrmdhfnqltfgffycgkcqztcdfv/Build/Products/Debug/Hermes.app/Contents/PlugIns/HermesTests.xctest/Contents/Frameworks/libswiftObjectiveC.dylib
libswiftsimd.dylib is up to date at /Users/user2/Library/Developer/Xcode/DerivedData/Hermes-gayrmdhfnqltfgffycgkcqztcdfv/Build/Products/Debug/Hermes.app/Contents/PlugIns/HermesTests.xctest/Contents/Frameworks/libswiftsimd.dylib
libswiftDarwin.dylib is up to date at /Users/user2/Library/Developer/Xcode/DerivedData/Hermes-gayrmdhfnqltfgffycgkcqztcdfv/Build/Products/Debug/Hermes.app/Contents/PlugIns/HermesTests.xctest/Contents/Frameworks/libswiftDarwin.dylib
libswiftDispatch.dylib is up to date at /Users/user2/Library/Developer/Xcode/DerivedData/Hermes-gayrmdhfnqltfgffycgkcqztcdfv/Build/Products/Debug/Hermes.app/Contents/PlugIns/HermesTests.xctest/Contents/Frameworks/libswiftDispatch.dylib
libswiftQuartzCore.dylib is up to date at /Users/user2/Library/Developer/Xcode/DerivedData/Hermes-gayrmdhfnqltfgffycgkcqztcdfv/Build/Products/Debug/Hermes.app/Contents/PlugIns/HermesTests.xctest/Contents/Frameworks/libswiftQuartzCore.dylib
libswiftFoundation.dylib is up to date at /Users/user2/Library/Developer/Xcode/DerivedData/Hermes-gayrmdhfnqltfgffycgkcqztcdfv/Build/Products/Debug/Hermes.app/Contents/PlugIns/HermesTests.xctest/Contents/Frameworks/libswiftFoundation.dylib
libswiftCore.dylib is up to date at /Users/user2/Library/Developer/Xcode/DerivedData/Hermes-gayrmdhfnqltfgffycgkcqztcdfv/Build/Products/Debug/Hermes.app/Contents/PlugIns/HermesTests.xctest/Contents/Frameworks/libswiftCore.dylib
libswiftCoreImage.dylib is up to date at /Users/user2/Library/Developer/Xcode/DerivedData/Hermes-gayrmdhfnqltfgffycgkcqztcdfv/Build/Products/Debug/Hermes.app/Contents/PlugIns/HermesTests.xctest/Contents/Frameworks/libswiftCoreImage.dylib
libswiftIOKit.dylib is up to date at /Users/user2/Library/Developer/Xcode/DerivedData/Hermes-gayrmdhfnqltfgffycgkcqztcdfv/Build/Products/Debug/Hermes.app/Contents/PlugIns/HermesTests.xctest/Contents/Frameworks/libswiftIOKit.dylib
libswiftCoreFoundation.dylib is up to date at /Users/user2/Library/Developer/Xcode/DerivedData/Hermes-gayrmdhfnqltfgffycgkcqztcdfv/Build/Products/Debug/Hermes.app/Contents/PlugIns/HermesTests.xctest/Contents/Frameworks/libswiftCoreFoundation.dylib
libswift_Concurrency.dylib is up to date at /Users/user2/Library/Developer/Xcode/DerivedData/Hermes-gayrmdhfnqltfgffycgkcqztcdfv/Build/Products/Debug/Hermes.app/Contents/PlugIns/HermesTests.xctest/Contents/Frameworks/libswift_Concurrency.dylib
libswiftXPC.dylib is up to date at /Users/user2/Library/Developer/Xcode/DerivedData/Hermes-gayrmdhfnqltfgffycgkcqztcdfv/Build/Products/Debug/Hermes.app/Contents/PlugIns/HermesTests.xctest/Contents/Frameworks/libswiftXPC.dylib
Probing signature of /Users/user2/Library/Developer/Xcode/DerivedData/Hermes-gayrmdhfnqltfgffycgkcqztcdfv/Build/Products/Debug/Hermes.app/Contents/PlugIns/HermesTests.xctest/Contents/Frameworks/libswiftCoreGraphics.dylib
/usr/bin/codesign -r- --display /Users/user2/Library/Developer/Xcode/DerivedData/Hermes-gayrmdhfnqltfgffycgkcqztcdfv/Build/Products/Debug/Hermes.app/Contents/PlugIns/HermesTests.xctest/Contents/Frameworks/libswiftCoreGraphics.dylib
Codesigning /Users/user2/Library/Developer/Xcode/DerivedData/Hermes-gayrmdhfnqltfgffycgkcqztcdfv/Build/Products/Debug/Hermes.app/Contents/PlugIns/HermesTests.xctest/Contents/Frameworks/libswiftCoreGraphics.dylib
/usr/bin/codesign --force --sign 7A8F39217C1F3C5B0073284622261E2CDF4234C7 --verbose /Users/user2/Library/Developer/Xcode/DerivedData/Hermes-gayrmdhfnqltfgffycgkcqztcdfv/Build/Products/Debug/Hermes.app/Contents/PlugIns/HermesTests.xctest/Contents/Frameworks/libswiftCoreGraphics.dylib
Probing signature of /Users/user2/Library/Developer/Xcode/DerivedData/Hermes-gayrmdhfnqltfgffycgkcqztcdfv/Build/Products/Debug/Hermes.app/Contents/PlugIns/HermesTests.xctest/Contents/Frameworks/libswiftCoreGraphics.dylib
/usr/bin/codesign -r- --display /Users/user2/Library/Developer/Xcode/DerivedData/Hermes-gayrmdhfnqltfgffycgkcqztcdfv/Build/Products/Debug/Hermes.app/Contents/PlugIns/HermesTests.xctest/Contents/Frameworks/libswiftCoreGraphics.dylib
Code signature of /Users/user2/Library/Developer/Xcode/DerivedData/Hermes-gayrmdhfnqltfgffycgkcqztcdfv/Build/Products/Debug/Hermes.app/Contents/PlugIns/HermesTests.xctest/Contents/Frameworks/libswiftCoreGraphics.dylib is unchanged; keeping original
Probing signature of /Users/user2/Library/Developer/Xcode/DerivedData/Hermes-gayrmdhfnqltfgffycgkcqztcdfv/Build/Products/Debug/Hermes.app/Contents/PlugIns/HermesTests.xctest/Contents/Frameworks/libswiftMetal.dylib
/usr/bin/codesign -r- --display /Users/user2/Library/Developer/Xcode/DerivedData/Hermes-gayrmdhfnqltfgffycgkcqztcdfv/Build/Products/Debug/Hermes.app/Contents/PlugIns/HermesTests.xctest/Contents/Frameworks/libswiftMetal.dylib
Probing signature of /Users/user2/Library/Developer/Xcode/DerivedData/Hermes-gayrmdhfnqltfgffycgkcqztcdfv/Build/Products/Debug/Hermes.app/Contents/PlugIns/HermesTests.xctest/Contents/Frameworks/libswiftQuartzCore.dylib
/usr/bin/codesign -r- --display /Users/user2/Library/Developer/Xcode/DerivedData/Hermes-gayrmdhfnqltfgffycgkcqztcdfv/Build/Products/Debug/Hermes.app/Contents/PlugIns/HermesTests.xctest/Contents/Frameworks/libswiftQuartzCore.dylib
Probing signature of /Users/user2/Library/Developer/Xcode/DerivedData/Hermes-gayrmdhfnqltfgffycgkcqztcdfv/Build/Products/Debug/Hermes.app/Contents/PlugIns/HermesTests.xctest/Contents/Frameworks/libswiftFoundation.dylib
/usr/bin/codesign -r- --display /Users/user2/Library/Developer/Xcode/DerivedData/Hermes-gayrmdhfnqltfgffycgkcqztcdfv/Build/Products/Debug/Hermes.app/Contents/PlugIns/HermesTests.xctest/Contents/Frameworks/libswiftFoundation.dylib
Probing signature of /Users/user2/Library/Developer/Xcode/DerivedData/Hermes-gayrmdhfnqltfgffycgkcqztcdfv/Build/Products/Debug/Hermes.app/Contents/PlugIns/HermesTests.xctest/Contents/Frameworks/libswiftCore.dylib
/usr/bin/codesign -r- --display /Users/user2/Library/Developer/Xcode/DerivedData/Hermes-gayrmdhfnqltfgffycgkcqztcdfv/Build/Products/Debug/Hermes.app/Contents/PlugIns/HermesTests.xctest/Contents/Frameworks/libswiftCore.dylib
Probing signature of /Users/user2/Library/Developer/Xcode/DerivedData/Hermes-gayrmdhfnqltfgffycgkcqztcdfv/Build/Products/Debug/Hermes.app/Contents/PlugIns/HermesTests.xctest/Contents/Frameworks/libswiftsimd.dylib
/usr/bin/codesign -r- --display /Users/user2/Library/Developer/Xcode/DerivedData/Hermes-gayrmdhfnqltfgffycgkcqztcdfv/Build/Products/Debug/Hermes.app/Contents/PlugIns/HermesTests.xctest/Contents/Frameworks/libswiftsimd.dylib
Probing signature of /Users/user2/Library/Developer/Xcode/DerivedData/Hermes-gayrmdhfnqltfgffycgkcqztcdfv/Build/Products/Debug/Hermes.app/Contents/PlugIns/HermesTests.xctest/Contents/Frameworks/libswiftDispatch.dylib
/usr/bin/codesign -r- --display /Users/user2/Library/Developer/Xcode/DerivedData/Hermes-gayrmdhfnqltfgffycgkcqztcdfv/Build/Products/Debug/Hermes.app/Contents/PlugIns/HermesTests.xctest/Contents/Frameworks/libswiftDispatch.dylib
Probing signature of /Users/user2/Library/Developer/Xcode/DerivedData/Hermes-gayrmdhfnqltfgffycgkcqztcdfv/Build/Products/Debug/Hermes.app/Contents/PlugIns/HermesTests.xctest/Contents/Frameworks/libswiftCoreFoundation.dylib
/usr/bin/codesign -r- --display /Users/user2/Library/Developer/Xcode/DerivedData/Hermes-gayrmdhfnqltfgffycgkcqztcdfv/Build/Products/Debug/Hermes.app/Contents/PlugIns/HermesTests.xctest/Contents/Frameworks/libswiftCoreFoundation.dylib
Probing signature of /Users/user2/Library/Developer/Xcode/DerivedData/Hermes-gayrmdhfnqltfgffycgkcqztcdfv/Build/Products/Debug/Hermes.app/Contents/PlugIns/HermesTests.xctest/Contents/Frameworks/libswiftObjectiveC.dylib
/usr/bin/codesign -r- --display /Users/user2/Library/Developer/Xcode/DerivedData/Hermes-gayrmdhfnqltfgffycgkcqztcdfv/Build/Products/Debug/Hermes.app/Contents/PlugIns/HermesTests.xctest/Contents/Frameworks/libswiftObjectiveC.dylib
Probing signature of /Users/user2/Library/Developer/Xcode/DerivedData/Hermes-gayrmdhfnqltfgffycgkcqztcdfv/Build/Products/Debug/Hermes.app/Contents/PlugIns/HermesTests.xctest/Contents/Frameworks/libswift_Concurrency.dylib
Probing signature of /Users/user2/Library/Developer/Xcode/DerivedData/Hermes-gayrmdhfnqltfgffycgkcqztcdfv/Build/Products/Debug/Hermes.app/Contents/PlugIns/HermesTests.xctest/Contents/Frameworks/libswiftos.dylib
/usr/bin/codesign -r- --display /Users/user2/Library/Developer/Xcode/DerivedData/Hermes-gayrmdhfnqltfgffycgkcqztcdfv/Build/Products/Debug/Hermes.app/Contents/PlugIns/HermesTests.xctest/Contents/Frameworks/libswiftos.dylib
Probing signature of /Users/user2/Library/Developer/Xcode/DerivedData/Hermes-gayrmdhfnqltfgffycgkcqztcdfv/Build/Products/Debug/Hermes.app/Contents/PlugIns/HermesTests.xctest/Contents/Frameworks/libswiftIOKit.dylib
/usr/bin/codesign -r- --display /Users/user2/Library/Developer/Xcode/DerivedData/Hermes-gayrmdhfnqltfgffycgkcqztcdfv/Build/Products/Debug/Hermes.app/Contents/PlugIns/HermesTests.xctest/Contents/Frameworks/libswiftIOKit.dylib
Probing signature of /Users/user2/Library/Developer/Xcode/DerivedData/Hermes-gayrmdhfnqltfgffycgkcqztcdfv/Build/Products/Debug/Hermes.app/Contents/PlugIns/HermesTests.xctest/Contents/Frameworks/libswiftXPC.dylib
/usr/bin/codesign -r- --display /Users/user2/Library/Developer/Xcode/DerivedData/Hermes-gayrmdhfnqltfgffycgkcqztcdfv/Build/Products/Debug/Hermes.app/Contents/PlugIns/HermesTests.xctest/Contents/Frameworks/libswiftXPC.dylib
Probing signature of /Users/user2/Library/Developer/Xcode/DerivedData/Hermes-gayrmdhfnqltfgffycgkcqztcdfv/Build/Products/Debug/Hermes.app/Contents/PlugIns/HermesTests.xctest/Contents/Frameworks/libswiftDarwin.dylib
/usr/bin/codesign -r- --display /Users/user2/Library/Developer/Xcode/DerivedData/Hermes-gayrmdhfnqltfgffycgkcqztcdfv/Build/Products/Debug/Hermes.app/Contents/PlugIns/HermesTests.xctest/Contents/Frameworks/libswiftDarwin.dylib
Probing signature of /Users/user2/Library/Developer/Xcode/DerivedData/Hermes-gayrmdhfnqltfgffycgkcqztcdfv/Build/Products/Debug/Hermes.app/Contents/PlugIns/HermesTests.xctest/Contents/Frameworks/libswiftCoreImage.dylib
/usr/bin/codesign -r- --display /Users/user2/Library/Developer/Xcode/DerivedData/Hermes-gayrmdhfnqltfgffycgkcqztcdfv/Build/Products/Debug/Hermes.app/Contents/PlugIns/HermesTests.xctest/Contents/Frameworks/libswiftCoreImage.dylib
/usr/bin/codesign -r- --display /Users/user2/Library/Developer/Xcode/DerivedData/Hermes-gayrmdhfnqltfgffycgkcqztcdfv/Build/Products/Debug/Hermes.app/Contents/PlugIns/HermesTests.xctest/Contents/Frameworks/libswift_Concurrency.dylib
Codesigning /Users/user2/Library/Developer/Xcode/DerivedData/Hermes-gayrmdhfnqltfgffycgkcqztcdfv/Build/Products/Debug/Hermes.app/Contents/PlugIns/HermesTests.xctest/Contents/Frameworks/libswiftCore.dylib
/usr/bin/codesign --force --sign 7A8F39217C1F3C5B0073284622261E2CDF4234C7 --verbose /Users/user2/Library/Developer/Xcode/DerivedData/Hermes-gayrmdhfnqltfgffycgkcqztcdfv/Build/Products/Debug/Hermes.app/Contents/PlugIns/HermesTests.xctest/Contents/Frameworks/libswiftCore.dylib
Codesigning /Users/user2/Library/Developer/Xcode/DerivedData/Hermes-gayrmdhfnqltfgffycgkcqztcdfv/Build/Products/Debug/Hermes.app/Contents/PlugIns/HermesTests.xctest/Contents/Frameworks/libswiftFoundation.dylib
/usr/bin/codesign --force --sign 7A8F39217C1F3C5B0073284622261E2CDF4234C7 --verbose /Users/user2/Library/Developer/Xcode/DerivedData/Hermes-gayrmdhfnqltfgffycgkcqztcdfv/Build/Products/Debug/Hermes.app/Contents/PlugIns/HermesTests.xctest/Contents/Frameworks/libswiftFoundation.dylib
Codesigning /Users/user2/Library/Developer/Xcode/DerivedData/Hermes-gayrmdhfnqltfgffycgkcqztcdfv/Build/Products/Debug/Hermes.app/Contents/PlugIns/HermesTests.xctest/Contents/Frameworks/libswiftQuartzCore.dylib
/usr/bin/codesign --force --sign 7A8F39217C1F3C5B0073284622261E2CDF4234C7 --verbose /Users/user2/Library/Developer/Xcode/DerivedData/Hermes-gayrmdhfnqltfgffycgkcqztcdfv/Build/Products/Debug/Hermes.app/Contents/PlugIns/HermesTests.xctest/Contents/Frameworks/libswiftQuartzCore.dylib
Codesigning /Users/user2/Library/Developer/Xcode/DerivedData/Hermes-gayrmdhfnqltfgffycgkcqztcdfv/Build/Products/Debug/Hermes.app/Contents/PlugIns/HermesTests.xctest/Contents/Frameworks/libswiftMetal.dylib
/usr/bin/codesign --force --sign 7A8F39217C1F3C5B0073284622261E2CDF4234C7 --verbose /Users/user2/Library/Developer/Xcode/DerivedData/Hermes-gayrmdhfnqltfgffycgkcqztcdfv/Build/Products/Debug/Hermes.app/Contents/PlugIns/HermesTests.xctest/Contents/Frameworks/libswiftMetal.dylib
Codesigning /Users/user2/Library/Developer/Xcode/DerivedData/Hermes-gayrmdhfnqltfgffycgkcqztcdfv/Build/Products/Debug/Hermes.app/Contents/PlugIns/HermesTests.xctest/Contents/Frameworks/libswiftCoreFoundation.dylib
/usr/bin/codesign --force --sign 7A8F39217C1F3C5B0073284622261E2CDF4234C7 --verbose /Users/user2/Library/Developer/Xcode/DerivedData/Hermes-gayrmdhfnqltfgffycgkcqztcdfv/Build/Products/Debug/Hermes.app/Contents/PlugIns/HermesTests.xctest/Contents/Frameworks/libswiftCoreFoundation.dylib
Codesigning /Users/user2/Library/Developer/Xcode/DerivedData/Hermes-gayrmdhfnqltfgffycgkcqztcdfv/Build/Products/Debug/Hermes.app/Contents/PlugIns/HermesTests.xctest/Contents/Frameworks/libswiftos.dylib
/usr/bin/codesign --force --sign 7A8F39217C1F3C5B0073284622261E2CDF4234C7 --verbose /Users/user2/Library/Developer/Xcode/DerivedData/Hermes-gayrmdhfnqltfgffycgkcqztcdfv/Build/Products/Debug/Hermes.app/Contents/PlugIns/HermesTests.xctest/Contents/Frameworks/libswiftos.dylib
Codesigning /Users/user2/Library/Developer/Xcode/DerivedData/Hermes-gayrmdhfnqltfgffycgkcqztcdfv/Build/Products/Debug/Hermes.app/Contents/PlugIns/HermesTests.xctest/Contents/Frameworks/libswiftIOKit.dylib
/usr/bin/codesign --force --sign 7A8F39217C1F3C5B0073284622261E2CDF4234C7 --verbose /Users/user2/Library/Developer/Xcode/DerivedData/Hermes-gayrmdhfnqltfgffycgkcqztcdfv/Build/Products/Debug/Hermes.app/Contents/PlugIns/HermesTests.xctest/Contents/Frameworks/libswiftIOKit.dylib
Codesigning /Users/user2/Library/Developer/Xcode/DerivedData/Hermes-gayrmdhfnqltfgffycgkcqztcdfv/Build/Products/Debug/Hermes.app/Contents/PlugIns/HermesTests.xctest/Contents/Frameworks/libswiftsimd.dylib
/usr/bin/codesign --force --sign 7A8F39217C1F3C5B0073284622261E2CDF4234C7 --verbose /Users/user2/Library/Developer/Xcode/DerivedData/Hermes-gayrmdhfnqltfgffycgkcqztcdfv/Build/Products/Debug/Hermes.app/Contents/PlugIns/HermesTests.xctest/Contents/Frameworks/libswiftsimd.dylib
Codesigning /Users/user2/Library/Developer/Xcode/DerivedData/Hermes-gayrmdhfnqltfgffycgkcqztcdfv/Build/Products/Debug/Hermes.app/Contents/PlugIns/HermesTests.xctest/Contents/Frameworks/libswiftXPC.dylib
/usr/bin/codesign --force --sign 7A8F39217C1F3C5B0073284622261E2CDF4234C7 --verbose /Users/user2/Library/Developer/Xcode/DerivedData/Hermes-gayrmdhfnqltfgffycgkcqztcdfv/Build/Products/Debug/Hermes.app/Contents/PlugIns/HermesTests.xctest/Contents/Frameworks/libswiftXPC.dylib
Codesigning /Users/user2/Library/Developer/Xcode/DerivedData/Hermes-gayrmdhfnqltfgffycgkcqztcdfv/Build/Products/Debug/Hermes.app/Contents/PlugIns/HermesTests.xctest/Contents/Frameworks/libswiftDispatch.dylib
/usr/bin/codesign --force --sign 7A8F39217C1F3C5B0073284622261E2CDF4234C7 --verbose /Users/user2/Library/Developer/Xcode/DerivedData/Hermes-gayrmdhfnqltfgffycgkcqztcdfv/Build/Products/Debug/Hermes.app/Contents/PlugIns/HermesTests.xctest/Contents/Frameworks/libswiftDispatch.dylib
Codesigning /Users/user2/Library/Developer/Xcode/DerivedData/Hermes-gayrmdhfnqltfgffycgkcqztcdfv/Build/Products/Debug/Hermes.app/Contents/PlugIns/HermesTests.xctest/Contents/Frameworks/libswiftDarwin.dylib
/usr/bin/codesign --force --sign 7A8F39217C1F3C5B0073284622261E2CDF4234C7 --verbose /Users/user2/Library/Developer/Xcode/DerivedData/Hermes-gayrmdhfnqltfgffycgkcqztcdfv/Build/Products/Debug/Hermes.app/Contents/PlugIns/HermesTests.xctest/Contents/Frameworks/libswiftDarwin.dylib
Codesigning /Users/user2/Library/Developer/Xcode/DerivedData/Hermes-gayrmdhfnqltfgffycgkcqztcdfv/Build/Products/Debug/Hermes.app/Contents/PlugIns/HermesTests.xctest/Contents/Frameworks/libswiftObjectiveC.dylib
/usr/bin/codesign --force --sign 7A8F39217C1F3C5B0073284622261E2CDF4234C7 --verbose /Users/user2/Library/Developer/Xcode/DerivedData/Hermes-gayrmdhfnqltfgffycgkcqztcdfv/Build/Products/Debug/Hermes.app/Contents/PlugIns/HermesTests.xctest/Contents/Frameworks/libswiftObjectiveC.dylib
Codesigning /Users/user2/Library/Developer/Xcode/DerivedData/Hermes-gayrmdhfnqltfgffycgkcqztcdfv/Build/Products/Debug/Hermes.app/Contents/PlugIns/HermesTests.xctest/Contents/Frameworks/libswiftCoreImage.dylib
/usr/bin/codesign --force --sign 7A8F39217C1F3C5B0073284622261E2CDF4234C7 --verbose /Users/user2/Library/Developer/Xcode/DerivedData/Hermes-gayrmdhfnqltfgffycgkcqztcdfv/Build/Products/Debug/Hermes.app/Contents/PlugIns/HermesTests.xctest/Contents/Frameworks/libswiftCoreImage.dylib
Codesigning /Users/user2/Library/Developer/Xcode/DerivedData/Hermes-gayrmdhfnqltfgffycgkcqztcdfv/Build/Products/Debug/Hermes.app/Contents/PlugIns/HermesTests.xctest/Contents/Frameworks/libswift_Concurrency.dylib
/usr/bin/codesign --force --sign 7A8F39217C1F3C5B0073284622261E2CDF4234C7 --verbose /Users/user2/Library/Developer/Xcode/DerivedData/Hermes-gayrmdhfnqltfgffycgkcqztcdfv/Build/Products/Debug/Hermes.app/Contents/PlugIns/HermesTests.xctest/Contents/Frameworks/libswift_Concurrency.dylib
Probing signature of /Users/user2/Library/Developer/Xcode/DerivedData/Hermes-gayrmdhfnqltfgffycgkcqztcdfv/Build/Products/Debug/Hermes.app/Contents/PlugIns/HermesTests.xctest/Contents/Frameworks/libswiftMetal.dylib
/usr/bin/codesign -r- --display /Users/user2/Library/Developer/Xcode/DerivedData/Hermes-gayrmdhfnqltfgffycgkcqztcdfv/Build/Products/Debug/Hermes.app/Contents/PlugIns/HermesTests.xctest/Contents/Frameworks/libswiftMetal.dylib
Probing signature of /Users/user2/Library/Developer/Xcode/DerivedData/Hermes-gayrmdhfnqltfgffycgkcqztcdfv/Build/Products/Debug/Hermes.app/Contents/PlugIns/HermesTests.xctest/Contents/Frameworks/libswiftCore.dylib
/usr/bin/codesign -r- --display /Users/user2/Library/Developer/Xcode/DerivedData/Hermes-gayrmdhfnqltfgffycgkcqztcdfv/Build/Products/Debug/Hermes.app/Contents/PlugIns/HermesTests.xctest/Contents/Frameworks/libswiftCore.dylib
Probing signature of /Users/user2/Library/Developer/Xcode/DerivedData/Hermes-gayrmdhfnqltfgffycgkcqztcdfv/Build/Products/Debug/Hermes.app/Contents/PlugIns/HermesTests.xctest/Contents/Frameworks/libswiftFoundation.dylib
/usr/bin/codesign -r- --display /Users/user2/Library/Developer/Xcode/DerivedData/Hermes-gayrmdhfnqltfgffycgkcqztcdfv/Build/Products/Debug/Hermes.app/Contents/PlugIns/HermesTests.xctest/Contents/Frameworks/libswiftFoundation.dylib
Code signature of /Users/user2/Library/Developer/Xcode/DerivedData/Hermes-gayrmdhfnqltfgffycgkcqztcdfv/Build/Products/Debug/Hermes.app/Contents/PlugIns/HermesTests.xctest/Contents/Frameworks/libswiftMetal.dylib is unchanged; keeping original
Code signature of /Users/user2/Library/Developer/Xcode/DerivedData/Hermes-gayrmdhfnqltfgffycgkcqztcdfv/Build/Products/Debug/Hermes.app/Contents/PlugIns/HermesTests.xctest/Contents/Frameworks/libswiftCore.dylib is unchanged; keeping original
Probing signature of /Users/user2/Library/Developer/Xcode/DerivedData/Hermes-gayrmdhfnqltfgffycgkcqztcdfv/Build/Products/Debug/Hermes.app/Contents/PlugIns/HermesTests.xctest/Contents/Frameworks/libswiftQuartzCore.dylib
/usr/bin/codesign -r- --display /Users/user2/Library/Developer/Xcode/DerivedData/Hermes-gayrmdhfnqltfgffycgkcqztcdfv/Build/Products/Debug/Hermes.app/Contents/PlugIns/HermesTests.xctest/Contents/Frameworks/libswiftQuartzCore.dylib
Code signature of /Users/user2/Library/Developer/Xcode/DerivedData/Hermes-gayrmdhfnqltfgffycgkcqztcdfv/Build/Products/Debug/Hermes.app/Contents/PlugIns/HermesTests.xctest/Contents/Frameworks/libswiftFoundation.dylib is unchanged; keeping original
Code signature of /Users/user2/Library/Developer/Xcode/DerivedData/Hermes-gayrmdhfnqltfgffycgkcqztcdfv/Build/Products/Debug/Hermes.app/Contents/PlugIns/HermesTests.xctest/Contents/Frameworks/libswiftQuartzCore.dylib is unchanged; keeping original
Probing signature of /Users/user2/Library/Developer/Xcode/DerivedData/Hermes-gayrmdhfnqltfgffycgkcqztcdfv/Build/Products/Debug/Hermes.app/Contents/PlugIns/HermesTests.xctest/Contents/Frameworks/libswiftXPC.dylib
/usr/bin/codesign -r- --display /Users/user2/Library/Developer/Xcode/DerivedData/Hermes-gayrmdhfnqltfgffycgkcqztcdfv/Build/Products/Debug/Hermes.app/Contents/PlugIns/HermesTests.xctest/Contents/Frameworks/libswiftXPC.dylib
Code signature of /Users/user2/Library/Developer/Xcode/DerivedData/Hermes-gayrmdhfnqltfgffycgkcqztcdfv/Build/Products/Debug/Hermes.app/Contents/PlugIns/HermesTests.xctest/Contents/Frameworks/libswiftXPC.dylib is unchanged; keeping original
Probing signature of /Users/user2/Library/Developer/Xcode/DerivedData/Hermes-gayrmdhfnqltfgffycgkcqztcdfv/Build/Products/Debug/Hermes.app/Contents/PlugIns/HermesTests.xctest/Contents/Frameworks/libswiftIOKit.dylib
/usr/bin/codesign -r- --display /Users/user2/Library/Developer/Xcode/DerivedData/Hermes-gayrmdhfnqltfgffycgkcqztcdfv/Build/Products/Debug/Hermes.app/Contents/PlugIns/HermesTests.xctest/Contents/Frameworks/libswiftIOKit.dylib
Probing signature of /Users/user2/Library/Developer/Xcode/DerivedData/Hermes-gayrmdhfnqltfgffycgkcqztcdfv/Build/Products/Debug/Hermes.app/Contents/PlugIns/HermesTests.xctest/Contents/Frameworks/libswiftos.dylib
/usr/bin/codesign -r- --display /Users/user2/Library/Developer/Xcode/DerivedData/Hermes-gayrmdhfnqltfgffycgkcqztcdfv/Build/Products/Debug/Hermes.app/Contents/PlugIns/HermesTests.xctest/Contents/Frameworks/libswiftos.dylib
Code signature of /Users/user2/Library/Developer/Xcode/DerivedData/Hermes-gayrmdhfnqltfgffycgkcqztcdfv/Build/Products/Debug/Hermes.app/Contents/PlugIns/HermesTests.xctest/Contents/Frameworks/libswiftos.dylib is unchanged; keeping original
Code signature of /Users/user2/Library/Developer/Xcode/DerivedData/Hermes-gayrmdhfnqltfgffycgkcqztcdfv/Build/Products/Debug/Hermes.app/Contents/PlugIns/HermesTests.xctest/Contents/Frameworks/libswiftIOKit.dylib is unchanged; keeping original
Probing signature of /Users/user2/Library/Developer/Xcode/DerivedData/Hermes-gayrmdhfnqltfgffycgkcqztcdfv/Build/Products/Debug/Hermes.app/Contents/PlugIns/HermesTests.xctest/Contents/Frameworks/libswiftDarwin.dylib
/usr/bin/codesign -r- --display /Users/user2/Library/Developer/Xcode/DerivedData/Hermes-gayrmdhfnqltfgffycgkcqztcdfv/Build/Products/Debug/Hermes.app/Contents/PlugIns/HermesTests.xctest/Contents/Frameworks/libswiftDarwin.dylib
Probing signature of /Users/user2/Library/Developer/Xcode/DerivedData/Hermes-gayrmdhfnqltfgffycgkcqztcdfv/Build/Products/Debug/Hermes.app/Contents/PlugIns/HermesTests.xctest/Contents/Frameworks/libswiftCoreFoundation.dylib
/usr/bin/codesign -r- --display /Users/user2/Library/Developer/Xcode/DerivedData/Hermes-gayrmdhfnqltfgffycgkcqztcdfv/Build/Products/Debug/Hermes.app/Contents/PlugIns/HermesTests.xctest/Contents/Frameworks/libswiftCoreFoundation.dylib
Probing signature of /Users/user2/Library/Developer/Xcode/DerivedData/Hermes-gayrmdhfnqltfgffycgkcqztcdfv/Build/Products/Debug/Hermes.app/Contents/PlugIns/HermesTests.xctest/Contents/Frameworks/libswiftObjectiveC.dylib
/usr/bin/codesign -r- --display /Users/user2/Library/Developer/Xcode/DerivedData/Hermes-gayrmdhfnqltfgffycgkcqztcdfv/Build/Products/Debug/Hermes.app/Contents/PlugIns/HermesTests.xctest/Contents/Frameworks/libswiftObjectiveC.dylib
Probing signature of /Users/user2/Library/Developer/Xcode/DerivedData/Hermes-gayrmdhfnqltfgffycgkcqztcdfv/Build/Products/Debug/Hermes.app/Contents/PlugIns/HermesTests.xctest/Contents/Frameworks/libswiftCoreImage.dylib
/usr/bin/codesign -r- --display /Users/user2/Library/Developer/Xcode/DerivedData/Hermes-gayrmdhfnqltfgffycgkcqztcdfv/Build/Products/Debug/Hermes.app/Contents/PlugIns/HermesTests.xctest/Contents/Frameworks/libswiftCoreImage.dylib
Probing signature of /Users/user2/Library/Developer/Xcode/DerivedData/Hermes-gayrmdhfnqltfgffycgkcqztcdfv/Build/Products/Debug/Hermes.app/Contents/PlugIns/HermesTests.xctest/Contents/Frameworks/libswiftsimd.dylib
/usr/bin/codesign -r- --display /Users/user2/Library/Developer/Xcode/DerivedData/Hermes-gayrmdhfnqltfgffycgkcqztcdfv/Build/Products/Debug/Hermes.app/Contents/PlugIns/HermesTests.xctest/Contents/Frameworks/libswiftsimd.dylib
Probing signature of /Users/user2/Library/Developer/Xcode/DerivedData/Hermes-gayrmdhfnqltfgffycgkcqztcdfv/Build/Products/Debug/Hermes.app/Contents/PlugIns/HermesTests.xctest/Contents/Frameworks/libswiftDispatch.dylib
/usr/bin/codesign -r- --display /Users/user2/Library/Developer/Xcode/DerivedData/Hermes-gayrmdhfnqltfgffycgkcqztcdfv/Build/Products/Debug/Hermes.app/Contents/PlugIns/HermesTests.xctest/Contents/Frameworks/libswiftDispatch.dylib
Code signature of /Users/user2/Library/Developer/Xcode/DerivedData/Hermes-gayrmdhfnqltfgffycgkcqztcdfv/Build/Products/Debug/Hermes.app/Contents/PlugIns/HermesTests.xctest/Contents/Frameworks/libswiftDarwin.dylib is unchanged; keeping original
Code signature of /Users/user2/Library/Developer/Xcode/DerivedData/Hermes-gayrmdhfnqltfgffycgkcqztcdfv/Build/Products/Debug/Hermes.app/Contents/PlugIns/HermesTests.xctest/Contents/Frameworks/libswiftCoreFoundation.dylib is unchanged; keeping original
Code signature of /Users/user2/Library/Developer/Xcode/DerivedData/Hermes-gayrmdhfnqltfgffycgkcqztcdfv/Build/Products/Debug/Hermes.app/Contents/PlugIns/HermesTests.xctest/Contents/Frameworks/libswiftObjectiveC.dylib is unchanged; keeping original
Code signature of /Users/user2/Library/Developer/Xcode/DerivedData/Hermes-gayrmdhfnqltfgffycgkcqztcdfv/Build/Products/Debug/Hermes.app/Contents/PlugIns/HermesTests.xctest/Contents/Frameworks/libswiftCoreImage.dylib is unchanged; keeping original
Code signature of /Users/user2/Library/Developer/Xcode/DerivedData/Hermes-gayrmdhfnqltfgffycgkcqztcdfv/Build/Products/Debug/Hermes.app/Contents/PlugIns/HermesTests.xctest/Contents/Frameworks/libswiftsimd.dylib is unchanged; keeping original
Code signature of /Users/user2/Library/Developer/Xcode/DerivedData/Hermes-gayrmdhfnqltfgffycgkcqztcdfv/Build/Products/Debug/Hermes.app/Contents/PlugIns/HermesTests.xctest/Contents/Frameworks/libswiftDispatch.dylib is unchanged; keeping original
Probing signature of /Users/user2/Library/Developer/Xcode/DerivedData/Hermes-gayrmdhfnqltfgffycgkcqztcdfv/Build/Products/Debug/Hermes.app/Contents/PlugIns/HermesTests.xctest/Contents/Frameworks/libswift_Concurrency.dylib
/usr/bin/codesign -r- --display /Users/user2/Library/Developer/Xcode/DerivedData/Hermes-gayrmdhfnqltfgffycgkcqztcdfv/Build/Products/Debug/Hermes.app/Contents/PlugIns/HermesTests.xctest/Contents/Frameworks/libswift_Concurrency.dylib
Code signature of /Users/user2/Library/Developer/Xcode/DerivedData/Hermes-gayrmdhfnqltfgffycgkcqztcdfv/Build/Products/Debug/Hermes.app/Contents/PlugIns/HermesTests.xctest/Contents/Frameworks/libswift_Concurrency.dylib is unchanged; keeping original

ProcessInfoPlistFile /Users/user2/Library/Developer/Xcode/DerivedData/Hermes-gayrmdhfnqltfgffycgkcqztcdfv/Build/Products/Debug/Hermes.app/Contents/PlugIns/HermesTests.xctest/Contents/Info.plist /Users/user2/Library/Developer/Xcode/DerivedData/Hermes-gayrmdhfnqltfgffycgkcqztcdfv/Build/Intermediates.noindex/Hermes.build/Debug/HermesTests.build/empty-HermesTests.plist (in target 'HermesTests' from project 'Hermes')
    cd /Users/user2/Downloads/PersonalProgAppsWorking/Hermes-master
    builtin-infoPlistUtility /Users/user2/Library/Developer/Xcode/DerivedData/Hermes-gayrmdhfnqltfgffycgkcqztcdfv/Build/Intermediates.noindex/Hermes.build/Debug/HermesTests.build/empty-HermesTests.plist -producttype com.apple.product-type.bundle.unit-test -expandbuildsettings -platform macosx -o /Users/user2/Library/Developer/Xcode/DerivedData/Hermes-gayrmdhfnqltfgffycgkcqztcdfv/Build/Products/Debug/Hermes.app/Contents/PlugIns/HermesTests.xctest/Contents/Info.plist

CodeSign /Users/user2/Library/Developer/Xcode/DerivedData/Hermes-gayrmdhfnqltfgffycgkcqztcdfv/Build/Products/Debug/Hermes.app/Contents/PlugIns/HermesTests.xctest (in target 'HermesTests' from project 'Hermes')
    cd /Users/user2/Downloads/PersonalProgAppsWorking/Hermes-master
    
    Signing Identity:     "Apple Development: David Seto (QN66F622R4)"
    
    /usr/bin/codesign --force --sign 7A8F39217C1F3C5B0073284622261E2CDF4234C7 --timestamp\=none --generate-entitlement-der /Users/user2/Library/Developer/Xcode/DerivedData/Hermes-gayrmdhfnqltfgffycgkcqztcdfv/Build/Products/Debug/Hermes.app/Contents/PlugIns/HermesTests.xctest

CodeSign /Users/user2/Library/Developer/Xcode/DerivedData/Hermes-gayrmdhfnqltfgffycgkcqztcdfv/Build/Products/Debug/Hermes.app (in target 'Hermes' from project 'Hermes')
    cd /Users/user2/Downloads/PersonalProgAppsWorking/Hermes-master
    
    Signing Identity:     "Sign to Run Locally"
    
    /usr/bin/codesign --force --sign - -o runtime --entitlements /Users/user2/Library/Developer/Xcode/DerivedData/Hermes-gayrmdhfnqltfgffycgkcqztcdfv/Build/Intermediates.noindex/Hermes.build/Debug/Hermes.build/Hermes.app.xcent --timestamp\=none --generate-entitlement-der /Users/user2/Library/Developer/Xcode/DerivedData/Hermes-gayrmdhfnqltfgffycgkcqztcdfv/Build/Products/Debug/Hermes.app
/Users/user2/Library/Developer/Xcode/DerivedData/Hermes-gayrmdhfnqltfgffycgkcqztcdfv/Build/Products/Debug/Hermes.app: replacing existing signature

Validate /Users/user2/Library/Developer/Xcode/DerivedData/Hermes-gayrmdhfnqltfgffycgkcqztcdfv/Build/Products/Debug/Hermes.app (in target 'Hermes' from project 'Hermes')
    cd /Users/user2/Downloads/PersonalProgAppsWorking/Hermes-master
    builtin-validationUtility /Users/user2/Library/Developer/Xcode/DerivedData/Hermes-gayrmdhfnqltfgffycgkcqztcdfv/Build/Products/Debug/Hermes.app -no-validate-extension -infoplist-subpath Contents/Info.plist

RegisterWithLaunchServices /Users/user2/Library/Developer/Xcode/DerivedData/Hermes-gayrmdhfnqltfgffycgkcqztcdfv/Build/Products/Debug/Hermes.app (in target 'Hermes' from project 'Hermes')
    cd /Users/user2/Downloads/PersonalProgAppsWorking/Hermes-master
    /System/Library/Frameworks/CoreServices.framework/Versions/Current/Frameworks/LaunchServices.framework/Versions/Current/Support/lsregister -f -R -trusted /Users/user2/Library/Developer/Xcode/DerivedData/Hermes-gayrmdhfnqltfgffycgkcqztcdfv/Build/Products/Debug/Hermes.app

note: Disabling previews because SWIFT_VERSION is set and SWIFT_OPTIMIZATION_LEVEL=-O, expected -Onone (in target 'HermesTests' from project 'Hermes')
warning: Skipping duplicate build file in Compile Sources build phase: /Users/user2/Downloads/PersonalProgAppsWorking/Hermes-master/HermesTests/StationsControllerTests.m (in target 'HermesTests' from project 'Hermes')
2025-11-22 14:33:34.387 xcodebuild[10075:4505898] [MT] IDETesting: Failed to construct test run summaries and write them to the result bundle: fileSystemFailure(reason: "mkstemp: No such file or directory")
2025-11-22 14:33:34.389 xcodebuild[10075:4505898] [MT] IDETestOperationsObserverDebug: 145.323 elapsed -- Testing started completed.
2025-11-22 14:33:34.389 xcodebuild[10075:4505898] [MT] IDETestOperationsObserverDebug: 0.000 sec, +0.000 sec -- start
2025-11-22 14:33:34.389 xcodebuild[10075:4505898] [MT] IDETestOperationsObserverDebug: 145.323 sec, +145.323 sec -- end
2025-11-22 14:33:34.536 xcodebuild[10075:4505898] [MT] IDEResultKit: Warning: While writing a result bundle to /Users/user2/Library/Developer/Xcode/DerivedData/Hermes-gayrmdhfnqltfgffycgkcqztcdfv/Logs/Test/Test-Hermes-2025.11.22_14-31-00--0800.xcresult, not all contents have been imported, as the Staging directory still contains the following files/directories: ["1_Test"]
2025-11-22 14:33:34.540 xcodebuild[10075:4505898] [MT] IDETesting: Result bundle saving failed with error: Error Domain=IDEFoundationErrorDomain Code=12 "The result bundle could not be saved due to multiple errors: failed to import activity log, underlying error: fileSystemFailure(reason: "mkstemp: No such file or directory"), The operation couldn’t be completed. (CASDB.FileBackedCASDatabase.Error error 0.)" UserInfo={NSLocalizedDescription=The result bundle could not be saved due to multiple errors: failed to import activity log, underlying error: fileSystemFailure(reason: "mkstemp: No such file or directory"), The operation couldn’t be completed. (CASDB.FileBackedCASDatabase.Error error 0.), NSUnderlyingError=0x114004970 {Error Domain=IDEFoundation.ResultBundleError Code=2 "failed to import activity log, underlying error: fileSystemFailure(reason: "mkstemp: No such file or directory")"}}.

Test session results, code coverage, and logs:
	/Users/user2/Library/Developer/Xcode/DerivedData/Hermes-gayrmdhfnqltfgffycgkcqztcdfv/Logs/Test/Test-Hermes-2025.11.22_14-31-00--0800.xcresult

Failing tests:
	-[AudioBufferManagerTests testCircularBuffering]
	-[AudioBufferManagerTests testCircularBuffering]
	-[AudioBufferManagerTests testCircularBuffering]
	-[AudioBufferManagerTests testCircularBuffering]
	-[AudioBufferManagerTests testCircularBuffering]
	-[AudioBufferManagerTests testCircularBuffering]
	-[AudioBufferManagerTests testCircularBuffering]
	-[AudioBufferManagerTests testCircularBuffering]
	-[AudioBufferManagerTests testCircularBuffering]
	-[AudioBufferManagerTests testCircularBuffering]
	-[AudioBufferManagerTests testCircularBuffering]
	-[AudioBufferManagerTests testCircularBuffering]
	-[AudioBufferManagerTests testCircularBuffering]
	-[AudioBufferManagerTests testCircularBuffering]
	-[AudioBufferManagerTests testCircularBuffering]
	-[AudioBufferManagerTests testCircularBuffering]
	-[AudioBufferManagerTests testCircularBuffering]

** TEST FAILED **

Testing started
Test suite 'AudioBufferManagerTests' started on 'My Mac - Hermes (10269)'
Test case '-[AudioBufferManagerTests testCircularBuffering]' failed on 'My Mac - Hermes (10269)' (0.138 seconds)
Test case '-[AudioBufferManagerTests testHandlePacketData_FillsBuffer]' passed on 'My Mac - Hermes (10269)' (0.001 seconds)
Test case '-[AudioBufferManagerTests testHandlePacketData_FlushesWhenFull]' passed on 'My Mac - Hermes (10269)' (0.001 seconds)
Test case '-[AudioBufferManagerTests testInitialization]' passed on 'My Mac - Hermes (10269)' (0.001 seconds)
Test case '-[AudioBufferManagerTests testReset]' passed on 'My Mac - Hermes (10269)' (0.001 seconds)
